02-09 15:17:25.291 I/GlobeKeyExtension(19996): GlobeKeyExtension.getKeyboardInitialStates():175 
02-09 15:17:25.291 W/Keyboard(19996): Keyboard.getKeyboardViewHelper():600 null helper is returned: keyboardDef=mjl{processedConditions={}, globalConditions={global_theme_key=theme,!gsf,!pgsans,!pgsf,!use_system_font,BORDER,FLAVOR_DPI=XXHDPI,GOOGLE_ICONS,KEYBOARD_WIDTH_CATEGORY=NORMAL,KEY_BORDER_SHAPE=1,LIGHT_THEME=false,PHYSICAL_DIAGONAL=6.1297245,POPUP,SCREEN_SHORTEST_WIDTH=411,SCREEN_SHORTEST_WIDTH_NO_SCALE=411,SW400DP,XXHDPI,bottom4dp,enable_emoji_kitchen_browse_color_v2=true,enable_google_fonts_icons=true,enable_popup_on_keypress=true,keyboard_redesign_google_sans=true,non_linear_scale,noshadow,overlay_builtin_dynamic_color_dark_base.binarypb:gm3-dark-ff0d0e12-ffbac5ee-2c17b68c1e2c11098976748f8f22233d,roundedchip,silkpopup, global_locale=en_US, global_density_dpi=420, global_orientation=1}, className=.latin.keyboard.AccessoryKeyboard, resourceIds=[#0x7f17004c], initialStates=0, keyboardViewDefs=[mka{direction=null, id=#0x7f0b0224, isScalable=false, layoutId=#0x7f0e0032, type=FLOATING_CANDIDATES, touchable=true, defaultShow=false}], persistentStates=0, persistentStatesPrefKey=null, popupBubbleLayoutId=#0x7f0e05f0, recentKeyLayoutId=0, recentKeyPopupLayoutId=0, recentKeyType=null, rememberRecentKey=NONE, sessionStates=0}, type=HEADER, helpersCreated=[null, null, lvx@bf329b1, null], context.getResources().getConfiguration(): {1.0 ?mcc0mnc [en_US] ldltr sw411dp w411dp h914dp 420dpi nrml long compactNeeded port night finger qwerty/v/v dpad/v winConfig={ mBounds=Rect(0, 0 - 1080, 2400) mAppBounds=Rect(0, 0 - 1080, 2400) mMaxBounds=Rect(0, 0 - 1080, 2400) mDisplayRotation=ROTATION_0 mWindowingMode=fullscreen mActivityType=undefined mAlwaysOnTop=undefined mRotation=ROTATION_0} s.6 fontWeightAdjustment=0}
02-09 15:17:25.291 W/Keyboard(19996): Keyboard.getKeyboardViewHelper():600 null helper is returned: keyboardDef=mjl{processedConditions={}, globalConditions={global_theme_key=theme,!gsf,!pgsans,!pgsf,!use_system_font,BORDER,FLAVOR_DPI=XXHDPI,GOOGLE_ICONS,KEYBOARD_WIDTH_CATEGORY=NORMAL,KEY_BORDER_SHAPE=1,LIGHT_THEME=false,PHYSICAL_DIAGONAL=6.1297245,POPUP,SCREEN_SHORTEST_WIDTH=411,SCREEN_SHORTEST_WIDTH_NO_SCALE=411,SW400DP,XXHDPI,bottom4dp,enable_emoji_kitchen_browse_color_v2=true,enable_google_fonts_icons=true,enable_popup_on_keypress=true,keyboard_redesign_google_sans=true,non_linear_scale,noshadow,overlay_builtin_dynamic_color_dark_base.binarypb:gm3-dark-ff0d0e12-ffbac5ee-2c17b68c1e2c11098976748f8f22233d,roundedchip,silkpopup, global_locale=en_US, global_density_dpi=420, global_orientation=1}, className=.latin.keyboard.AccessoryKeyboard, resourceIds=[#0x7f17004c], initialStates=0, keyboardViewDefs=[mka{direction=null, id=#0x7f0b0224, isScalable=false, layoutId=#0x7f0e0032, type=FLOATING_CANDIDATES, touchable=true, defaultShow=false}], persistentStates=0, persistentStatesPrefKey=null, popupBubbleLayoutId=#0x7f0e05f0, recentKeyLayoutId=0, recentKeyPopupLayoutId=0, recentKeyType=null, rememberRecentKey=NONE, sessionStates=0}, type=BODY, helpersCreated=[null, null, lvx@bf329b1, null], context.getResources().getConfiguration(): {1.0 ?mcc0mnc [en_US] ldltr sw411dp w411dp h914dp 420dpi nrml long compactNeeded port night finger qwerty/v/v dpad/v winConfig={ mBounds=Rect(0, 0 - 1080, 2400) mAppBounds=Rect(0, 0 - 1080, 2400) mMaxBounds=Rect(0, 0 - 1080, 2400) mDisplayRotation=ROTATION_0 mWindowingMode=fullscreen mActivityType=undefined mAlwaysOnTop=undefined mRotation=ROTATION_0} s.6 fontWeightAdjustment=0}
02-09 15:17:25.299 I/AndroidIME(19996): InputBundleManager.startInput():358 startInput() with mjw[keyboardType=accessory, payload=null]
02-09 15:17:25.300 I/GlobeKeyExtension(19996): GlobeKeyExtension.onActivate():120 
02-09 15:17:25.304 I/Delight5Decoder(19996): Delight5DecoderWrapper.setKeyboardLayout():537 setKeyboardLayout()
02-09 15:17:25.317 W/AutoPasteSuggestionHelper(19996): AutoPasteSuggestionHelper.setMaxWidthOfChipTextView():1066 Failed to get the width of the proactive suggestion view holder in HEADER.
02-09 15:17:25.320 W/AutoPasteSuggestionHelper(19996): AutoPasteSuggestionHelper.setMaxWidthOfChipTextView():1066 Failed to get the width of the proactive suggestion view holder in HEADER.
02-09 15:17:25.325 W/AutoPasteSuggestionHelper(19996): AutoPasteSuggestionHelper.setMaxWidthOfChipTextView():1066 Failed to get the width of the proactive suggestion view holder in WIDGET.
02-09 15:17:25.325 I/ProactiveSuggestionsHolderManager(19996): ProactiveSuggestionsHolderManager$2.display():216 Requesting to show proactive suggestions: CLIPBOARD PREEMPTIVE_WITH_SUPPRESSION in HEADER
02-09 15:17:25.326 I/ProactiveSuggestionsHolderManager(19996): ProactiveSuggestionsHolderManager$2.display():228 suggestions CLIPBOARD are pending to show on HEADER
02-09 15:17:25.326 I/ProactiveSuggestionsHolderManager(19996): ProactiveSuggestionsHolderManager$2.display():216 Requesting to show proactive suggestions: CLIPBOARD PREEMPTIVE_WITH_SUPPRESSION in FLOATING_CANDIDATES
02-09 15:17:25.326 I/ProactiveSuggestionsHolderManager(19996): ProactiveSuggestionsHolderManager$Holder.setSuggestionsAndShow():879 succeed to show proactive suggestions CLIPBOARD PREEMPTIVE_WITH_SUPPRESSION
02-09 15:17:25.326 I/ProactiveSuggestionsHolderManager(19996): ProactiveSuggestionsHolderManager$2.display():216 Requesting to show proactive suggestions: CLIPBOARD PREEMPTIVE_WITH_SUPPRESSION in WIDGET
02-09 15:17:25.326 I/ProactiveSuggestionsHolderManager(19996): ProactiveSuggestionsHolderManager$2.display():228 suggestions CLIPBOARD are pending to show on WIDGET
02-09 15:17:25.331 I/VoiceInputManagerWrapper(19996): VoiceInputManagerWrapper.cancelShutdown():109 cancelShutdown()
02-09 15:17:25.331 I/VoiceInputManagerWrapper(19996): VoiceInputManagerWrapper.syncLanguagePacks():121 syncLanguagePacks()
02-09 15:17:25.332 I/VoiceInputManager(19996): VoiceInputManager.onKeyboardActivated():1148 onKeyboardActivated() [UD]
02-09 15:17:25.333 I/SpeechFactory(19996): SpeechRecognitionFactory.maybeScheduleAutoPackDownloadForFallback():217 maybeScheduleAutoPackDownloadForFallback()
02-09 15:17:25.333 I/FallbackOnDeviceRecognitionProvider(19996): FallbackOnDeviceRecognitionProvider.maybeScheduleAutoPackDownload():199 maybeScheduleAutoPackDownload() for language tag en-US
02-09 15:17:25.334 I/PkModeUpdater(19996): PkModeUpdater.onActivate():74 onActivate false true
02-09 15:17:25.334 I/AccessoryInputModeManager(19996): AccessoryInputModeManager.onModeStarted():319 Accessory input mode started: STYLUS
02-09 15:17:25.335 W/ExtensionWrapper(19996): ExtensionWrapper.setAllowUpdateNavigationBarStyle():818 class jpp is not activate
02-09 15:17:25.335 I/WidgetViewShowingController(19996): WidgetViewShowingController.showWidgetKeyboardInternal():527 Show companion widget
02-09 15:17:25.356 W/ExtensionWrapper(19996): ExtensionWrapper.setAllowUpdateNavigationBarStyle():818 class jpp is not activate
02-09 15:17:25.357 I/WidgetViewShowingPositionHandler(19996): WidgetViewShowingPositionHandler.updateAvailableArea():194 update available area Rect(21, 84 - 1059, 2333)
02-09 15:17:25.359 W/NotificationCenter(19996): NotificationCenter$NotificationQueue.notifyPendingNotificationsOnExecutor():877 Heavy notify work detected on UI thread: [jri->jpm] takes 25ms
02-09 15:17:25.359 I/HardKeyTracker(19996): HardKeyTracker.registerKeySequence():170 Register key sequence nef{labelResId=2132020472, callback=gdc@c4d2fcd, lastModifier=2, keyCodes=[62], actions=[0]}
02-09 15:17:25.361 I/KeyboardHeightUtil(19996): KeyboardHeightUtil.calculateMaxKeyboardBodyHeight():50 leave 281 height for app when ime window height:2274, header height:116 and isFullscreenMode:false, so the max keyboard body height is:1877
02-09 15:17:25.361 I/KeyboardHeightUtil(19996): KeyboardHeightUtil.calculateMaxKeyboardBodyHeight():50 leave 281 height for app when ime window height:2274, header height:116 and isFullscreenMode:false, so the max keyboard body height is:1877
02-09 15:17:25.362 W/ExtensionWrapper(19996): ExtensionWrapper.setExtensionViewVisibility():809 interface lzc is not activate
02-09 15:17:25.366 I/Module  (19996): DeviceLockedStatusModuleProvider$Module.updateDeviceLockedStatus():100 repeatCheckTimes = 1, locked = false
02-09 15:17:25.367 I/VoiceImeExtension(19996): VoiceImeExtension.shouldStartVoiceInputAutomaticallyInCurrentInputBox():376 No private IME option set to start voice input.
02-09 15:17:25.368 D/ImeBackCallbackSender(19996): Register OnBackInvokedCallback with priority=-1 at app window (packageName=com.cybervpn.cybervpn_mobile.dev)
02-09 15:17:25.370 D/WindowOnBackDispatcher(25327): setTopOnBackInvokedCallback (unwrapped): android.view.ImeBackAnimationController@44878e2
02-09 15:17:25.371 D/CoreBackPreview(19040): Window{c266703 u0 com.cybervpn.cybervpn_mobile.dev/com.cybervpn.cybervpn_mobile.MainActivity}: Setting back callback OnBackInvokedCallbackInfo{mCallback=android.window.IOnBackInvokedCallback$Stub$Proxy@34a4160, mPriority=0, mIsAnimationCallback=true, mOverrideBehavior=0}
02-09 15:17:25.373 I/DeviceIntelligenceExtension(19996): DeviceIntelligenceExtension.getInlineSuggestionsRequest():257 Inline suggestions disabled in stylus mode or vertical PK/Voice toolbar
02-09 15:17:25.375 D/BoundBrokerSvc(20382): onBind: Intent { act=com.google.firebase.dynamiclinks.service.START xflg=0x4 pkg=com.google.android.gms }
02-09 15:17:25.375 D/BoundBrokerSvc(20382): Loading bound service for intent: Intent { act=com.google.firebase.dynamiclinks.service.START xflg=0x4 pkg=com.google.android.gms }
02-09 15:17:25.382 D/BackgroundInstallControlService(19040): Package event received: 0
02-09 15:17:25.478 I/GoogleInputMethodService(19996): GoogleInputMethodService$1.onKeyboardViewShown():324 onKeyboardViewShown: keyboardType=accessory, keyboardViewType=HEADER keyboardView=null
02-09 15:17:25.478 W/Keyboard(19996): Keyboard.getKeyboardViewHelper():600 null helper is returned: keyboardDef=mjl{processedConditions={}, globalConditions={}, className=com.google.android.libraries.inputmethod.keyboard.impl.Keyboard, resourceIds=[#0x7f17004d], initialStates=0, keyboardViewDefs=[], persistentStates=0, persistentStatesPrefKey=null, popupBubbleLayoutId=0, recentKeyLayoutId=0, recentKeyPopupLayoutId=0, recentKeyType=null, rememberRecentKey=NONE, sessionStates=0}, type=BODY, helpersCreated=[null, null, null, null], context.getResources().getConfiguration(): {1.0 ?mcc0mnc [en_US] ldltr sw411dp w411dp h914dp 420dpi nrml long compactNeeded port night finger qwerty/v/v dpad/v winConfig={ mBounds=Rect(0, 0 - 1080, 2400) mAppBounds=Rect(0, 0 - 1080, 2400) mMaxBounds=Rect(0, 0 - 1080, 2400) mDisplayRotation=ROTATION_0 mWindowingMode=fullscreen mActivityType=undefined mAlwaysOnTop=undefined mRotation=ROTATION_0} s.6 fontWeightAdjustment=0}
02-09 15:17:25.478 I/GoogleInputMethodService(19996): GoogleInputMethodService$1.onKeyboardViewShown():324 onKeyboardViewShown: keyboardType=accessory, keyboardViewType=BODY keyboardView=null
02-09 15:17:25.479 W/Keyboard(19996): Keyboard.getKeyboardViewHelper():600 null helper is returned: keyboardDef=mjl{processedConditions={}, globalConditions={}, className=com.google.android.libraries.inputmethod.keyboard.impl.Keyboard, resourceIds=[#0x7f17004d], initialStates=0, keyboardViewDefs=[], persistentStates=0, persistentStatesPrefKey=null, popupBubbleLayoutId=0, recentKeyLayoutId=0, recentKeyPopupLayoutId=0, recentKeyType=null, rememberRecentKey=NONE, sessionStates=0}, type=BODY, helpersCreated=[null, null, null, null], context.getResources().getConfiguration(): {1.0 ?mcc0mnc [en_US] ldltr sw411dp w411dp h914dp 420dpi nrml long compactNeeded port night finger qwerty/v/v dpad/v winConfig={ mBounds=Rect(0, 0 - 1080, 2400) mAppBounds=Rect(0, 0 - 1080, 2400) mMaxBounds=Rect(0, 0 - 1080, 2400) mDisplayRotation=ROTATION_0 mWindowingMode=fullscreen mActivityType=undefined mAlwaysOnTop=undefined mRotation=ROTATION_0} s.6 fontWeightAdjustment=0}
02-09 15:17:25.489 D/Bubbles (19566): BubbleController.BubblesImeListener.onImeVisibilityChanged visible=truerunnable=null stackView=null
02-09 15:17:25.492 W/TooltipLifecycleManager(19996): TooltipLifecycleManager.dismissTooltips():153 Tooltip with id spell_check_add_to_dictionary not found in tooltipManager.
02-09 15:17:25.516 D/BoundBrokerSvc(20382): onBind: Intent { act=com.google.android.mdd.service.START dat=chimera-action:/... xflg=0x4 cmp=com.google.android.gms/.chimera.GmsBoundBrokerService }
02-09 15:17:25.516 D/BoundBrokerSvc(20382): Loading bound service for intent: Intent { act=com.google.android.mdd.service.START dat=chimera-action:/... xflg=0x4 cmp=com.google.android.gms/.chimera.GmsBoundBrokerService }
02-09 15:17:25.530 W/InteractionJankMonitor(25327): Initializing without READ_DEVICE_CONFIG permission. enabled=false, interval=1, missedFrameThreshold=3, frameTimeThreshold=64, package=com.cybervpn.cybervpn_mobile.dev
02-09 15:17:25.533 D/FlutterJNI(25327): Sending viewport metrics to the engine.
02-09 15:17:25.552 D/FlutterJNI(25327): Sending viewport metrics to the engine.
02-09 15:17:25.559 D/FlutterJNI(25327): Sending viewport metrics to the engine.
02-09 15:17:25.574 D/FlutterJNI(25327): Sending viewport metrics to the engine.
02-09 15:17:25.608 D/FlutterJNI(25327): Sending viewport metrics to the engine.
02-09 15:17:25.624 D/FlutterJNI(25327): Sending viewport metrics to the engine.
02-09 15:17:25.642 D/FlutterJNI(25327): Sending viewport metrics to the engine.
02-09 15:17:25.647 W/FillRequestEventLogger(19040): Shouldn't be logging AutofillFillRequestReported again for same event
02-09 15:17:25.647 W/FillResponseEventLogger(19040): Shouldn't be logging AutofillFillRequestReported again for same event
02-09 15:17:25.647 W/PresentationStatsEventLogger(19040): Empty dataset. Autofill ignoring log
02-09 15:17:25.648 D/AutofillSession(19040): clearPendingIntentLocked
02-09 15:17:25.652 V/InlineSuggestionRenderService(19775): handleDestroySuggestionViews called for 0:532696835
02-09 15:17:25.661 D/FlutterJNI(25327): Sending viewport metrics to the engine.
02-09 15:17:25.666 D/BackgroundInstallControlService(19040): Package event received: 0
02-09 15:17:25.685 D/FlutterJNI(25327): Sending viewport metrics to the engine.
02-09 15:17:25.696 D/FlutterJNI(25327): Sending viewport metrics to the engine.
02-09 15:17:25.709 D/FlutterJNI(25327): Sending viewport metrics to the engine.
02-09 15:17:25.724 D/FlutterJNI(25327): Sending viewport metrics to the engine.
02-09 15:17:25.745 I/ImeTracker(25327): com.cybervpn.cybervpn_mobile.dev:bff33fb2: onShown
02-09 15:17:25.745 D/FlutterJNI(25327): Sending viewport metrics to the engine.
02-09 15:17:25.748 D/FlutterJNI(25327): Sending viewport metrics to the engine.
02-09 15:17:25.969 W/AS.PlaybackActivityMon(19040): No piid assigned for invalid/internal port id 14
02-09 15:17:25.990 D/AudioFlinger(18904): mixer(0x786884d4b790) throttle end: throttle time(36)
02-09 15:17:26.186 D/WindowOnBackDispatcher(25327): setTopOnBackInvokedCallback (unwrapped): io.flutter.embedding.android.FlutterActivity$1@6ce3c34
02-09 15:17:26.187 D/CoreBackPreview(19040): Window{c266703 u0 com.cybervpn.cybervpn_mobile.dev/com.cybervpn.cybervpn_mobile.MainActivity}: Setting back callback OnBackInvokedCallbackInfo{mCallback=android.window.IOnBackInvokedCallback$Stub$Proxy@d137666, mPriority=0, mIsAnimationCallback=true, mOverrideBehavior=0}
02-09 15:17:26.188 D/WindowOnBackDispatcher(25327): setTopOnBackInvokedCallback (unwrapped): android.view.ImeBackAnimationController@44878e2
02-09 15:17:26.188 D/CoreBackPreview(19040): Window{c266703 u0 com.cybervpn.cybervpn_mobile.dev/com.cybervpn.cybervpn_mobile.MainActivity}: Setting back callback OnBackInvokedCallbackInfo{mCallback=android.window.IOnBackInvokedCallback$Stub$Proxy@840ada7, mPriority=0, mIsAnimationCallback=true, mOverrideBehavior=0}
02-09 15:17:26.190 I/ImeTracker(25327): com.cybervpn.cybervpn_mobile.dev:8a39fcd5: onRequestHide at ORIGIN_CLIENT reason HIDE_SOFT_INPUT fromUser false
02-09 15:17:26.190 D/InsetsController(25327): hide(ime())
02-09 15:17:26.191 D/WindowOnBackDispatcher(25327): setTopOnBackInvokedCallback (unwrapped): android.app.Activity$$ExternalSyntheticLambda0@5287d28
02-09 15:17:26.191 D/InsetsController(25327): Setting requestedVisibleTypes to 503 (was 511)
02-09 15:17:26.191 D/CoreBackPreview(19040): Window{c266703 u0 com.cybervpn.cybervpn_mobile.dev/com.cybervpn.cybervpn_mobile.MainActivity}: Setting back callback OnBackInvokedCallbackInfo{mCallback=android.window.IOnBackInvokedCallback$Stub$Proxy@e9d0254, mPriority=-1, mIsAnimationCallback=false, mOverrideBehavior=0}
02-09 15:17:26.191 D/CompatChangeReporter(25327): Compat change id reported: 395521150; UID 10230; state: ENABLED
02-09 15:17:26.192 I/ImeTracker(19040): system_server:3d2b1195: onRequestShow at ORIGIN_SERVER reason IME_REQUESTED_CHANGED_LISTENER fromUser false
02-09 15:17:26.193 D/Bubbles (19566): BubbleController.BubblesImeListener.onImeVisibilityChanged visible=falserunnable=null stackView=null
02-09 15:17:26.195 W/TooltipLifecycleManager(19996): TooltipLifecycleManager.dismissTooltips():153 Tooltip with id SUGGESTION_VIEW_EDU_MINI_DIALOG not found in tooltipManager.
02-09 15:17:26.198 I/ImeTracker(19040): system_server:3d2b1195: onCancelled at PHASE_SERVER_ALREADY_VISIBLE
02-09 15:17:26.200 I/LatinIme(19996): LatinIme.resetInputContext():2250 resetInputContext(): reason=5, externalEditsInfo=ExternalEditsInfo{action=0, offset=-1, text=null, originalText=null, edits=null}
02-09 15:17:26.202 I/UndoStack(19996): UndoStack.offer$mayClearStack():167 InputContext OTHER_TEXT_CHANGE with content updates to clear undo
02-09 15:17:26.203 I/StylusModule(19996): StylusModule.onUpdateToolType():805 Update tool type = 2
02-09 15:17:26.219 D/FlutterJNI(25327): Sending viewport metrics to the engine.
02-09 15:17:26.223 D/FlutterJNI(25327): Sending viewport metrics to the engine.
02-09 15:17:26.227 I/ImeTracker(19040): system_server:427606ff: onRequestShow at ORIGIN_SERVER reason CONTROLS_CHANGED fromUser false
02-09 15:17:26.246 I/ImeTracker(25327): system_server:427606ff: onCancelled at PHASE_CLIENT_ON_CONTROLS_CHANGED
02-09 15:17:26.250 D/FlutterJNI(25327): Sending viewport metrics to the engine.
02-09 15:17:26.257 D/FlutterJNI(25327): Sending viewport metrics to the engine.
02-09 15:17:26.274 D/FlutterJNI(25327): Sending viewport metrics to the engine.
02-09 15:17:26.290 D/FlutterJNI(25327): Sending viewport metrics to the engine.
02-09 15:17:26.307 D/FlutterJNI(25327): Sending viewport metrics to the engine.
02-09 15:17:26.324 D/FlutterJNI(25327): Sending viewport metrics to the engine.
02-09 15:17:26.362 D/FlutterJNI(25327): Sending viewport metrics to the engine.
02-09 15:17:26.373 D/FlutterJNI(25327): Sending viewport metrics to the engine.
02-09 15:17:26.390 D/FlutterJNI(25327): Sending viewport metrics to the engine.
02-09 15:17:26.407 D/FlutterJNI(25327): Sending viewport metrics to the engine.
02-09 15:17:26.445 D/FlutterJNI(25327): Sending viewport metrics to the engine.
02-09 15:17:26.445 I/ImeTracker(19040): com.cybervpn.cybervpn_mobile.dev:8a39fcd5: onFailed at PHASE_WM_NOTIFY_HIDE_ANIMATION_FINISHED
02-09 15:17:26.445 D/FlutterJNI(25327): Sending viewport metrics to the engine.
02-09 15:17:26.448 I/GoogleInputMethodService(19996): GoogleInputMethodService.onFinishInputView():1543 onFinishInputView(false)
02-09 15:17:26.449 I/GlobeKeyExtension(19996): GlobeKeyExtension.onDeactivate():144 
02-09 15:17:26.453 I/VoiceInputManagerWrapper(19996): VoiceInputManagerWrapper.shutdown():131 shutdown()
02-09 15:17:26.453 I/HardKeyTracker(19996): HardKeyTracker.unregisterKeySequence():221 Unregister key sequence nef{labelResId=2132020472, callback=gdc@c4d2fcd, lastModifier=2, keyCodes=[62], actions=[0]}
02-09 15:17:26.453 W/ExtensionWrapper(19996): ExtensionWrapper.setAllowUpdateNavigationBarStyle():818 class jpp is not activate
02-09 15:17:26.455 W/ExtensionWrapper(19996): ExtensionWrapper.setAllowUpdateNavigationBarStyle():818 class jpp is not activate
02-09 15:17:26.456 W/TooltipLifecycleManager(19996): TooltipLifecycleManager.dismissTooltips():153 Tooltip with id spell_check_add_to_dictionary not found in tooltipManager.
02-09 15:17:26.457 I/InputBundle(19996): InputBundle.consumeEvent():1011 Skip consuming an event as keyboard status is INACTIVE
02-09 15:17:26.460 E/native  (19996): E0000 00:00:1770650246.456650   19996 key-correction-manager.cc:349] User feature cache is not ready for key correction!
02-09 15:17:26.461 I/AndroidIME(19996): AbstractIme.onDeactivate():216 LatinIme.onDeactivate()
02-09 15:17:26.461 W/ModuleManager(19996): ModuleManager.loadModule():573 Module nzs is not available
02-09 15:17:26.465 D/ImeBackCallbackSender(19996): Unregister OnBackInvokedCallback at app window (packageName=com.cybervpn.cybervpn_mobile.dev)
02-09 15:17:26.465 I/ImeTracker(19040): com.cybervpn.cybervpn_mobile.dev:8a39fcd5: onFinished on previously finished token at PHASE_NOT_SET with STATUS_SUCCESS
02-09 15:17:26.465 I/ImeTracker(19996): com.cybervpn.cybervpn_mobile.dev:8a39fcd5: onHidden
02-09 15:17:26.466 W/TooltipLifecycleManager(19996): TooltipLifecycleManager.dismissTooltips():153 Tooltip with id SUGGESTION_VIEW_EDU_MINI_DIALOG not found in tooltipManager.
02-09 15:17:26.467 I/GoogleInputMethodService(19996): GoogleInputMethodService.onStartInput():1318 onStartInput(EditorInfo{EditorInfo{packageName=com.cybervpn.cybervpn_mobile.dev, inputType=0, inputTypeString=NULL, enableLearning=false, autoCorrection=false, autoComplete=false, imeOptions=0, privateImeOptions=null, actionName=UNSPECIFIED, actionLabel=null, initialSelStart=-1, initialSelEnd=-1, initialCapsMode=0, label=null, fieldId=0, fieldName=null, extras=null, hintText=null, hintLocales=[]}}, true)
02-09 15:17:26.467 W/SessionManager(19996): SessionManager.beginSession():53 Try to begin an already begun session [INPUT_SESSION], end it first
02-09 15:17:26.468 I/Module  (19996): DeviceLockedStatusModuleProvider$Module.updateDeviceLockedStatus():100 repeatCheckTimes = 1, locked = false
02-09 15:17:26.468 W/PackageConfigPersister(19040): App-specific configuration not found for packageName: com.cybervpn.cybervpn_mobile.dev and userId: 0
02-09 15:17:26.978 I/ImeTracker(19040): system_server:350545f8: onRequestHide at ORIGIN_SERVER reason IME_REQUESTED_CHANGED_LISTENER fromUser false
02-09 15:17:26.978 I/ImeTracker(19040): system_server:350545f8: onCancelled at PHASE_SERVER_SHOULD_HIDE
02-09 15:17:26.986 D/InetDiagMessage(19040): Destroyed 0 sockets, proto=IPPROTO_TCP, family=AF_INET, states=14
02-09 15:17:26.987 D/InetDiagMessage(19040): Destroyed 0 sockets, proto=IPPROTO_TCP, family=AF_INET6, states=14
02-09 15:17:26.987 D/InetDiagMessage(19040): Destroyed live tcp sockets for uids={10159} in 1ms
02-09 15:17:26.988 D/InetDiagMessage(19040): Destroyed 0 sockets, proto=IPPROTO_TCP, family=AF_INET, states=14
02-09 15:17:26.989 D/InetDiagMessage(19040): Destroyed 0 sockets, proto=IPPROTO_TCP, family=AF_INET6, states=14
02-09 15:17:26.989 D/InetDiagMessage(19040): Destroyed live tcp sockets for uids={20159} in 1ms
02-09 15:17:27.183 W/AS.PlaybackActivityMon(19040): No piid assigned for invalid/internal port id 14
02-09 15:17:27.381 I/ActivityManager(19040): Test idle passed
02-09 15:17:27.519 I/system_server(19040): Background concurrent mark compact GC freed 5585KB AllocSpace bytes, 21(400KB) LOS objects, 42% free, 31MB/55MB, paused 1.758ms,2.360ms total 137.971ms
02-09 15:17:27.522 I/AiAiTextClassifier(20149): onDestroyTextClassificationSession = TextClassificationSessionId {ddafdcb0-1920-4bcd-8beb-ee24e30c5ddc}
02-09 15:17:27.677 I/HalDevMgr(19040): bestIfaceCreationProposal is null, requestIface=STA, existingIface=[name=wlan0 type=STA]
02-09 15:17:28.457 W/AS.PlaybackActivityMon(19040): No piid assigned for invalid/internal port id 14
02-09 15:17:28.735 I/ActivityManager(19040): Waited long enough for: ServiceRecord{b71f1d4 u0 com.google.android.gms/.statementservice.OperationService c:com.google.android.gms}
