02-09 15:17:15.261 V/ShellDesktopMode(19566): DesktopTasksController: handleRequest request=TransitionRequestInfo { type = OPEN, triggerTask = TaskInfo{userId=0 taskId=45 effectiveUid=10230 displayId=0 isRunning=true baseIntent=Intent { act=android.intent.action.MAIN cat=[android.intent.category.LAUNCHER] flg=0x10200000 cmp=com.cybervpn.cybervpn_mobile.dev/com.cybervpn.cybervpn_mobile.MainActivity } baseActivity=ComponentInfo{com.cybervpn.cybervpn_mobile.dev/com.cybervpn.cybervpn_mobile.MainActivity} topActivity=ComponentInfo{com.cybervpn.cybervpn_mobile.dev/com.cybervpn.cybervpn_mobile.MainActivity} origActivity=null realActivity=ComponentInfo{com.cybervpn.cybervpn_mobile.dev/com.cybervpn.cybervpn_mobile.MainActivity} numActivities=1 lastActiveTime=257454871 supportsMultiWindow=true resizeMode=1 isResizeable=true minWidth=-1 minHeight=-1 defaultMinSize=220 token=WCT{android.os.BinderProxy@33b0550} topActivityType=1 pictureInPictureParams=null shouldDockBigOverlays=false launchIntoPipHostTaskId=-1 lastParentTaskIdBeforePip=-1 displayCutoutSafeInsets=Rect(0, 0 - 0, 0) topActivityInfo=ActivityInfo{79fd349 com.cybervpn.cybervpn_mobile.MainActivity} launchCookies=[] positionInParent=Point(0, 0) parentTaskId=-1 isFocused=false isVisible=false isVisibleRequested=false isTopActivityNoDisplay=false isSleeping=false locusId=null displayAreaFeatureId=1 isTopActivityTransparent=false isActivityStackTransparent=false lastNonFullscreenBounds=null capturedLink=null capturedLinkTimestamp=0 requestedVisibleTypes=503 topActivityRequestOpenInBrowserEducationTimestamp=0 appCompatTaskInfo=AppCompatTaskInfo { topActivityInSizeCompat=false isLeafTask= true eligibleForLetterboxEducation= false isLetterboxEducationEnabled= true isLetterboxDoubleTapEnabled= false eligibleForUserAspectRatioButton= false topActivityBoundsLetterboxed= false isFromLetterboxDoubleTap= false topActivityLetterboxVerticalPosition= -1 topActivityLetterboxHorizontalPosition= -1 topActivityLetterboxWidth=-1 topActivityLetterboxHeight=-1 topActivityAppBounds=Rect(0, 0 - 1080, 2400) isUserFullscreenOverrideEnabled=false isSystemFullscreenOverrideEnabled=false hasMinAspectRatioOverride=false topActivityLetterboxBounds=null cameraCompatTaskInfo=CameraCompatTaskInfo { cameraCompatMode=undefinedundefined} topNonResizableActivityAspectRatio=-1.0} topActivityMainWindowFrame=null isAppBubble=false}, pipChange = null, remoteTransition = null, displayChange = null, requestedLocation = null, userChange = null, windowingLayerChange = null, flags = 0, debugId = 16 }
02-09 15:17:15.261 V/ShellDesktopMode(19566): DesktopTasksController: skipping handleRequest reason=triggerTask's display doesn't support desktop mode
02-09 15:17:15.264 I/Monkey  (25335): Events injected: 1
02-09 15:17:15.269 D/BaseActivity(19712): Launcher flags updated: [state_started|state_resumed|state_deferred_resumed|state_window_focused] -[state_user_active]
02-09 15:17:15.270 D/BaseActivity(19712): Launcher flags updated: [state_started|state_window_focused] -[state_resumed|state_deferred_resumed]
02-09 15:17:15.270 W/SplitSelectStateCtor(19712): Missing session instanceIds
02-09 15:17:15.270 D/StatsLog(19712): LAUNCHER_SPLIT_SELECTION_EXIT_INTERRUPTED
02-09 15:17:15.283 D/WindowManagerShell(19566): setLauncherKeepClearAreaHeight: visible=false, height=495
02-09 15:17:15.287 D/BackgroundInstallControlService(19040): Package event received: 0
02-09 15:17:15.303 V/WindowManager(19040): Defer transition id=16 for TaskFragmentTransaction=android.os.Binder@ce6f13a
02-09 15:17:15.308 D/Bubbles (19566): onLocusVisibilityChanged=Overview|ENABLED visible=false taskId=1
02-09 15:17:15.309 D/Bubbles (19566): onLocusVisibilityChanged=Overview|DISABLED visible=true taskId=1
02-09 15:17:15.311 D/CompatChangeReporter(19040): Compat change id reported: 377864165; UID 10230; state: ENABLED
02-09 15:17:15.313 V/WindowManager(19040): deferTransitionReady deferReadyDepth=1 stack=com.android.server.wm.TransitionController.deferTransitionReady:1061 com.android.server.wm.TaskFragmentOrganizerController$TaskFragmentOrganizerState.dispatchTransaction:517 com.android.server.wm.TaskFragmentOrganizerController.dispatchPendingEvents:1259 com.android.server.wm.TaskFragmentOrganizerController.dispatchPendingEvents:1228 com.android.server.wm.RootWindowContainer.performSurfacePlacement:777 
02-09 15:17:15.317 D/RecentsView(19712): onTaskDisplayChanged: 45, new displayId = 0
02-09 15:17:15.318 D/b/417220811(19712): invalidateLoadedTasks - previous requestLoadId: -1
02-09 15:17:15.326 I/Icing   (20382): Usage reports ok 0, Failed Usage reports 0, indexed 0, rejected 0
02-09 15:17:15.329 V/WindowManager(19040): Continue transition id=16 for TaskFragmentTransaction=android.os.Binder@ce6f13a
02-09 15:17:15.332 D/BackgroundInstallControlService(19040): Package event received: 0
02-09 15:17:15.334 V/WindowManager(19040): continueTransitionReady deferReadyDepth=0 stack=com.android.server.wm.TransitionController.continueTransitionReady:1071 com.android.server.wm.TaskFragmentOrganizerController$TaskFragmentOrganizerState.onTransactionFinished:546 com.android.server.wm.TaskFragmentOrganizerController.onTransactionHandled:740 android.window.ITaskFragmentOrganizerController$Stub.onTransact:225 android.os.Binder.execTransactInternal:1473 
02-09 15:17:15.337 D/BackgroundInstallControlService(19040): Package event received: 0
02-09 15:17:15.337 I/Monkey  (25335): ## Network stats: elapsed time=108ms (0ms mobile, 0ms wifi, 108ms not connected)
02-09 15:17:15.344 I/app_process(25335): System.exit called, status: 0
02-09 15:17:15.344 I/AndroidRuntime(25335): VM exiting with result code 0.
02-09 15:17:15.347 D/BaseActivity(19712): Launcher flags updated: [state_started] -[state_window_focused]
02-09 15:17:15.390 I/EventHub(19040): Removing device Monkey touch due to epoll hang-up event.
02-09 15:17:15.390 I/EventHub(19040): Removed device: path=/dev/input/event14 name=Monkey touch id=18 fd=682 classes=TOUCH | TOUCH_MT
02-09 15:17:15.407 W/libbinder.IPCThreadState(18905): Sending oneway calls to frozen process.
02-09 15:17:15.417 I/InputReader(19040): Device removed: id=18, eventHubId=18, name='Monkey touch', descriptor='e1fe28b90f915c7d1febbd52c1ef84b3c4cbed9f', sources=TOUCHSCREEN
02-09 15:17:15.438 I/Icing   (20382): Indexing com.google.android.gms-apps from com.google.android.gms
02-09 15:17:15.441 D/b/417220811(19712): invalidateLoadedTasks - previous requestLoadId: -1
02-09 15:17:15.446 I/EventHub(19040): Removing device '/dev/input/event14' due to inotify event
02-09 15:17:15.446 V/ShellDesktopMode(19566): DesktopDisplayModeController: canDesktopFirstModeBeEnabledOnDefaultDisplay: isDefaultDisplayDesktopEligible=false
02-09 15:17:15.449 D/NavigationModeController(19566): getCurrentUserContext: contextUser=0 currentUser=0
02-09 15:17:15.451 I/PkDeviceHelper(19996): PkDeviceHelper.refreshDevices():93 refreshing devices
02-09 15:17:15.453 I/PkDeviceHelper(19996): PkDeviceHelper.addDevice():133 device qwerty2 added
02-09 15:17:15.458 I/PkDeviceHelper(19996): PkDeviceHelper.addDevice():133 device AT Translated Set 2 keyboard added
02-09 15:17:15.468 W/PermissionService(19040): getPermissionFlags: Unknown user -1
02-09 15:17:15.468 W/PermissionService(19040): getPermissionFlags: Unknown user -1
02-09 15:17:15.468 W/rvpn_mobile.dev(25327): Verification of void io.sentry.android.core.AndroidOptionsInitializer.installDefaultIntegrations(android.content.Context, io.sentry.android.core.SentryAndroidOptions, io.sentry.android.core.BuildInfoProvider, io.sentry.util.LoadClass, io.sentry.android.core.ActivityFramesTracker, boolean, boolean, boolean, boolean) took 112.626ms (2193.10 bytecodes/s) (0B arena alloc)
02-09 15:17:15.482 V/WindowManager(19040): Sent Transition (#16) createdAt=02-09 15:17:15.244 via request=TransitionRequestInfo { type = OPEN, triggerTask = TaskInfo{userId=0 taskId=45 effectiveUid=10230 displayId=0 isRunning=true baseIntent=Intent { act=android.intent.action.MAIN cat=[android.intent.category.LAUNCHER] flg=0x10200000 cmp=com.cybervpn.cybervpn_mobile.dev/com.cybervpn.cybervpn_mobile.MainActivity } baseActivity=ComponentInfo{com.cybervpn.cybervpn_mobile.dev/com.cybervpn.cybervpn_mobile.MainActivity} topActivity=ComponentInfo{com.cybervpn.cybervpn_mobile.dev/com.cybervpn.cybervpn_mobile.MainActivity} origActivity=null realActivity=ComponentInfo{com.cybervpn.cybervpn_mobile.dev/com.cybervpn.cybervpn_mobile.MainActivity} numActivities=1 lastActiveTime=257454871 supportsMultiWindow=true resizeMode=1 isResizeable=true minWidth=-1 minHeight=-1 defaultMinSize=220 token=WCT{RemoteToken{d5cdb60 Task{9e7002e #45 type=standard I=com.cybervpn.cybervpn_mobile.dev/com.cybervpn.cybervpn_mobile.MainActivity}}} topActivityType=1 pictureInPictureParams=null shouldDockBigOverlays=false launchIntoPipHostTaskId=-1 lastParentTaskIdBeforePip=-1 displayCutoutSafeInsets=Rect(0, 0 - 0, 0) topActivityInfo=ActivityInfo{7a0d819 com.cybervpn.cybervpn_mobile.MainActivity} launchCookies=[] positionInParent=Point(0, 0) parentTaskId=-1 isFocused=false isVisible=false isVisibleRequested=false isTopActivityNoDisplay=false isSleeping=false locusId=null displayAreaFeatureId=1 isTopActivityTransparent=false isActivityStackTransparent=false lastNonFullscreenBounds=null capturedLink=null capturedLinkTimestamp=0 requestedVisibleTypes=503 topActivityRequestOpenInBrowserEducationTimestamp=0 appCompatTaskInfo=AppCompatTaskInfo { topActivityInSizeCompat=false isLeafTask= true eligibleForLetterboxEducation= false isLetterboxEducationEnabled= true isLetterboxDoubleTapEnabled= false eligibleForUserAspectRatioButton= false topActivityBoundsLetterboxed= false isFromLetterboxDoubleTap= false topActivityLetterboxVerticalPosition= -1 topActivityLetterboxHorizontalPosition= -1 topActivityLetterboxWidth=-1 topActivityLetterboxHeight=-1 topActivityAppBounds=Rect(0, 0 - 1080, 2400) isUserFullscreenOverrideEnabled=false isSystemFullscreenOverrideEnabled=false hasMinAspectRatioOverride=false topActivityLetterboxBounds=null cameraCompatTaskInfo=CameraCompatTaskInfo { cameraCompatMode=undefinedundefined} topNonResizableActivityAspectRatio=-1.0} topActivityMainWindowFrame=null isAppBubble=false}, pipChange = null, remoteTransition = null, displayChange = null, requestedLocation = null, userChange = null, windowingLayerChange = null, flags = 0, debugId = 16 }
02-09 15:17:15.482 V/WindowManager(19040):     startWCT=WindowContainerTransaction { changes= {} hops= [] errorCallbackToken=null taskFragmentOrganizer=null }
02-09 15:17:15.482 V/WindowManager(19040):     info={id=16 t=OPEN f=0x0 trk=0 r=[0@Point(0, 0)] c=[
02-09 15:17:15.482 V/WindowManager(19040):         {WCT{RemoteToken{d5cdb60 Task{9e7002e #45 type=standard I=com.cybervpn.cybervpn_mobile.dev/com.cybervpn.cybervpn_mobile.MainActivity}}} m=OPEN f=NONE leash=Surface(name=Task=45#2167)/@0xe67e71d sb=Rect(0, 0 - 1080, 2400) eb=Rect(0, 0 - 1080, 2400) epz=Point(1080, 2400) d=0 taskParent=-1 winMode=1 userId=0},
02-09 15:17:15.482 V/WindowManager(19040):         {WCT{RemoteToken{6ab3a2 Task{7e6a97b #1 type=home}}} m=TO_BACK f=SHOW_WALLPAPER leash=Surface(name=Task=1#2019)/@0xa17e5d6 sb=Rect(0, 0 - 1080, 2400) eb=Rect(0, 0 - 1080, 2400) epz=Point(1080, 2400) d=0 taskParent=-1 winMode=1 userId=0},
02-09 15:17:15.482 V/WindowManager(19040):         {m=TO_BACK f=IS_WALLPAPER leash=Surface(name=WallpaperWindowToken{66cd9c3}#2036)/@0x141fd31 sb=Rect(0, 0 - 1080, 2400) eb=Rect(0, 0 - 1080, 2400) epz=Point(1080, 2400) d=0}
02-09 15:17:15.482 V/WindowManager(19040):     ]}
02-09 15:17:15.487 V/WindowManagerShell(19566): onTransitionReady(transaction=81776177317154)
02-09 15:17:15.487 V/WindowManagerShell(19566): onTransitionReady (#16) android.os.BinderProxy@7712f13: {id=16 t=OPEN f=0x0 trk=0 r=[0@Point(0, 0)] c=[
02-09 15:17:15.487 V/WindowManagerShell(19566):         {m=OPEN f=NONE leash=Surface(name=Task=45#2167)/@0x7dd177d sb=Rect(0, 0 - 1080, 2400) eb=Rect(0, 0 - 1080, 2400) epz=Point(1080, 2400) d=0 taskParent=-1 winMode=1 userId=0},
02-09 15:17:15.487 V/WindowManagerShell(19566):         {m=TO_BACK f=SHOW_WALLPAPER leash=Surface(name=Task=1#2019)/@0xdf94672 sb=Rect(0, 0 - 1080, 2400) eb=Rect(0, 0 - 1080, 2400) epz=Point(1080, 2400) d=0 taskParent=-1 winMode=1 userId=0},
02-09 15:17:15.487 V/WindowManagerShell(19566):         {m=TO_BACK f=IS_WALLPAPER leash=Surface(name=WallpaperWindowToken{66cd9c3}#2036)/@0x4c5eac3 sb=Rect(0, 0 - 1080, 2400) eb=Rect(0, 0 - 1080, 2400) epz=Point(1080, 2400) d=0}
02-09 15:17:15.487 V/WindowManagerShell(19566):     ]}
02-09 15:17:15.490 V/WindowManagerShell(19566): Playing animation for (#16) android.os.BinderProxy@7712f13@0
02-09 15:17:15.491 V/ShellRecents(19566): RecentsTransitionHandler.startAnimation: no controller found
02-09 15:17:15.494 V/ShellDesktopMode(19566): DesktopMixedTransitionHandler: No pending desktop transition
02-09 15:17:15.495 V/WindowManagerShell(19566): Transition doesn't have explicit remote, search filters for match for {id=16 t=OPEN f=0x0 trk=0 r=[0@Point(0, 0)] c=[{m=OPEN f=NONE leash=Surface(name=Task=45#2167)/@0x7dd177d sb=Rect(0, 0 - 1080, 2400) eb=Rect(0, 0 - 1080, 2400) epz=Point(1080, 2400) d=0 taskParent=-1 winMode=1 userId=0},{m=TO_BACK f=SHOW_WALLPAPER leash=Surface(name=Task=1#2019)/@0xdf94672 sb=Rect(0, 0 - 1080, 2400) eb=Rect(0, 0 - 1080, 2400) epz=Point(1080, 2400) d=0 taskParent=-1 winMode=1 userId=0},{m=TO_BACK f=IS_WALLPAPER leash=Surface(name=WallpaperWindowToken{66cd9c3}#2036)/@0x4c5eac3 sb=Rect(0, 0 - 1080, 2400) eb=Rect(0, 0 - 1080, 2400) epz=Point(1080, 2400) d=0}]}
02-09 15:17:15.495 V/WindowManagerShell(19566):  Checking filter Pair{{types=[] flags=0x0] notFlags=0x0 checks=[{atype=undefined independent=true modes=[CLOSE,TO_BACK] flags=IN_TASK_WITH_EMBEDDED_ACTIVITY mustBeTask=false order=ANY topActivity=null launchCookie=null taskFragmentToken=android.os.BinderProxy@e1efdac windowingMode=undefined isCrossDisplayMove=false}]} RemoteTransition { remoteTransition = android.window.IRemoteTransition$Stub$Proxy@334320f, appThread = android.app.IApplicationThread$Stub$Proxy@b14129c, debugName = overlayBackTransition }}
02-09 15:17:15.495 V/WindowManagerShell(19566):  Checking filter Pair{{types=[] flags=0x0] notFlags=0x0 checks=[{atype=dream independent=true modes=[OPEN,TO_FRONT] flags=NONE mustBeTask=false order=ANY topActivity=null launchCookie=null windowingMode=undefined isCrossDisplayMove=false},{atype=home independent=true modes=[CLOSE,TO_BACK] flags=NONE mustBeTask=false order=ANY topActivity=null launchCookie=null windowingMode=undefined isCrossDisplayMove=false}]} RemoteTransition { remoteTransition = android.window.IRemoteTransition$Stub$Proxy@5dfa4a5, appThread = android.app.IApplicationThread$Stub$Proxy@101907a, debugName = LauncherToDream }}
02-09 15:17:15.495 V/WindowManagerShell(19566):  Checking filter Pair{{types=[] flags=0x0] notFlags=0x100 checks=[{atype=home independent=true modes=[OPEN,TO_FRONT] flags=NONE mustBeTask=false order=TOP topActivity=ComponentInfo{com.google.android.apps.nexuslauncher/com.google.android.apps.nexuslauncher.NexusLauncherActivity} launchCookie=null windowingMode=undefined isCrossDisplayMove=false},{atype=standard independent=true modes=[CLOSE,TO_BACK] flags=NONE mustBeTask=false order=ANY topActivity=null launchCookie=null windowingMode=undefined isCrossDisplayMove=false},{NOT atype=undefined independent=true modes=[] flags=NONE mustBeTask=true order=ANY topActivity=null launchCookie=null customAnim=true windowingMode=undefined isCrossDisplayMove=false}]} RemoteTransition { remoteTransition = android.window.IRemoteTransition$Stub$Proxy@be02b, appThread = android.app.IApplicationThread$Stub$Proxy@f9dbc88, debugName = QuickstepLaunchHome }}
02-09 15:17:15.496 V/WindowManagerShell(19566):  Checking filter Pair{{types=[OPEN,TO_FRONT] flags=0x0] notFlags=0x0 checks=[{atype=standard independent=true modes=[OPEN,TO_FRONT] flags=NONE mustBeTask=true order=ANY topActivity=null launchCookie=null windowingMode=freeform isCrossDisplayMove=false}]} RemoteTransition { remoteTransition = android.window.IRemoteTransition$Stub$Proxy@d03c656, appThread = null, debugName = DesktopWindowLimitUnminimize }}
02-09 15:17:15.496 V/WindowManagerShell(19566):  Delegate animation for (#16) to null
02-09 15:17:15.496 V/WindowManagerShell(19566): start default transition animation, info = {id=16 t=OPEN f=0x0 trk=0 r=[0@Point(0, 0)] c=[{m=OPEN f=NONE leash=Surface(name=Task=45#2167)/@0x7dd177d sb=Rect(0, 0 - 1080, 2400) eb=Rect(0, 0 - 1080, 2400) epz=Point(1080, 2400) d=0 taskParent=-1 winMode=1 userId=0},{m=TO_BACK f=SHOW_WALLPAPER leash=Surface(name=Task=1#2019)/@0xdf94672 sb=Rect(0, 0 - 1080, 2400) eb=Rect(0, 0 - 1080, 2400) epz=Point(1080, 2400) d=0 taskParent=-1 winMode=1 userId=0},{m=TO_BACK f=IS_WALLPAPER leash=Surface(name=WallpaperWindowToken{66cd9c3}#2036)/@0x4c5eac3 sb=Rect(0, 0 - 1080, 2400) eb=Rect(0, 0 - 1080, 2400) epz=Point(1080, 2400) d=0}]}
02-09 15:17:15.503 V/WindowManagerShell(19566): loadAnimation: anim=android.view.animation.AnimationSet@9157be animAttr=0x13 type=OPEN isEntrance=false
02-09 15:17:15.513 V/WindowManagerShell(19566): loadAnimation: anim=android.view.animation.AnimationSet@192701f animAttr=0x12 type=OPEN isEntrance=true
02-09 15:17:15.518 V/WindowManagerShell(19566):  animated by com.android.wm.shell.transition.DefaultTransitionHandler@69d4a2e
02-09 15:17:15.519 V/ShellTaskOrganizer(19566): Task appeared taskId=45 listener=FullscreenTaskListener
02-09 15:17:15.519 V/ShellTaskOrganizer(19566): Fullscreen Task Appeared: #45
02-09 15:17:15.523 D/b/417220811(19712): invalidateLoadedTasks - previous requestLoadId: -1
02-09 15:17:15.560 I/Icing   (20382): Indexing done com.google.android.gms-apps
02-09 15:17:15.562 I/Icing   (20382): Indexing com.google.android.gms-apps from com.google.android.gms
02-09 15:17:15.563 I/Icing   (20382): Indexing done com.google.android.gms-apps
02-09 15:17:15.600 I/HalDevMgr(19040): bestIfaceCreationProposal is null, requestIface=STA, existingIface=[name=wlan0 type=STA]
02-09 15:17:15.660 I/FirebaseApp(25327): Device unlocked: initializing all Firebase APIs for app [DEFAULT]
02-09 15:17:15.666 I/Finsky  (20533): [53] Current account updated in PVS
02-09 15:17:15.667 I/Finsky  (20533): [49] Current account updated in PVS
02-09 15:17:15.668 I/Finsky  (20533): [49] Current account updated in PVS
02-09 15:17:15.668 I/Finsky  (20533): [51] Current account updated in PVS
02-09 15:17:15.673 E/Finsky  (20533): [63] ItemStore: getItems RPC failed for item com.cybervpn.cybervpn_mobile.dev
02-09 15:17:15.676 E/Finsky  (20533): [60] ItemStore: getItems RPC failed for item com.cybervpn.cybervpn_mobile.dev
02-09 15:17:15.678 I/Finsky  (20533): [49] Current account updated in PVS
02-09 15:17:15.679 I/Finsky  (20533): [49] Current account updated in PVS
02-09 15:17:15.679 I/Finsky  (20533): [49] Current account updated in PVS
02-09 15:17:15.679 I/Finsky  (20533): [49] Current account updated in PVS
02-09 15:17:15.679 I/Finsky  (20533): [49] Current account updated in PVS
02-09 15:17:15.679 I/Finsky  (20533): [49] Current account updated in PVS
02-09 15:17:15.683 I/Finsky  (20533): [52] Current account updated in PVS
02-09 15:17:15.685 I/Finsky  (20533): [53] Current account updated in PVS
02-09 15:17:15.685 I/Finsky  (20533): [53] Current account updated in PVS
02-09 15:17:15.691 I/Finsky  (20533): [53] Current account updated in PVS
02-09 15:17:15.691 I/Finsky  (20533): [53] Current account updated in PVS
02-09 15:17:15.691 I/Finsky  (20533): [53] Current account updated in PVS
02-09 15:17:15.691 I/Finsky  (20533): [53] Current account updated in PVS
02-09 15:17:15.694 I/Finsky  (20533): [49] Current account updated in PVS
02-09 15:17:15.695 I/Finsky  (20533): [49] Current account updated in PVS
02-09 15:17:15.722 W/AiAiEcho(20149): LyftNotificationParser Ridesharing ETA not enabled
02-09 15:17:15.727 I/AiAiEcho(20149): SmartspaceNotificationPredictor no parser can handle this notification or notification is invalid
02-09 15:17:15.846 V/WindowManagerShell(19566): Transition animation finished (aborted=false), notifying core (#16) android.os.BinderProxy@7712f13@0
02-09 15:17:15.851 V/WindowManager(19040): Finish Transition (#16): created at 02-09 15:17:15.244 collect-started=0.05ms request-sent=9.521ms started=24.18ms ready=89.648ms sent=210.271ms commit=79.04ms finished=606.605ms
02-09 15:17:15.854 I/Finsky  (20533): [53] Current account updated in PVS
02-09 15:17:15.855 I/Finsky  (20533): [51] Current account updated in PVS
02-09 15:17:15.856 D/VRI[NexusLauncherActivity](19712): visibilityChanged oldVisibility=true newVisibility=false
02-09 15:17:15.860 V/WindowManagerShell(19566): Track 0 became idle
02-09 15:17:15.860 V/WindowManagerShell(19566): All active transition animations finished
02-09 15:17:15.868 I/Finsky  (20533): [49] WM::SCH: Logging work initialize for 12-1
02-09 15:17:15.868 I/Finsky  (20533): [51] Current account updated in PVS
02-09 15:17:15.869 I/Finsky  (20533): [51] Current account updated in PVS
02-09 15:17:15.870 D/WallpaperService(19566): onVisibilityChanged(false): com.android.systemui.wallpapers.ImageWallpaper$CanvasEngine@cb70b0a
02-09 15:17:15.871 D/Bubbles (19566): onLocusVisibilityChanged=Overview|DISABLED visible=false taskId=1
02-09 15:17:15.873 D/NexusLauncherModelDelegate(19712): notifySmartspaceEvent: SmartspaceTargetEvent{mSmartspaceTarget=null, mSmartspaceActionId='null', mEventType=7}
02-09 15:17:15.874 I/Finsky  (20533): [51] Current account updated in PVS
02-09 15:17:15.881 I/Finsky  (20533): [51] Current account updated in PVS
02-09 15:17:15.890 I/Finsky  (20533): [180] Current account updated in PVS
02-09 15:17:15.902 W/.apps.wellbeing(20097): Suspending all threads took: 29.264ms
02-09 15:17:15.906 I/Finsky  (20533): [53] Current account updated in PVS
02-09 15:17:15.915 I/Finsky  (20533): [51] Current account updated in PVS
02-09 15:17:15.915 I/Finsky  (20533): [53] Current account updated in PVS
02-09 15:17:15.915 I/Finsky  (20533): [49] WM::SCH: Logging work initialize for 12-1
02-09 15:17:15.915 I/Finsky  (20533): [52] Current account updated in PVS
02-09 15:17:15.915 I/Finsky  (20533): [53] Current account updated in PVS
02-09 15:17:15.918 I/Finsky  (20533): [52] Current account updated in PVS
02-09 15:17:15.919 I/Finsky  (20533): [180] Current account updated in PVS
02-09 15:17:15.922 I/Finsky  (20533): [59] SCH: Scheduling phonesky job Id: 12-1, CT: 1770650234480, Constraints: [{ L: 15000, D: 86400000, C: CHARGING_NONE, I: IDLE_NONE, N: NET_ANY, B: BATTERY_ANY }]
02-09 15:17:15.932 I/Finsky  (20533): [60] SCH: Scheduling 1 system job(s)
02-09 15:17:15.933 I/Finsky  (20533): [60] SCH: Scheduling system job Id: 9960, L: 13548, D: 57178252, C: false, I: false, N: 1
02-09 15:17:15.945 I/FirebaseInitProvider(25327): FirebaseApp initialization successful
02-09 15:17:15.964 W/libbinder.Binder(20097): Binder transaction to android.content.IContentProvider code 21 took 2362ms. Data bytes: 508 Reply bytes: 460 Flags: 18
02-09 15:17:15.967 I/Finsky  (20533): [63] SCH: Scheduling phonesky job Id: 12-1, CT: 1770650234726, Constraints: [{ L: 15000, D: 86400000, C: CHARGING_NONE, I: IDLE_NONE, N: NET_ANY, B: BATTERY_ANY }]
02-09 15:17:15.967 I/Finsky  (20533): [53] [ContentSync] finished, scheduled=true
02-09 15:17:15.968 I/Finsky  (20533): [53] Current account updated in PVS
02-09 15:17:15.973 I/Finsky  (20533): [55] SCH: Scheduling 0 system job(s)
02-09 15:17:15.973 I/Finsky  (20533): [55] [ContentSync] finished, scheduled=true
02-09 15:17:15.973 I/Finsky  (20533): [51] Current account updated in PVS
02-09 15:17:15.974 D/WellbeingModel(19712): ....actionId: pause, packages: com.cybervpn.cybervpn_mobile.dev
02-09 15:17:15.974 I/WellbeingModel(19712): retrieveActions(): finished
02-09 15:17:15.975 D/BackgroundInstallControlService(19040): Package event received: 0
02-09 15:17:16.001 D/FLTFireContextHolder(25327): received application context.
02-09 15:17:16.020 D/WM-WrkMgrInitializer(25327): Initializing WorkManager with default configuration.
02-09 15:17:16.074 I/lowmemorykiller(  282): Kill 'com.android.settings' (22418), uid 1000, oom_score_adj 955 to free 61308kB rss, 52300kB swap, 0kB dmabuf_pss, 0kB dmabuf_rss; reason: low watermark is breached
02-09 15:17:16.082 E/lowmemorykiller(  282): process_mrelease 22418 failed: No such process
02-09 15:17:16.085 W/rvpn_mobile.dev(25327): ClassLoaderContext classpath size mismatch. expected=1, found=0 (DLC[];PCL[base.apk*1390061875]{PCL[/system/framework/org.apache.http.legacy.jar*3808638674]#PCL[/system/framework/com.android.location.provider.jar*1880069816]#PCL[/system/framework/com.android.media.remotedisplay.jar*1838754544]#PCL[/system_ext/framework/androidx.window.extensions.jar*27366443]#PCL[/system_ext/framework/androidx.window.sidecar.jar*3917221785]} | DLC[];PCL[])
02-09 15:17:16.098 I/DynamiteModule(25327): Considering local module com.google.android.gms.measurement.dynamite:155 and remote module com.google.android.gms.measurement.dynamite:175
02-09 15:17:16.099 I/DynamiteModule(25327): Selected remote version of com.google.android.gms.measurement.dynamite, version >= 175
02-09 15:17:16.099 V/DynamiteModule(25327): Dynamite loader version >= 2, using loadModule2NoCrashUtils
02-09 15:17:16.117 W/System  (25327): ClassLoader referenced unknown path: 
02-09 15:17:16.117 D/nativeloader(25327): Configuring clns-10 for other apk . target_sdk_version=36, uses_libraries=, library_path=/data/app/~~Ri4OoI6S_XJsFiVFmMlgSA==/com.google.android.gms-nTpiuVu_Zh0lPX1I4eyBtA==/lib/x86_64:/data/app/~~Ri4OoI6S_XJsFiVFmMlgSA==/com.google.android.gms-nTpiuVu_Zh0lPX1I4eyBtA==/base.apk!/lib/x86_64, permitted_path=/data:/mnt/expand:/data/user/0/com.google.android.gms
02-09 15:17:16.123 I/Zygote  (18903): Process 22418 exited due to signal 9 (Killed)
02-09 15:17:16.136 I/MR2ServiceImpl(19040): unregisterManager | Manager com.android.settings (id=2,pid=22418,userId=0,uid=1000,targetPkg=null), user: 0, died: true
02-09 15:17:16.137 I/MR2ServiceImpl(19040): unregisterManager | Manager com.android.settings (id=1,pid=22418,userId=0,uid=1000,targetPkg=com.android.settings), user: 0, died: true
02-09 15:17:16.142 I/ActivityManager(19040): Process com.android.settings (pid 22418) has died: cch  +55 SVC 
02-09 15:17:16.144 I/libprocessgroup(19040): Removed cgroup /sys/fs/cgroup/system/uid_1000/pid_22418
02-09 15:17:16.156 W/ActivityManager(19040): Scheduling restart of crashed service com.android.settings/.SettingsDumpService in 4165936ms for start-requested
02-09 15:17:16.168 W/rvpn_mobile.dev(25327): ClassLoaderContext classpath element checksum mismatch. expected=1390061875, found=2770172448 (DLC[];PCL[base.apk*1390061875]{PCL[/system/framework/org.apache.http.legacy.jar*3808638674]#PCL[/system/framework/com.android.location.provider.jar*1880069816]#PCL[/system/framework/com.android.media.remotedisplay.jar*1838754544]#PCL[/system_ext/framework/androidx.window.extensions.jar*27366443]#PCL[/system_ext/framework/androidx.window.sidecar.jar*3917221785]} | DLC[];PCL[/data/app/~~2Gg0AT-cK4FtxeqiFAUw-Q==/com.cybervpn.cybervpn_mobile.dev-Jt5Qw_0cuD1KJtpGMVTlQg==/base.apk*2770172448]{PCL[/system_ext/framework/androidx.window.extensions.jar*27366443]#PCL[/system_ext/framework/androidx.window.sidecar.jar*3917221785]})
02-09 15:17:16.179 D/DesktopExperienceFlags(25327): Toggle override initialized to: false
02-09 15:17:16.251 D/WM-PackageManagerHelper(25327): Skipping component enablement for androidx.work.impl.background.systemjob.SystemJobService
02-09 15:17:16.251 D/WM-Schedulers(25327): Created SystemJobScheduler and enabled SystemJobService
02-09 15:17:16.298 I/rvpn_mobile.dev(25327): hiddenapi: Accessing hidden method Ldalvik/system/VMStack;->getStackClass2()Ljava/lang/Class; (runtime_flags=0, domain=core-platform, api=unsupported) from Lm7/aou; (domain=app, TargetSdkVersion=36) using reflection: allowed
02-09 15:17:16.302 I/PhenotypeResourceReader(19837): unable to find any Phenotype resource metadata for com.cybervpn.cybervpn_mobile.dev
02-09 15:17:16.333 D/WM-ForceStopRunnable(25327): The default process name was not specified.
02-09 15:17:16.335 D/WM-ForceStopRunnable(25327): Performing cleanup operations.
02-09 15:17:16.356 I/FA      (25327): App measurement disabled by setAnalyticsCollectionEnabled(false)
02-09 15:17:16.356 E/rvpn_mobile.dev(25327): No package ID 6a found for resource ID 0x6a0b0013.
02-09 15:17:16.359 E/ashmem  (25327): Pinning is deprecated since Android Q. Please use trim or other methods.
02-09 15:17:16.374 I/FA      (25327): App measurement initialized, version: 151001
02-09 15:17:16.374 I/FA      (25327): To enable debug logging run: adb shell setprop log.tag.FA VERBOSE
02-09 15:17:16.374 I/FA      (25327): To enable faster debug mode event logging run:
02-09 15:17:16.374 I/FA      (25327):   adb shell setprop debug.firebase.analytics.app com.cybervpn.cybervpn_mobile.dev
02-09 15:17:16.407 D/BackgroundInstallControlService(19040): Package event received: 0
02-09 15:17:16.423 I/DisplayManager(25327): Choreographer implicitly registered for the refresh rate.
02-09 15:17:16.432 D/WM-ForceStopRunnable(25327): Application was force-stopped, rescheduling.
02-09 15:17:16.500 D/BackgroundInstallControlService(19040): Package event received: 0
02-09 15:17:16.503 I/ResourceExtractor(25327): Found extracted resources res_timestamp-1-1770649464134
02-09 15:17:16.505 I/ResourceExtractor(25327): Resource version mismatch res_timestamp-1-1770650233407
02-09 15:17:16.505 D/BoundBrokerSvc(20382): onBind: Intent { act=com.google.android.gms.measurement.START xflg=0x4 pkg=com.google.android.gms }
02-09 15:17:16.505 D/BoundBrokerSvc(20382): Loading bound service for intent: Intent { act=com.google.android.gms.measurement.START xflg=0x4 pkg=com.google.android.gms }
02-09 15:17:16.506 D/FlutterJNI(25327): Beginning load of flutter...
02-09 15:17:16.531 I/lowmemorykiller(  282): Kill 'com.google.android.apps.photos' (22204), uid 10170, oom_score_adj 945 to free 48836kB rss, 74456kB swap, 0kB dmabuf_pss, 0kB dmabuf_rss; reason: low watermark is breached
02-09 15:17:16.550 E/lowmemorykiller(  282): process_mrelease 22204 failed: No such process
02-09 15:17:16.563 I/lowmemorykiller(  282): Kill 'com.google.android.webview:webview_apk' (24585), uid 10180, oom_score_adj 945 to free 64392kB rss, 41088kB swap, 0kB dmabuf_pss, 0kB dmabuf_rss; reason: low watermark is breached
02-09 15:17:16.564 I/Zygote  (18903): Process 22204 exited due to signal 9 (Killed)
02-09 15:17:16.565 I/ActivityManager(19040): Process com.google.android.apps.photos (pid 22204) has died: cch  +45 CEM 
02-09 15:17:16.575 D/ConnectivityService(19040): releasing NetworkRequest [ REQUEST id=186, [ Capabilities: INTERNET&NOT_RESTRICTED&TRUSTED&NOT_VCN_MANAGED&NOT_BANDWIDTH_CONSTRAINED Uid: 10170 RequestorUid: 10170 RequestorPkg: com.google.android.apps.photos UnderlyingNetworks: Null] ] (release request)
02-09 15:17:16.575 E/AppOps  (19040): Bad call made by uid 1000. Package "com.google.android.apps.photos" does not belong to uid 1000.
02-09 15:17:16.577 I/libprocessgroup(19040): Removed cgroup /sys/fs/cgroup/apps/uid_10170/pid_22204
02-09 15:17:16.580 I/Zygote  (18903): Process 24585 exited due to signal 9 (Killed)
02-09 15:17:16.581 W/BinderNative(19040): Uncaught exception from death notification
02-09 15:17:16.581 W/BinderNative(19040): java.lang.SecurityException: Specified package "com.google.android.apps.photos" under uid 1000 but it is not
02-09 15:17:16.581 W/BinderNative(19040): 	at com.android.server.appop.AppOpsService.verifyAndGetBypass(AppOpsService.java:5033)
02-09 15:17:16.581 W/BinderNative(19040): 	at com.android.server.appop.AppOpsService.verifyAndGetBypass(AppOpsService.java:4894)
02-09 15:17:16.581 W/BinderNative(19040): 	at com.android.server.appop.AppOpsService.verifyAndGetBypass(AppOpsService.java:4886)
02-09 15:17:16.581 W/BinderNative(19040): 	at com.android.server.appop.AppOpsService.stopWatchingAsyncNoted(AppOpsService.java:3816)
02-09 15:17:16.581 W/BinderNative(19040): 	at com.android.server.appop.AppOpsService.lambda$startWatchingAsyncNoted$8(AppOpsService.java:3792)
02-09 15:17:16.581 W/BinderNative(19040): 	at com.android.server.appop.AppOpsService.$r8$lambda$8-LvphSu5hQo1Pm8R22O3seI00E(AppOpsService.java:0)
02-09 15:17:16.581 W/BinderNative(19040): 	at com.android.server.appop.AppOpsService$$ExternalSyntheticLambda1.onInterfaceDied(R8$$SyntheticClass:0)
02-09 15:17:16.581 W/BinderNative(19040): 	at android.os.RemoteCallbackList$Builder$1.onCallbackDied(RemoteCallbackList.java:337)
02-09 15:17:16.581 W/BinderNative(19040): 	at android.os.RemoteCallbackList$Interface.binderDied(RemoteCallbackList.java:229)
02-09 15:17:16.581 W/BinderNative(19040): 	at android.os.IBinder$DeathRecipient.binderDied(IBinder.java:340)
02-09 15:17:16.581 W/BinderNative(19040): 	at android.os.BinderProxy.sendDeathNotice(BinderProxy.java:787)
02-09 15:17:16.600 I/ActivityManager(19040): Process com.google.android.webview:webview_apk (pid 24585) has died: cch  +45 CEM 
02-09 15:17:16.601 D/ActivityManager(19040): sync unfroze 24841 com.google.android.webview:webview_service for 33
02-09 15:17:16.603 I/libprocessgroup(19040): Removed cgroup /sys/fs/cgroup/apps/uid_10180/pid_24585
02-09 15:17:16.603 D/ActivityThread(24841): Package [com.cybervpn.cybervpn_mobile.dev] reported as REPLACED, but missing application info. Assuming REMOVED.
02-09 15:17:16.604 D/ActivityThread(24841): Package [com.cybervpn.cybervpn_mobile.dev] reported as REPLACED, but missing application info. Assuming REMOVED.
02-09 15:17:16.604 D/CompatChangeReporter(19040): Compat change id reported: 311208629; UID 10180; state: ENABLED
02-09 15:17:16.633 D/WM-PackageManagerHelper(25327): Skipping component enablement for androidx.work.impl.background.systemalarm.RescheduleReceiver
02-09 15:17:16.635 W/webview_service(24841): userfaultfd: MOVE ioctl seems unsupported: Connection timed out
02-09 15:17:16.660 D/nativeloader(24841): Load libstats_jni.so using APEX ns com_android_os_statsd for caller /apex/com.android.os.statsd/javalib/framework-statsd.jar: ok
02-09 15:17:16.680 I/lowmemorykiller(  282): Kill 'com.google.android.gms.unstable' (21504), uid 10155, oom_score_adj 935 to free 68716kB rss, 81560kB swap, 0kB dmabuf_pss, 0kB dmabuf_rss; reason: low watermark is breached
02-09 15:17:16.690 E/lowmemorykiller(  282): process_mrelease 21504 failed: No such process
02-09 15:17:16.725 I/ActivityManager(19040): Process com.google.android.gms.unstable (pid 21504) has died: cch  +35 CEM 
02-09 15:17:16.725 I/Zygote  (18903): Process 21504 exited due to signal 9 (Killed)
02-09 15:17:16.731 D/nativeloader(25327): Load /data/app/~~2Gg0AT-cK4FtxeqiFAUw-Q==/com.cybervpn.cybervpn_mobile.dev-Jt5Qw_0cuD1KJtpGMVTlQg==/base.apk!/lib/x86_64/libflutter.so using class loader ns clns-9 (caller=/data/app/~~2Gg0AT-cK4FtxeqiFAUw-Q==/com.cybervpn.cybervpn_mobile.dev-Jt5Qw_0cuD1KJtpGMVTlQg==/base.apk!classes21.dex): ok
02-09 15:17:16.734 I/libprocessgroup(19040): Removed cgroup /sys/fs/cgroup/apps/uid_10155/pid_21504
02-09 15:17:16.739 D/FlutterJNI(25327): flutter (null) was loaded normally!
02-09 15:17:16.809 I/GFXSTREAM(25327): [eglDisplay.cpp(297)] Opening libGLESv1_CM_emulation.so
02-09 15:17:16.811 I/GFXSTREAM(25327): [eglDisplay.cpp(297)] Opening libGLESv2_emulation.so
02-09 15:17:16.840 W/HWUI    (25327): Failed to choose config with EGL_SWAP_BEHAVIOR_PRESERVED, retrying without...
02-09 15:17:16.841 W/HWUI    (25327): Failed to initialize 101010-2 format, error = EGL_SUCCESS
02-09 15:17:17.375 I/ResourceExtractor(25327): Extracted baseline resource assets/flutter_assets/kernel_blob.bin
02-09 15:17:17.377 I/ResourceExtractor(25327): Extracted baseline resource assets/flutter_assets/vm_snapshot_data
02-09 15:17:17.453 I/ResourceExtractor(25327): Extracted baseline resource assets/flutter_assets/isolate_snapshot_data
02-09 15:17:17.457 D/FileUtils(19040): Rounded bytes from 2061066240 to 4000000000
02-09 15:17:17.563 W/rvpn_mobile.dev(25327): type=1400 audit(0.0:11527): avc:  denied  { read } for  name="max_map_count" dev="proc" ino=1063667 scontext=u:r:untrusted_app:s0:c230,c256,c512,c768 tcontext=u:object_r:proc_max_map_count:s0 tclass=file permissive=0 app=com.cybervpn.cybervpn_mobile.dev
02-09 15:17:17.708 I/flutter (25327): [IMPORTANT:flutter/shell/platform/android/android_context_gl_impeller.cc(104)] Using the Impeller rendering backend (OpenGLES).
02-09 15:17:17.749 D/DesktopModeFlags(25327): Toggle override initialized to: OVERRIDE_UNSET
02-09 15:17:18.139 I/lowmemorykiller(  282): Kill 'com.google.android.adservices.api' (24564), uid 10210, oom_score_adj 930 to free 60232kB rss, 40320kB swap, 0kB dmabuf_pss, 0kB dmabuf_rss; reason: low watermark is breached
02-09 15:17:18.156 E/lowmemorykiller(  282): process_mrelease 24564 failed: No such process
02-09 15:17:18.171 I/lowmemorykiller(  282): Kill 'com.google.android.apps.safetyhub' (25005), uid 10156, oom_score_adj 925 to free 84668kB rss, 52312kB swap, 0kB dmabuf_pss, 0kB dmabuf_rss; reason: low watermark is breached
02-09 15:17:18.174 I/ActivityManager(19040): Process com.google.android.adservices.api (pid 24564) has died: cch  +30 LAST
02-09 15:17:18.175 I/flutter (25327): The Dart VM service is listening on http://127.0.0.1:33957/ws-Wv_BFSsA=/
02-09 15:17:18.176 W/ActivityManager(19040): Scheduling restart of crashed service com.google.android.adservices.api/com.android.adservices.measurement.MeasurementService in 1000ms for connection
02-09 15:17:18.181 I/Zygote  (18903): Process 24564 exited due to signal 9 (Killed)
02-09 15:17:18.200 I/libprocessgroup(19040): Removed cgroup /sys/fs/cgroup/apps/uid_10210/pid_24564
02-09 15:17:18.211 I/ActivityManager(19040): Process com.google.android.apps.safetyhub (pid 25005) has died: cch  +25 CEM 
02-09 15:17:18.217 I/Zygote  (18903): Process 25005 exited due to signal 9 (Killed)
02-09 15:17:18.219 W/ActivityManager(19040): Rescheduling restart of crashed service com.google.android.adservices.api/com.android.adservices.measurement.MeasurementService in 29957ms for mem-pressure-event
02-09 15:17:18.227 I/libprocessgroup(19040): Removed cgroup /sys/fs/cgroup/apps/uid_10156/pid_25005
02-09 15:17:18.280 E/TaskPersister(19040): File error accessing recents directory (directory doesn't exist?).
02-09 15:17:18.419 I/lowmemorykiller(  282): Kill 'com.google.android.configupdater' (24890), uid 10143, oom_score_adj 925 to free 70300kB rss, 39996kB swap, 0kB dmabuf_pss, 0kB dmabuf_rss; reason: low watermark is breached
02-09 15:17:18.438 I/ActivityManager(19040): Process com.google.android.configupdater (pid 24890) has died: cch  +25 CEM 
02-09 15:17:18.439 I/Zygote  (18903): Process 24890 exited due to signal 9 (Killed)
02-09 15:17:18.440 I/lowmemorykiller(  282): Kill 'com.android.chrome' (22386), uid 10162, oom_score_adj 920 to free 53696kB rss, 41728kB swap, 0kB dmabuf_pss, 0kB dmabuf_rss; reason: low watermark is breached
02-09 15:17:18.443 W/lowmemorykiller(  282): Failed to open /proc/24890/task; errno=2: process pid(24890) might have died
02-09 15:17:18.443 E/lowmemorykiller(  282): process_mrelease 24890 failed: No such process
02-09 15:17:18.444 I/libprocessgroup(19040): Removed cgroup /sys/fs/cgroup/apps/uid_10143/pid_24890
02-09 15:17:18.445 E/lowmemorykiller(  282): process_mrelease 22386 failed: No such process
02-09 15:17:18.459 I/Zygote  (18903): Process 22386 exited due to signal 9 (Killed)
02-09 15:17:18.459 I/lowmemorykiller(  282): Kill 'com.android.vending' (20533), uid 10153, oom_score_adj 915 to free 115344kB rss, 55756kB swap, 0kB dmabuf_pss, 0kB dmabuf_rss; reason: low watermark is breached
02-09 15:17:18.468 I/ActivityManager(19040): Process com.android.chrome (pid 22386) has died: cch  +20 CACC
02-09 15:17:18.472 I/libprocessgroup(19040): Removed cgroup /sys/fs/cgroup/apps/uid_10162/pid_22386
02-09 15:17:18.472 W/ActivityManager(19040): Scheduling restart of crashed service com.android.chrome/org.chromium.chrome.browser.customtabs.CustomTabsConnectionService in 69704ms for connection
02-09 15:17:18.539 D/ConnectivityService(19040): releasing NetworkRequest [ REQUEST id=95, [ Capabilities: INTERNET&NOT_RESTRICTED&TRUSTED&NOT_VCN_MANAGED&NOT_BANDWIDTH_CONSTRAINED Uid: 10153 RequestorUid: 10153 RequestorPkg: com.android.vending UnderlyingNetworks: Null] ] (release request)
02-09 15:17:18.540 I/ActivityManager(19040): Process com.android.vending (pid 20533) has died: cch  +15 CEM 
02-09 15:17:18.541 I/lowmemorykiller(  282): Kill 'com.google.android.googlequicksearchbox:search' (25137), uid 10158, oom_score_adj 915 to free 122984kB rss, 47584kB swap, 0kB dmabuf_pss, 0kB dmabuf_rss; reason: low watermark is breached
02-09 15:17:18.542 I/Finsky:background(21130): [2] XPF:Storage service disconnected
02-09 15:17:18.542 I/Zygote  (18903): Process 20533 exited due to signal 9 (Killed)
02-09 15:17:18.549 W/ActivityManager(19040): Scheduling restart of crashed service com.android.vending/com.google.android.finsky.crossprofile.ProfileStateService in 1000ms for connection
02-09 15:17:18.550 W/ActivityManager(19040): Rescheduling restart of crashed service com.android.vending/com.google.android.finsky.crossprofile.ProfileStateService in 9998ms for mem-pressure-event
02-09 15:17:18.550 W/ActivityManager(19040): Rescheduling restart of crashed service com.google.android.adservices.api/com.android.adservices.measurement.MeasurementService in 29998ms for mem-pressure-event
02-09 15:17:18.550 W/ActivityManager(19040): Rescheduling restart of crashed service com.android.chrome/org.chromium.chrome.browser.customtabs.CustomTabsConnectionService in 49998ms for mem-pressure-event
02-09 15:17:18.550 W/ActivityManager(19040): Rescheduling restart of crashed service com.android.settings/.SettingsDumpService in 4163542ms for mem-pressure-event
02-09 15:17:18.565 I/Finsky:background(21130): [2] Memory trim requested to level 40
02-09 15:17:18.573 I/libprocessgroup(19040): Removed cgroup /sys/fs/cgroup/apps/uid_10153/pid_20533
02-09 15:17:18.573 E/lowmemorykiller(  282): process_mrelease 25137 failed: No such process
02-09 15:17:18.574 I/Finsky:background(21130): [45] Current account updated in PVS
02-09 15:17:18.586 I/lowmemorykiller(  282): Kill 'com.google.android.webview:sandboxed_process0:org.chromium.content.app.SandboxedProcessService0:0' (24530), uid 99000, oom_score_adj 910 to free 74008kB rss, 43808kB swap, 0kB dmabuf_pss, 0kB dmabuf_rss; reason: low watermark is breached
02-09 15:17:18.587 I/Zygote  (18903): Process 25137 exited due to signal 9 (Killed)
02-09 15:17:18.586 I/ActivityManager(19040): Process com.google.android.googlequicksearchbox:search (pid 25137) has died: cch  +15 CEM 
02-09 15:17:18.588 E/AppOps  (19040): Bad call made by uid 1000. Package "com.google.android.googlequicksearchbox" does not belong to uid 1000.
02-09 15:17:18.588 W/BinderNative(19040): Uncaught exception from death notification
02-09 15:17:18.588 W/BinderNative(19040): java.lang.SecurityException: Specified package "com.google.android.googlequicksearchbox" under uid 1000 but it is not
02-09 15:17:18.588 W/BinderNative(19040): 	at com.android.server.appop.AppOpsService.verifyAndGetBypass(AppOpsService.java:5033)
02-09 15:17:18.588 W/BinderNative(19040): 	at com.android.server.appop.AppOpsService.verifyAndGetBypass(AppOpsService.java:4894)
02-09 15:17:18.588 W/BinderNative(19040): 	at com.android.server.appop.AppOpsService.verifyAndGetBypass(AppOpsService.java:4886)
02-09 15:17:18.588 W/BinderNative(19040): 	at com.android.server.appop.AppOpsService.stopWatchingAsyncNoted(AppOpsService.java:3816)
02-09 15:17:18.588 W/BinderNative(19040): 	at com.android.server.appop.AppOpsService.lambda$startWatchingAsyncNoted$8(AppOpsService.java:3792)
02-09 15:17:18.588 W/BinderNative(19040): 	at com.android.server.appop.AppOpsService.$r8$lambda$8-LvphSu5hQo1Pm8R22O3seI00E(AppOpsService.java:0)
02-09 15:17:18.588 W/BinderNative(19040): 	at com.android.server.appop.AppOpsService$$ExternalSyntheticLambda1.onInterfaceDied(R8$$SyntheticClass:0)
02-09 15:17:18.588 W/BinderNative(19040): 	at android.os.RemoteCallbackList$Builder$1.onCallbackDied(RemoteCallbackList.java:337)
02-09 15:17:18.588 W/BinderNative(19040): 	at android.os.RemoteCallbackList$Interface.binderDied(RemoteCallbackList.java:229)
02-09 15:17:18.588 W/BinderNative(19040): 	at android.os.IBinder$DeathRecipient.binderDied(IBinder.java:340)
02-09 15:17:18.588 W/BinderNative(19040): 	at android.os.BinderProxy.sendDeathNotice(BinderProxy.java:787)
02-09 15:17:18.590 E/lowmemorykiller(  282): process_mrelease 24530 failed: No such process
02-09 15:17:18.594 I/libprocessgroup(19040): Removed cgroup /sys/fs/cgroup/apps/uid_10158/pid_25137
02-09 15:17:18.617 I/ActivityManager(19040): Process com.google.android.webview:sandboxed_process0:org.chromium.content.app.SandboxedProcessService0:0 (pid 24530) has died: cch  +10 CACC
02-09 15:17:18.619 W/ActivityManager(19040): Scheduling restart of crashed service com.google.android.googlequicksearchbox/org.chromium.content.app.SandboxedProcessService0:0 in 69929ms for connection
02-09 15:17:18.622 I/lowmemorykiller(  282): Kill 'com.android.keychain' (23046), uid 1000, oom_score_adj 905 to free 50540kB rss, 38616kB swap, 0kB dmabuf_pss, 0kB dmabuf_rss; reason: low watermark is breached
02-09 15:17:18.623 I/libprocessgroup(19040): Removed cgroup /sys/fs/cgroup/apps/uid_99000/pid_24530
02-09 15:17:18.635 I/Zygote  (19656): Process 24530 exited due to signal 9 (Killed)
02-09 15:17:18.640 I/HalDevMgr(19040): bestIfaceCreationProposal is null, requestIface=STA, existingIface=[name=wlan0 type=STA]
02-09 15:17:18.647 E/lowmemorykiller(  282): process_mrelease 23046 failed: No such process
02-09 15:17:18.647 I/lowmemorykiller(  282): Kill 'com.google.android.webview:webview_service' (24841), uid 10180, oom_score_adj 905 to free 71292kB rss, 37020kB swap, 0kB dmabuf_pss, 0kB dmabuf_rss; reason: low watermark is breached
02-09 15:17:18.648 I/Zygote  (18903): Process 23046 exited due to signal 9 (Killed)
02-09 15:17:18.655 E/lowmemorykiller(  282): process_mrelease 24841 failed: No such process
02-09 15:17:18.662 I/ActivityManager(19040): Process com.android.keychain (pid 23046) has died: cch CEM 
02-09 15:17:18.662 D/BoundBrokerSvc(20382): onUnbind: Intent { act=com.google.android.mobstore.service.START xflg=0x4 pkg=com.google.android.gms }
02-09 15:17:18.663 I/libprocessgroup(19040): Removed cgroup /sys/fs/cgroup/system/uid_1000/pid_23046
02-09 15:17:18.669 W/KernelCpuProcStringReader(19040): File not found. It's normal if not implemented: /proc/uid_time_in_state
02-09 15:17:18.671 W/KernelCpuProcStringReader(19040): File not found. It's normal if not implemented: /proc/uid_concurrent_active_time
02-09 15:17:18.671 W/KernelCpuProcStringReader(19040): File not found. It's normal if not implemented: /proc/uid_concurrent_policy_time
02-09 15:17:18.679 I/Zygote  (18903): Process 24841 exited due to signal 9 (Killed)
02-09 15:17:18.679 I/lowmemorykiller(  282): Kill 'com.android.vending:background' (21130), uid 10153, oom_score_adj 905 to free 87172kB rss, 49004kB swap, 0kB dmabuf_pss, 0kB dmabuf_rss; reason: low watermark is breached
02-09 15:17:18.680 I/ActivityManager(19040): Process com.google.android.webview:webview_service (pid 24841) has died: cch CEM 
02-09 15:17:18.688 D/InetDiagMessage(19040): Destroyed 0 sockets, proto=IPPROTO_TCP, family=AF_INET, states=14
02-09 15:17:18.689 D/InetDiagMessage(19040): Destroyed 0 sockets, proto=IPPROTO_TCP, family=AF_INET6, states=14
02-09 15:17:18.689 D/InetDiagMessage(19040): Destroyed live tcp sockets for uids={10180} in 2ms
02-09 15:17:18.689 D/InetDiagMessage(19040): Destroyed 0 sockets, proto=IPPROTO_TCP, family=AF_INET, states=14
02-09 15:17:18.690 D/InetDiagMessage(19040): Destroyed 0 sockets, proto=IPPROTO_TCP, family=AF_INET6, states=14
02-09 15:17:18.690 D/InetDiagMessage(19040): Destroyed live tcp sockets for uids={20180} in 1ms
02-09 15:17:18.695 E/lowmemorykiller(  282): process_mrelease 21130 failed: No such process
02-09 15:17:18.695 W/ActivityManager(19040): Rescheduling restart of crashed service com.android.vending/com.google.android.finsky.crossprofile.ProfileStateService in 19853ms for mem-pressure-event
02-09 15:17:18.695 W/ActivityManager(19040): Rescheduling restart of crashed service com.google.android.adservices.api/com.android.adservices.measurement.MeasurementService in 49853ms for mem-pressure-event
02-09 15:17:18.695 W/ActivityManager(19040): Rescheduling restart of crashed service com.android.chrome/org.chromium.chrome.browser.customtabs.CustomTabsConnectionService in 79853ms for mem-pressure-event
02-09 15:17:18.695 W/ActivityManager(19040): Rescheduling restart of crashed service com.google.android.googlequicksearchbox/org.chromium.content.app.SandboxedProcessService0:0 in 109853ms for mem-pressure-event
02-09 15:17:18.696 I/libprocessgroup(19040): Removed cgroup /sys/fs/cgroup/apps/uid_10180/pid_24841
02-09 15:17:18.728 I/ActivityManager(19040): Process com.android.vending:background (pid 21130) has died: cch CEM 
02-09 15:17:18.730 D/ConnectivityService(19040): releasing NetworkRequest [ REQUEST id=109, [ Capabilities: INTERNET&NOT_RESTRICTED&TRUSTED&NOT_VCN_MANAGED&NOT_BANDWIDTH_CONSTRAINED Uid: 10153 RequestorUid: 10153 RequestorPkg: com.android.vending UnderlyingNetworks: Null] ] (release request)
02-09 15:17:18.730 I/Zygote  (18903): Process 21130 exited due to signal 9 (Killed)
02-09 15:17:18.738 D/ConnectivityService(19040): releasing NetworkRequest [ REQUEST id=149, [ Capabilities: INTERNET&NOT_RESTRICTED&TRUSTED&NOT_VCN_MANAGED&NOT_BANDWIDTH_CONSTRAINED Uid: 10153 RequestorUid: 10153 RequestorPkg: com.android.vending UnderlyingNetworks: Null] ] (release request)
