02-09 15:17:18.739 D/ConnectivityService(19040): releasing NetworkRequest [ REQUEST id=111, [ Capabilities: INTERNET&NOT_RESTRICTED&TRUSTED&NOT_VCN_MANAGED&NOT_BANDWIDTH_CONSTRAINED Uid: 10153 RequestorUid: 10153 RequestorPkg: com.android.vending UnderlyingNetworks: Null] ] (release request)
02-09 15:17:18.743 I/libprocessgroup(19040): Removed cgroup /sys/fs/cgroup/apps/uid_10153/pid_21130
02-09 15:17:18.827 I/lowmemorykiller(  282): Kill 'com.google.android.googlequicksearchbox:googleapp' (22940), uid 10158, oom_score_adj 900 to free 101460kB rss, 79312kB swap, 0kB dmabuf_pss, 0kB dmabuf_rss; reason: low watermark is breached
02-09 15:17:18.847 E/lowmemorykiller(  282): process_mrelease 22940 failed: No such process
02-09 15:17:18.873 I/Zygote  (18903): Process 22940 exited due to signal 9 (Killed)
02-09 15:17:18.874 D/ConnectivityService(19040): releasing NetworkRequest [ REQUEST id=216, [ Capabilities: INTERNET&NOT_RESTRICTED&TRUSTED&NOT_VCN_MANAGED&NOT_BANDWIDTH_CONSTRAINED Uid: 10158 RequestorUid: 10158 RequestorPkg: com.google.android.googlequicksearchbox UnderlyingNetworks: Null] ] (release request)
02-09 15:17:18.875 I/WindowManager(19040): WIN DEATH: Window{470c1ae u0 com.google.android.googlequicksearchbox/com.google.android.apps.search.googleapp.launcher.minusone.activity.MinusOneActivity}
02-09 15:17:18.878 I/ActivityManager(19040): Process com.google.android.googlequicksearchbox:googleapp (pid 22940) has died: cch LAST
02-09 15:17:18.880 I/libprocessgroup(19040): Removed cgroup /sys/fs/cgroup/apps/uid_10158/pid_22940
02-09 15:17:18.882 E/AppOps  (19040): Bad call made by uid 1000. Package "com.google.android.googlequicksearchbox" does not belong to uid 1000.
02-09 15:17:18.883 W/BinderNative(19040): Uncaught exception from death notification
02-09 15:17:18.883 W/BinderNative(19040): java.lang.SecurityException: Specified package "com.google.android.googlequicksearchbox" under uid 1000 but it is not
02-09 15:17:18.883 W/BinderNative(19040): 	at com.android.server.appop.AppOpsService.verifyAndGetBypass(AppOpsService.java:5033)
02-09 15:17:18.883 W/BinderNative(19040): 	at com.android.server.appop.AppOpsService.verifyAndGetBypass(AppOpsService.java:4894)
02-09 15:17:18.883 W/BinderNative(19040): 	at com.android.server.appop.AppOpsService.verifyAndGetBypass(AppOpsService.java:4886)
02-09 15:17:18.883 W/BinderNative(19040): 	at com.android.server.appop.AppOpsService.stopWatchingAsyncNoted(AppOpsService.java:3816)
02-09 15:17:18.883 W/BinderNative(19040): 	at com.android.server.appop.AppOpsService.lambda$startWatchingAsyncNoted$8(AppOpsService.java:3792)
02-09 15:17:18.883 W/BinderNative(19040): 	at com.android.server.appop.AppOpsService.$r8$lambda$8-LvphSu5hQo1Pm8R22O3seI00E(AppOpsService.java:0)
02-09 15:17:18.883 W/BinderNative(19040): 	at com.android.server.appop.AppOpsService$$ExternalSyntheticLambda1.onInterfaceDied(R8$$SyntheticClass:0)
02-09 15:17:18.883 W/BinderNative(19040): 	at android.os.RemoteCallbackList$Builder$1.onCallbackDied(RemoteCallbackList.java:337)
02-09 15:17:18.883 W/BinderNative(19040): 	at android.os.RemoteCallbackList$Interface.binderDied(RemoteCallbackList.java:229)
02-09 15:17:18.883 W/BinderNative(19040): 	at android.os.IBinder$DeathRecipient.binderDied(IBinder.java:340)
02-09 15:17:18.883 W/BinderNative(19040): 	at android.os.BinderProxy.sendDeathNotice(BinderProxy.java:787)
02-09 15:17:18.888 I/WindowManager(19040): WIN DEATH: Window{e45c281 u0 com.google.android.googlequicksearchbox/com.google.android.apps.search.googleapp.launcher.minusone.activity.MinusOneActivity}
02-09 15:17:18.890 D/CompatChangeReporter(19040): Compat change id reported: 311208629; UID 10162; state: ENABLED
02-09 15:17:18.904 E/TransitionChain(19040): Can't collect into a chain with no transition
02-09 15:17:18.904 E/TransitionChain(19040): Can't collect into a chain with no transition
02-09 15:17:18.906 W/ActivityManager(19040): setHasOverlayUi called on unknown pid: 22940
02-09 15:17:18.920 W/UsageStatsService(19040): Unexpected activity event reported! (com.google.android.googlequicksearchbox/com.google.android.apps.search.googleapp.launcher.minusone.activity.MinusOneActivity event : 23 instanceId : 13994422)
02-09 15:17:19.042 D/BoundBrokerSvc(19837): onUnbind: Intent { act=com.google.android.gms.common.telemetry.service.START dat=chimera-action:/... xflg=0x4 cmp=com.google.android.gms/.chimera.PersistentApiService }
02-09 15:17:19.098 D/FLTFireContextHolder(25327): received application context.
02-09 15:17:19.158 D/nativeloader(25327): Load /data/app/~~2Gg0AT-cK4FtxeqiFAUw-Q==/com.cybervpn.cybervpn_mobile.dev-Jt5Qw_0cuD1KJtpGMVTlQg==/base.apk!/lib/x86_64/libdartjni.so using class loader ns clns-9 (caller=/data/app/~~2Gg0AT-cK4FtxeqiFAUw-Q==/com.cybervpn.cybervpn_mobile.dev-Jt5Qw_0cuD1KJtpGMVTlQg==/base.apk!classes10.dex): ok
02-09 15:17:19.312 I/rvpn_mobile.dev(25327): hiddenapi: Accessing hidden method Landroid/view/accessibility/AccessibilityNodeInfo;->getSourceNodeId()J (runtime_flags=0, domain=platform, api=unsupported,test-api) from Lio/flutter/view/AccessibilityViewEmbedder$ReflectionAccessors; (domain=app, TargetSdkVersion=36) using reflection: allowed
02-09 15:17:19.312 I/rvpn_mobile.dev(25327): hiddenapi: Accessing hidden method Landroid/view/accessibility/AccessibilityRecord;->getSourceNodeId()J (runtime_flags=0, domain=platform, api=unsupported) from Lio/flutter/view/AccessibilityViewEmbedder$ReflectionAccessors; (domain=app, TargetSdkVersion=36) using reflection: allowed
02-09 15:17:19.313 I/rvpn_mobile.dev(25327): hiddenapi: Accessing hidden field Landroid/view/accessibility/AccessibilityNodeInfo;->mChildNodeIds:Landroid/util/LongArray; (runtime_flags=0, domain=platform, api=unsupported) from Lio/flutter/view/AccessibilityViewEmbedder$ReflectionAccessors; (domain=app, TargetSdkVersion=36) using reflection: allowed
02-09 15:17:19.314 I/rvpn_mobile.dev(25327): hiddenapi: Accessing hidden method Landroid/util/LongArray;->get(I)J (runtime_flags=0, domain=platform, api=unsupported) from Lio/flutter/view/AccessibilityViewEmbedder$ReflectionAccessors; (domain=app, TargetSdkVersion=36) using reflection: allowed
02-09 15:17:19.341 D/FlutterRenderer(25327): Width is zero. 0,0
02-09 15:17:19.354 D/CompatChangeReporter(25327): Compat change id reported: 377864165; UID 10230; state: ENABLED
02-09 15:17:19.411 W/HWUI    (25327): Unknown dataspace 0
02-09 15:17:19.482 W/libbinder.BackendUnifiedServiceManager(25462): Thread Pool max thread count is 0. Cannot cache binder as linkToDeath cannot be implemented. serviceName: package
02-09 15:17:19.644 I/artd    (20248): GetBestInfo: odex next to the dex file (/data/app/~~Ri4OoI6S_XJsFiVFmMlgSA==/com.google.android.gms-nTpiuVu_Zh0lPX1I4eyBtA==/oat/x86_64/base.odex) is kOatUpToDate with filter 'speed-profile' executable 'false'
02-09 15:17:19.656 I/artd    (20248): GetBestInfo: odex next to the dex file (/data/app/~~Ri4OoI6S_XJsFiVFmMlgSA==/com.google.android.gms-nTpiuVu_Zh0lPX1I4eyBtA==/oat/x86_64/split_AdsDynamite_installtime.odex) is kOatUpToDate with filter 'speed' executable 'false'
02-09 15:17:19.664 I/artd    (20248): GetBestInfo: odex next to the dex file (/data/app/~~Ri4OoI6S_XJsFiVFmMlgSA==/com.google.android.gms-nTpiuVu_Zh0lPX1I4eyBtA==/oat/x86_64/split_CronetDynamite_installtime.odex) is kOatUpToDate with filter 'speed' executable 'false'
02-09 15:17:19.668 I/artd    (20248): GetBestInfo: odex next to the dex file (/data/app/~~Ri4OoI6S_XJsFiVFmMlgSA==/com.google.android.gms-nTpiuVu_Zh0lPX1I4eyBtA==/oat/x86_64/split_DynamiteLoader_installtime.odex) is kOatUpToDate with filter 'speed' executable 'false'
02-09 15:17:19.679 I/artd    (20248): GetBestInfo: odex next to the dex file (/data/app/~~Ri4OoI6S_XJsFiVFmMlgSA==/com.google.android.gms-nTpiuVu_Zh0lPX1I4eyBtA==/oat/x86_64/split_DynamiteModulesA_installtime.odex) is kOatUpToDate with filter 'speed' executable 'false'
02-09 15:17:19.689 I/artd    (20248): GetBestInfo: odex next to the dex file (/data/app/~~Ri4OoI6S_XJsFiVFmMlgSA==/com.google.android.gms-nTpiuVu_Zh0lPX1I4eyBtA==/oat/x86_64/split_DynamiteModulesC_installtime.odex) is kOatUpToDate with filter 'speed' executable 'false'
02-09 15:17:19.696 I/artd    (20248): GetBestInfo: odex next to the dex file (/data/app/~~Ri4OoI6S_XJsFiVFmMlgSA==/com.google.android.gms-nTpiuVu_Zh0lPX1I4eyBtA==/oat/x86_64/split_GoogleCertificates_installtime.odex) is kOatUpToDate with filter 'speed' executable 'false'
02-09 15:17:19.707 I/artd    (20248): GetBestInfo: odex next to the dex file (/data/app/~~Ri4OoI6S_XJsFiVFmMlgSA==/com.google.android.gms-nTpiuVu_Zh0lPX1I4eyBtA==/oat/x86_64/split_MapsDynamite_installtime.odex) is kOatUpToDate with filter 'speed' executable 'false'
02-09 15:17:19.711 I/artd    (20248): GetBestInfo: odex next to the dex file (/data/app/~~Ri4OoI6S_XJsFiVFmMlgSA==/com.google.android.gms-nTpiuVu_Zh0lPX1I4eyBtA==/oat/x86_64/split_MeasurementDynamite_installtime.odex) is kOatUpToDate with filter 'speed' executable 'false'
02-09 15:17:19.719 I/artd    (20248): GetBestInfo: odex next to the dex file (/data/app/~~Ri4OoI6S_XJsFiVFmMlgSA==/com.google.android.gms-nTpiuVu_Zh0lPX1I4eyBtA==/oat/x86_64/split_all_locale_splits.odex) is kOatUpToDate with filter 'speed' executable 'false'
02-09 15:17:19.723 I/artd    (20248): GetBestInfo: /data/user_de/0/com.google.android.gms/app_chimera/m/0000000f/dl-VisionOcr.optional_260235100000.apk has no usable artifacts
02-09 15:17:19.728 I/artd    (20248): GetBestInfo: /data/user_de/0/com.google.android.gms/app_chimera/m/00000013/dl-MlkitBarcodeUi.optional_260235100800.apk has no usable artifacts
02-09 15:17:19.732 I/artd    (20248): GetBestInfo: /data/user_de/0/com.google.android.gms/app_chimera/m/00000001/CronetDynamite.apk has no usable artifacts
02-09 15:17:19.754 I/artd    (20248): GetBestInfo: /data/user_de/0/com.google.android.gms/app_chimera/m/0000000a/dl-MlkitBarcodeUi.optional_253434100800.apk has no usable artifacts
02-09 15:17:19.760 I/artd    (20248): GetBestInfo: /data/user_de/0/com.google.android.gms/app_chimera/m/00000002/DynamiteLoader.apk has no usable artifacts
02-09 15:17:19.761 I/artd    (20248): GetBestInfo: /data/user_de/0/com.google.android.gms/app_chimera/m/00000005/GoogleCertificates.apk has no usable artifacts
02-09 15:17:19.764 I/artd    (20248): GetBestInfo: /data/user_de/0/com.google.android.gms/app_chimera/m/00000009/dl-TfliteDynamiteDynamite.integ_252130102100800.apk has no usable artifacts
02-09 15:17:19.773 I/artd    (20248): GetBestInfo: vdex next to the dex file (/data/user/0/com.google.android.gms/app_dg_cache/CF98DA544914DD75038B6CE6DBC852B6C43EC876/oat/x86_64/the.vdex) is kOatUpToDate with filter 'verify' executable 'false'
02-09 15:17:19.775 I/artd    (20248): GetBestInfo: /data/user_de/0/com.google.android.gms/app_chimera/m/00000014/dl-MlkitOcrCommon.optional_260235100800.apk has no usable artifacts
02-09 15:17:19.779 I/artd    (20248): GetBestInfo: /data/user_de/0/com.google.android.gms/app_chimera/m/00000011/dl-Appsearch.optional_260235100800.apk has no usable artifacts
02-09 15:17:19.783 I/artd    (20248): GetBestInfo: /data/user_de/0/com.google.android.gms/app_chimera/m/00000010/dl-PlayCloudSearch.optional_260235100000.apk has no usable artifacts
02-09 15:17:19.788 I/artd    (20248): GetBestInfo: /data/user_de/0/com.google.android.gms/app_chimera/m/0000000b/dl-PlayCloudSearch.optional_253434100000.apk has no usable artifacts
02-09 15:17:19.788 I/system_server(19040): Background young concurrent mark compact GC freed 23MB AllocSpace bytes, 24(848KB) LOS objects, 40% free, 33MB/56MB, paused 1.772ms,2.329ms total 241.963ms
02-09 15:17:19.795 I/artd    (20248): GetBestInfo: /data/user_de/0/com.google.android.gms/app_chimera/m/0000000e/dl-Appsearch.optional_253434100800.apk has no usable artifacts
02-09 15:17:19.799 I/artd    (20248): GetBestInfo: /data/user_de/0/com.google.android.gms/app_chimera/m/00000007/MeasurementDynamite.apk has no usable artifacts
02-09 15:17:19.822 W/System  (19040): A resource failed to call close. 
02-09 15:17:19.848 I/Choreographer(25327): Skipped 207 frames!  The application may be doing too much work on its main thread.
02-09 15:17:19.850 D/WindowOnBackDispatcher(25327): setTopOnBackInvokedCallback (unwrapped): android.app.Activity$$ExternalSyntheticLambda0@5287d28
02-09 15:17:19.851 D/CoreBackPreview(19040): Window{c266703 u0 com.cybervpn.cybervpn_mobile.dev/com.cybervpn.cybervpn_mobile.MainActivity}: Setting back callback OnBackInvokedCallbackInfo{mCallback=android.window.IOnBackInvokedCallback$Stub$Proxy@dc17930, mPriority=-1, mIsAnimationCallback=false, mOverrideBehavior=0}
02-09 15:17:19.858 I/WindowExtensionsImpl(25327): Initializing Window Extensions, vendor API level=9, activity embedding enabled=true
02-09 15:17:19.875 I/rvpn_mobile.dev(25327): Compiler allocated 5082KB to compile void android.view.ViewRootImpl.performTraversals()
02-09 15:17:19.880 D/VRI[MainActivity](25327): WindowInsets changed: 1080x2400 statusBars:[0,63,0,0] navigationBars:[0,0,0,63] mandatorySystemGestures:[0,63,0,84] 
02-09 15:17:19.881 D/FlutterRenderer(25327): Width is zero. 0,0
02-09 15:17:19.895 D/nativeloader(25327): Load libstats_jni.so using APEX ns com_android_os_statsd for caller /apex/com.android.os.statsd/javalib/framework-statsd.jar: ok
02-09 15:17:19.896 D/FlutterRenderer(25327): Width is zero. 0,0
02-09 15:17:19.898 D/FlutterJNI(25327): Sending viewport metrics to the engine.
02-09 15:17:20.307 I/AppsFilter(19040): interaction: PackageSetting{45edf01 com.cybervpn.cybervpn_mobile.dev/10230} -> PackageSetting{75c4b8f com.android.chrome/10162} BLOCKED
02-09 15:17:20.307 I/AppsFilter(19040): interaction: PackageSetting{45edf01 com.cybervpn.cybervpn_mobile.dev/10230} -> PackageSetting{75c4b8f com.android.chrome/10162} BLOCKED
02-09 15:17:20.307 I/AppsFilter(19040): interaction: PackageSetting{45edf01 com.cybervpn.cybervpn_mobile.dev/10230} -> PackageSetting{75c4b8f com.android.chrome/10162} BLOCKED
02-09 15:17:20.307 I/AppsFilter(19040): interaction: PackageSetting{45edf01 com.cybervpn.cybervpn_mobile.dev/10230} -> PackageSetting{75c4b8f com.android.chrome/10162} BLOCKED
02-09 15:17:20.307 I/AppsFilter(19040): interaction: PackageSetting{45edf01 com.cybervpn.cybervpn_mobile.dev/10230} -> PackageSetting{ebee1c com.google.android.apps.docs/10163} BLOCKED
02-09 15:17:20.307 I/AppsFilter(19040): interaction: PackageSetting{45edf01 com.cybervpn.cybervpn_mobile.dev/10230} -> PackageSetting{ebee1c com.google.android.apps.docs/10163} BLOCKED
02-09 15:17:20.307 I/AppsFilter(19040): interaction: PackageSetting{45edf01 com.cybervpn.cybervpn_mobile.dev/10230} -> PackageSetting{7f6300c com.google.android.apps.maps/10167} BLOCKED
02-09 15:17:20.307 I/AppsFilter(19040): interaction: PackageSetting{45edf01 com.cybervpn.cybervpn_mobile.dev/10230} -> PackageSetting{7f6300c com.google.android.apps.maps/10167} BLOCKED
02-09 15:17:20.307 I/AppsFilter(19040): interaction: PackageSetting{45edf01 com.cybervpn.cybervpn_mobile.dev/10230} -> PackageSetting{ca91a25 com.google.android.apps.photos/10170} BLOCKED
02-09 15:17:20.307 I/AppsFilter(19040): interaction: PackageSetting{45edf01 com.cybervpn.cybervpn_mobile.dev/10230} -> PackageSetting{ca91a25 com.google.android.apps.photos/10170} BLOCKED
02-09 15:17:20.307 I/AppsFilter(19040): interaction: PackageSetting{45edf01 com.cybervpn.cybervpn_mobile.dev/10230} -> PackageSetting{79597fa com.google.android.apps.youtube.music/10182} BLOCKED
02-09 15:17:20.307 I/AppsFilter(19040): interaction: PackageSetting{45edf01 com.cybervpn.cybervpn_mobile.dev/10230} -> PackageSetting{79597fa com.google.android.apps.youtube.music/10182} BLOCKED
02-09 15:17:20.307 I/AppsFilter(19040): interaction: PackageSetting{45edf01 com.cybervpn.cybervpn_mobile.dev/10230} -> PackageSetting{a9867e3 com.google.android.calendar/10160} BLOCKED
02-09 15:17:20.307 I/AppsFilter(19040): interaction: PackageSetting{45edf01 com.cybervpn.cybervpn_mobile.dev/10230} -> PackageSetting{a9867e3 com.google.android.calendar/10160} BLOCKED
02-09 15:17:20.307 I/AppsFilter(19040): interaction: PackageSetting{45edf01 com.cybervpn.cybervpn_mobile.dev/10230} -> PackageSetting{45c11ab com.google.android.contacts/10164} BLOCKED
02-09 15:17:20.307 I/AppsFilter(19040): interaction: PackageSetting{45edf01 com.cybervpn.cybervpn_mobile.dev/10230} -> PackageSetting{45c11ab com.google.android.contacts/10164} BLOCKED
02-09 15:17:20.307 I/AppsFilter(19040): interaction: PackageSetting{45edf01 com.cybervpn.cybervpn_mobile.dev/10230} -> PackageSetting{45c11ab com.google.android.contacts/10164} BLOCKED
02-09 15:17:20.308 I/AppsFilter(19040): interaction: PackageSetting{45edf01 com.cybervpn.cybervpn_mobile.dev/10230} -> PackageSetting{dd7d008 com.google.android.deskclock/10172} BLOCKED
02-09 15:17:20.308 I/AppsFilter(19040): interaction: PackageSetting{45edf01 com.cybervpn.cybervpn_mobile.dev/10230} -> PackageSetting{dd7d008 com.google.android.deskclock/10172} BLOCKED
02-09 15:17:20.308 I/AppsFilter(19040): interaction: PackageSetting{45edf01 com.cybervpn.cybervpn_mobile.dev/10230} -> PackageSetting{dd7d008 com.google.android.deskclock/10172} BLOCKED
02-09 15:17:20.308 I/AppsFilter(19040): interaction: PackageSetting{45edf01 com.cybervpn.cybervpn_mobile.dev/10230} -> PackageSetting{dd7d008 com.google.android.deskclock/10172} BLOCKED
02-09 15:17:20.308 I/AppsFilter(19040): interaction: PackageSetting{45edf01 com.cybervpn.cybervpn_mobile.dev/10230} -> PackageSetting{dd7d008 com.google.android.deskclock/10172} BLOCKED
02-09 15:17:20.308 I/AppsFilter(19040): interaction: PackageSetting{45edf01 com.cybervpn.cybervpn_mobile.dev/10230} -> PackageSetting{47633a1 com.google.android.gm/10173} BLOCKED
02-09 15:17:20.308 I/AppsFilter(19040): interaction: PackageSetting{45edf01 com.cybervpn.cybervpn_mobile.dev/10230} -> PackageSetting{47633a1 com.google.android.gm/10173} BLOCKED
02-09 15:17:20.308 I/AppsFilter(19040): interaction: PackageSetting{45edf01 com.cybervpn.cybervpn_mobile.dev/10230} -> PackageSetting{99539c6 com.google.android.settings.intelligence/10157} BLOCKED
02-09 15:17:20.308 I/AppsFilter(19040): interaction: PackageSetting{45edf01 com.cybervpn.cybervpn_mobile.dev/10230} -> PackageSetting{1481d87 com.google.android.youtube/10181} BLOCKED
02-09 15:17:20.308 I/AppsFilter(19040): interaction: PackageSetting{45edf01 com.cybervpn.cybervpn_mobile.dev/10230} -> PackageSetting{1481d87 com.google.android.youtube/10181} BLOCKED
02-09 15:17:20.309 W/ParceledListSlice(19040): Element #5 is 18572 bytes.
02-09 15:17:20.325 D/WindowLayoutComponentImpl(25327): Register WindowLayoutInfoListener on Context=com.cybervpn.cybervpn_mobile.MainActivity@40c38e, of which baseContext=android.app.ContextImpl@3129bca
02-09 15:17:20.331 D/FlutterJNI(25327): Sending viewport metrics to the engine.
02-09 15:17:20.347 I/FontLog (19837): (REDACTED) Received query %s, URI %s
02-09 15:17:20.348 I/FontLog (19837): (REDACTED) Query [%s] resolved to %s
02-09 15:17:20.350 D/AdvertisingIdClient(20382): AdvertisingIdClient already created.
02-09 15:17:20.350 D/AdvertisingIdClient(20382): AdvertisingIdClient is not bounded. Starting to bind it...
02-09 15:17:20.364 D/AdvertisingIdClient(20382): AdvertisingIdClient is bounded
02-09 15:17:20.366 I/FontLog (19837): (REDACTED) Fetch %s end status %s
02-09 15:17:20.375 I/AdvertisingIdClient(20382): shouldSendLog 255880073
02-09 15:17:20.375 I/AdvertisingIdClient(20382): GetInfoInternal elapse 25ms
02-09 15:17:20.379 I/FontLog (19837): (REDACTED) Pulling font file for id = %d, cache size = %d
02-09 15:17:20.385 I/HWUI    (25327): Using FreeType backend (prop=Auto)
02-09 15:17:20.406 I/FontLog (19837): (REDACTED) Pulling font file for id = %d, cache size = %d
02-09 15:17:21.662 I/HalDevMgr(19040): bestIfaceCreationProposal is null, requestIface=STA, existingIface=[name=wlan0 type=STA]
02-09 15:17:21.790 I/Choreographer(25327): Skipped 81 frames!  The application may be doing too much work on its main thread.
02-09 15:17:21.815 I/flutter (25327): Error: google_fonts was unable to load font Orbitron-Bold because the following exception occurred:
02-09 15:17:21.815 I/flutter (25327): Exception: GoogleFonts.config.allowRuntimeFetching is false but font Orbitron-Bold was not found in the application assets. Ensure Orbitron-Bold.ttf exists in a folder that is included in your pubspec's assets.
02-09 15:17:21.815 I/flutter (25327): 
02-09 15:17:21.815 I/flutter (25327): See https://docs.flutter.dev/development/data-and-backend/networking#platform-notes.
02-09 15:17:21.815 I/flutter (25327): If troubleshooting doesn't solve the problem, please file an issue at https://github.com/flutter/flutter/issues/new/choose.
02-09 15:17:21.815 I/flutter (25327): 
02-09 15:17:21.817 I/flutter (25327): Error: google_fonts was unable to load font Orbitron-SemiBold because the following exception occurred:
02-09 15:17:21.817 I/flutter (25327): Exception: GoogleFonts.config.allowRuntimeFetching is false but font Orbitron-SemiBold was not found in the application assets. Ensure Orbitron-SemiBold.ttf exists in a folder that is included in your pubspec's assets.
02-09 15:17:21.817 I/flutter (25327): 
02-09 15:17:21.817 I/flutter (25327): See https://docs.flutter.dev/development/data-and-backend/networking#platform-notes.
02-09 15:17:21.817 I/flutter (25327): If troubleshooting doesn't solve the problem, please file an issue at https://github.com/flutter/flutter/issues/new/choose.
02-09 15:17:21.817 I/flutter (25327): 
02-09 15:17:21.817 I/flutter (25327): Error: google_fonts was unable to load font JetBrainsMono-Regular because the following exception occurred:
02-09 15:17:21.817 I/flutter (25327): Exception: GoogleFonts.config.allowRuntimeFetching is false but font JetBrainsMono-Regular was not found in the application assets. Ensure JetBrainsMono-Regular.ttf exists in a folder that is included in your pubspec's assets.
02-09 15:17:21.817 I/flutter (25327): 
02-09 15:17:21.817 I/flutter (25327): See https://docs.flutter.dev/development/data-and-backend/networking#platform-notes.
02-09 15:17:21.817 I/flutter (25327): If troubleshooting doesn't solve the problem, please file an issue at https://github.com/flutter/flutter/issues/new/choose.
02-09 15:17:21.817 I/flutter (25327): 
02-09 15:17:21.856 I/flutter (25327): dynamic_color: Core palette detected.
02-09 15:17:21.870 D/ConnectivityService(19040): requestNetwork for uid/pid:10230/25327 activeRequest: null callbackRequest: 220 [NetworkRequest [ REQUEST id=221, [ Capabilities: INTERNET&NOT_RESTRICTED&TRUSTED&NOT_VCN_MANAGED&NOT_BANDWIDTH_CONSTRAINED Uid: 10230 RequestorUid: 10230 RequestorPkg: com.cybervpn.cybervpn_mobile.dev UnderlyingNetworks: Null] ]] callback flags: 0 order: 2147483647 isUidTracked: false declaredMethods: AVAIL|LOST|NC
02-09 15:17:21.876 D/ConnectivityService(19040): NetReassign [221 : null  100] [c 1] [a 2] [i 1]
02-09 15:17:21.877 D/WifiNetworkFactory(19040): got request NetworkRequest [ REQUEST id=221, [ Capabilities: INTERNET&NOT_RESTRICTED&TRUSTED&NOT_VCN_MANAGED&NOT_BANDWIDTH_CONSTRAINED Uid: 10230 RequestorUid: 10230 RequestorPkg: com.cybervpn.cybervpn_mobile.dev UnderlyingNetworks: Null] ]
02-09 15:17:21.877 D/UntrustedWifiNetworkFactory(19040): got request NetworkRequest [ REQUEST id=221, [ Capabilities: INTERNET&NOT_RESTRICTED&TRUSTED&NOT_VCN_MANAGED&NOT_BANDWIDTH_CONSTRAINED Uid: 10230 RequestorUid: 10230 RequestorPkg: com.cybervpn.cybervpn_mobile.dev UnderlyingNetworks: Null] ]
02-09 15:17:21.878 D/OemPaidWifiNetworkFactory(19040): got request NetworkRequest [ REQUEST id=221, [ Capabilities: INTERNET&NOT_RESTRICTED&TRUSTED&NOT_VCN_MANAGED&NOT_BANDWIDTH_CONSTRAINED Uid: 10230 RequestorUid: 10230 RequestorPkg: com.cybervpn.cybervpn_mobile.dev UnderlyingNetworks: Null] ]
02-09 15:17:21.878 D/MultiInternetWifiNetworkFactory(19040): got request NetworkRequest [ REQUEST id=221, [ Capabilities: INTERNET&NOT_RESTRICTED&TRUSTED&NOT_VCN_MANAGED&NOT_BANDWIDTH_CONSTRAINED Uid: 10230 RequestorUid: 10230 RequestorPkg: com.cybervpn.cybervpn_mobile.dev UnderlyingNetworks: Null] ]
02-09 15:17:21.902 D/WindowOnBackDispatcher(25327): setTopOnBackInvokedCallback (unwrapped): io.flutter.embedding.android.FlutterActivity$1@6ce3c34
02-09 15:17:21.903 D/CoreBackPreview(19040): Window{c266703 u0 com.cybervpn.cybervpn_mobile.dev/com.cybervpn.cybervpn_mobile.MainActivity}: Setting back callback OnBackInvokedCallbackInfo{mCallback=android.window.IOnBackInvokedCallback$Stub$Proxy@12ebacc, mPriority=0, mIsAnimationCallback=true, mOverrideBehavior=0}
02-09 15:17:21.907 D/WindowOnBackDispatcher(25327): setTopOnBackInvokedCallback (unwrapped): android.app.Activity$$ExternalSyntheticLambda0@5287d28
02-09 15:17:21.908 D/CoreBackPreview(19040): Window{c266703 u0 com.cybervpn.cybervpn_mobile.dev/com.cybervpn.cybervpn_mobile.MainActivity}: Setting back callback OnBackInvokedCallbackInfo{mCallback=android.window.IOnBackInvokedCallback$Stub$Proxy@397e115, mPriority=-1, mIsAnimationCallback=false, mOverrideBehavior=0}
02-09 15:17:21.970 I/ActivityTaskManager(19040): Displayed com.cybervpn.cybervpn_mobile.dev/com.cybervpn.cybervpn_mobile.MainActivity for user 0: +6s740ms
02-09 15:17:21.970 I/ActivityTaskManager(19040): Fully drawn com.cybervpn.cybervpn_mobile.dev/com.cybervpn.cybervpn_mobile.MainActivity: +6s740ms
02-09 15:17:22.192 I/flutter (25327): Error: google_fonts was unable to load font Orbitron-Bold because the following exception occurred:
02-09 15:17:22.192 I/flutter (25327): Exception: GoogleFonts.config.allowRuntimeFetching is false but font Orbitron-Bold was not found in the application assets. Ensure Orbitron-Bold.ttf exists in a folder that is included in your pubspec's assets.
02-09 15:17:22.192 I/flutter (25327): 
02-09 15:17:22.192 I/flutter (25327): See https://docs.flutter.dev/development/data-and-backend/networking#platform-notes.
02-09 15:17:22.192 I/flutter (25327): If troubleshooting doesn't solve the problem, please file an issue at https://github.com/flutter/flutter/issues/new/choose.
02-09 15:17:22.192 I/flutter (25327): 
02-09 15:17:22.192 I/flutter (25327): Error: google_fonts was unable to load font Orbitron-SemiBold because the following exception occurred:
02-09 15:17:22.193 I/flutter (25327): Exception: GoogleFonts.config.allowRuntimeFetching is false but font Orbitron-SemiBold was not found in the application assets. Ensure Orbitron-SemiBold.ttf exists in a folder that is included in your pubspec's assets.
02-09 15:17:22.193 I/flutter (25327): 
02-09 15:17:22.193 I/flutter (25327): See https://docs.flutter.dev/development/data-and-backend/networking#platform-notes.
02-09 15:17:22.193 I/flutter (25327): If troubleshooting doesn't solve the problem, please file an issue at https://github.com/flutter/flutter/issues/new/choose.
02-09 15:17:22.193 I/flutter (25327): 
02-09 15:17:22.193 I/flutter (25327): Error: google_fonts was unable to load font JetBrainsMono-Regular because the following exception occurred:
02-09 15:17:22.193 I/flutter (25327): Exception: GoogleFonts.config.allowRuntimeFetching is false but font JetBrainsMono-Regular was not found in the application assets. Ensure JetBrainsMono-Regular.ttf exists in a folder that is included in your pubspec's assets.
02-09 15:17:22.193 I/flutter (25327): 
02-09 15:17:22.193 I/flutter (25327): See https://docs.flutter.dev/development/data-and-backend/networking#platform-notes.
02-09 15:17:22.193 I/flutter (25327): If troubleshooting doesn't solve the problem, please file an issue at https://github.com/flutter/flutter/issues/new/choose.
02-09 15:17:22.193 I/flutter (25327): 
02-09 15:17:22.195 I/ImeTracker(19040): com.cybervpn.cybervpn_mobile.dev:d4c219bb: onRequestHide at ORIGIN_SERVER reason HIDE_UNSPECIFIED_WINDOW fromUser false
02-09 15:17:22.216 I/ImeTracker(19040): system_server:3bde55b8: onRequestHide at ORIGIN_SERVER reason IME_REQUESTED_CHANGED_LISTENER fromUser false
02-09 15:17:22.217 I/GoogleInputMethodService(19996): GoogleInputMethodService.onFinishInput():2057 
02-09 15:17:22.218 I/ImeTracker(19040): system_server:3bde55b8: onCancelled at PHASE_SERVER_SHOULD_HIDE
02-09 15:17:22.233 I/Module  (19996): DeviceLockedStatusModuleProvider$Module.updateDeviceLockedStatus():100 repeatCheckTimes = 0, locked = false
02-09 15:17:22.245 I/GoogleInputMethodService(19996): GoogleInputMethodService.onStartInput():1318 onStartInput(EditorInfo{EditorInfo{packageName=com.cybervpn.cybervpn_mobile.dev, inputType=0, inputTypeString=NULL, enableLearning=false, autoCorrection=false, autoComplete=false, imeOptions=0, privateImeOptions=null, actionName=UNSPECIFIED, actionLabel=null, initialSelStart=-1, initialSelEnd=-1, initialCapsMode=0, label=null, fieldId=0, fieldName=null, extras=null, hintText=null, hintLocales=[]}}, false)
02-09 15:17:22.267 I/Module  (19996): DeviceLockedStatusModuleProvider$Module.updateDeviceLockedStatus():100 repeatCheckTimes = 1, locked = false
02-09 15:17:22.271 W/PackageConfigPersister(19040): App-specific configuration not found for packageName: com.cybervpn.cybervpn_mobile.dev and userId: 0
02-09 15:17:22.323 D/InsetsController(25327): hide(ime())
02-09 15:17:22.323 I/ImeTracker(25327): com.cybervpn.cybervpn_mobile.dev:d4c219bb: onCancelled at PHASE_CLIENT_ALREADY_HIDDEN
02-09 15:17:22.335 W/ActivityManager(19040): Rescheduling restart of crashed service com.android.settings/.SettingsDumpService in 4159757ms for mem-pressure-event
02-09 15:17:22.340 D/BaseActivity(19712): Launcher flags updated: [] -[state_started]
02-09 15:17:22.340 D/BaseDepthController(19712): setSurface:
02-09 15:17:22.340 D/BaseDepthController(19712): 	mWaitingOnSurfaceValidity: false
02-09 15:17:22.340 D/BaseDepthController(19712): 	mBaseSurface: null
02-09 15:17:22.340 D/BaseDepthController(19712): mSurface is null and mCurrentBlur is: 0
02-09 15:17:22.344 D/LauncherStateManager(19712): StateManager.goToState: fromState: Normal, toState: Normal, partial trace:
02-09 15:17:22.344 D/LauncherStateManager(19712): 	at com.android.launcher3.statemanager.StateManager.moveToRestState(go/retraceme f3a19d912c87c27267cfbc05ba0bc7b202ab72a6648bd76225f5f7e128d94583:6)
02-09 15:17:22.344 D/LauncherStateManager(19712): 	at com.android.launcher3.statemanager.StateManager.moveToRestState(go/retraceme f3a19d912c87c27267cfbc05ba0bc7b202ab72a6648bd76225f5f7e128d94583:2)
02-09 15:17:22.344 D/LauncherStateManager(19712): 	at com.android.launcher3.statemanager.StatefulActivity.onStop(go/retraceme f3a19d912c87c27267cfbc05ba0bc7b202ab72a6648bd76225f5f7e128d94583:32)
02-09 15:17:22.344 D/LauncherStateManager(19712): StateManager.onRepeatStateSetAborted: state: Normal
02-09 15:17:22.346 D/ActivityContext(19712): hideKeyboard
02-09 15:17:22.346 D/ActivityContext(19712): isImeShown: false
02-09 15:17:22.347 D/StatsLog(19712): LAUNCHER_ONSTOP
02-09 15:17:22.352 D/StatsLog(19712): LAUNCHER_GOOGLE_SEARCH_RESTORE_LIST_SIZE_AFTER_ACTIVITY_RESTART
02-09 15:17:22.367 D/BackgroundInstallControlService(19040): Package event received: 0
02-09 15:17:24.122 W/ActivityManager(19040): Rescheduling restart of crashed service com.android.settings/.SettingsDumpService in 4157970ms for mem-pressure-event
02-09 15:17:24.413 I/AiAiTranslate(20149): C2T - not in a conversation
02-09 15:17:24.419 E/TraceManagerImpl(20097): Trace WorkManager:TikTokListenableWorker startWork timed out after 2129878 ms. Complete trace: # nad@3c83a8af
02-09 15:17:24.419 E/TraceManagerImpl(20097): nai: 
02-09 15:17:24.419 E/TraceManagerImpl(20097): 	at tk_trace.execSQL: REPLACE INTO auxiliary_app_data(package_id,storage_id,data) VALUES (?, ?, ?)(Started After:28)
02-09 15:17:24.419 E/TraceManagerImpl(20097): 	at tk_trace.Transaction(Started After:28)
02-09 15:17:24.419 E/TraceManagerImpl(20097): 	at tk_trace.Perform task for WorkerId BOOT_COMPLETED_COALESCED_BROADCAST_WORKER_ID(Started After:0)
02-09 15:17:24.419 E/TraceManagerImpl(20097): 	at tk_trace.Processing task for broadcast receiver.(Started After:0)
02-09 15:17:24.419 E/TraceManagerImpl(20097): 	at tk_trace.NoAccountWorkerFactory startWork()(Started After:0)
02-09 15:17:24.419 E/TraceManagerImpl(20097): 	at tk_trace.com.google.android.apps.wellbeing.task.Task startWork()(Started After:0)
02-09 15:17:24.419 E/TraceManagerImpl(20097): 	at tk_trace.com.google.android.apps.wellbeing.task.Task startWork()(Started After:0)
02-09 15:17:24.419 E/TraceManagerImpl(20097): 	at tk_trace.WorkManager:TikTokListenableWorker startWork(Started After:0)
02-09 15:17:24.431 I/ClipboardListener(19566): Clipboard overlay suppressed.
02-09 15:17:24.458 W/rvpn_mobile.dev(25327): userfaultfd: MOVE ioctl seems unsupported: Try again
02-09 15:17:24.519 I/AiAiTextClassifier(20149): GenerateLinks did not find valid links, returning empty result
02-09 15:17:24.600 W/AS.PlaybackActivityMon(19040): No piid assigned for invalid/internal port id 14
02-09 15:17:24.630 D/AudioFlinger(18904): mixer(0x786884d4b790) throttle end: throttle time(36)
02-09 15:17:24.668 I/HalDevMgr(19040): bestIfaceCreationProposal is null, requestIface=STA, existingIface=[name=wlan0 type=STA]
02-09 15:17:25.020 D/WindowOnBackDispatcher(25327): setTopOnBackInvokedCallback (unwrapped): io.flutter.embedding.android.FlutterActivity$1@6ce3c34
02-09 15:17:25.020 D/CoreBackPreview(19040): Window{c266703 u0 com.cybervpn.cybervpn_mobile.dev/com.cybervpn.cybervpn_mobile.MainActivity}: Setting back callback OnBackInvokedCallbackInfo{mCallback=android.window.IOnBackInvokedCallback$Stub$Proxy@720de65, mPriority=0, mIsAnimationCallback=true, mOverrideBehavior=0}
02-09 15:17:25.021 D/BiometricService(19040): canAuthenticate: User=0, Caller=0, Authenticators=255
02-09 15:17:25.024 D/BiometricService/PreAuthInfo(19040): Package: com.cybervpn.cybervpn_mobile.dev Sensor ID: 0 Modality: 2 User id: 0 Status: 7
02-09 15:17:25.025 D/BiometricService/PreAuthInfo(19040): getCanAuthenticateInternal Modality: 2 AuthenticatorStatus: 7
02-09 15:17:25.025 D/AuthService(19040): canAuthenticate, userId: 0, callingUserId: 0, authenticators: 255, result: 11
02-09 15:17:25.033 I/ImeTracker(25327): com.cybervpn.cybervpn_mobile.dev:bff33fb2: onRequestShow at ORIGIN_CLIENT reason SHOW_SOFT_INPUT fromUser false
02-09 15:17:25.040 D/InsetsController(25327): show(ime())
02-09 15:17:25.040 D/InsetsController(25327): Setting requestedVisibleTypes to 511 (was 503)
02-09 15:17:25.047 I/GoogleInputMethodService(19996): GoogleInputMethodService.onFinishInput():2057 
02-09 15:17:25.048 I/Module  (19996): DeviceLockedStatusModuleProvider$Module.updateDeviceLockedStatus():100 repeatCheckTimes = 0, locked = false
02-09 15:17:25.051 D/BackgroundInstallControlService(19040): Package event received: 0
02-09 15:17:25.051 V/AutofillSession(19040): Primary service component name: ComponentInfo{com.google.android.gms/com.google.android.gms.autofill.service.AutofillService}, secondary service component name: ComponentInfo{com.android.credentialmanager/com.android.credentialmanager.autofill.CredentialAutofillService}
02-09 15:17:25.052 I/GoogleInputMethodService(19996): GoogleInputMethodService.onStartInput():1318 onStartInput(EditorInfo{EditorInfo{packageName=com.cybervpn.cybervpn_mobile.dev, inputType=8021, inputTypeString=EmailAddress[AutoCorrect], enableLearning=true, autoCorrection=true, autoComplete=true, imeOptions=2000005, privateImeOptions=null, actionName=NEXT, actionLabel=null, initialSelStart=-1, initialSelEnd=-1, initialCapsMode=0, label=null, fieldId=1, fieldName=null, extras=Bundle[mParcelledData.dataSize=168], hintText=null, hintLocales=[]}}, false)
02-09 15:17:25.052 V/SecondaryProviderHandler(19040): Creating a secondary provider handler with component name, ComponentInfo{com.android.credentialmanager/com.android.credentialmanager.autofill.CredentialAutofillService}
02-09 15:17:25.056 D/PresentationStatsEventLogger(19040): Started new PresentationStatsEvent
02-09 15:17:25.056 I/AppsFilter(19040): interaction: PackageSetting{45edf01 com.cybervpn.cybervpn_mobile.dev/10230} -> PackageSetting{226592a com.google.android.inputmethod.latin/10166} BLOCKED
02-09 15:17:25.056 W/FillRequestEventLogger(19040): Couldn't find packageName: com.google.android.inputmethod.latin
02-09 15:17:25.058 I/Module  (19996): DeviceLockedStatusModuleProvider$Module.updateDeviceLockedStatus():100 repeatCheckTimes = 1, locked = false
02-09 15:17:25.059 W/PackageConfigPersister(19040): App-specific configuration not found for packageName: com.cybervpn.cybervpn_mobile.dev and userId: 0
02-09 15:17:25.060 I/ImeTracker(25327): com.cybervpn.cybervpn_mobile.dev:93dd569d: onRequestShow at ORIGIN_CLIENT reason SHOW_SOFT_INPUT fromUser false
02-09 15:17:25.060 I/StylusModule(19996): StylusModule.onUpdateToolType():805 Update tool type = 2
02-09 15:17:25.061 D/InsetsController(25327): show(ime())
02-09 15:17:25.062 I/ImeTracker(25327): com.cybervpn.cybervpn_mobile.dev:93dd569d: onCancelled at PHASE_CLIENT_REPORT_REQUESTED_VISIBLE_TYPES
02-09 15:17:25.068 I/GoogleInputMethodService(19996): GoogleInputMethodService.onStartInputView():1411 onStartInputView(EditorInfo{EditorInfo{packageName=com.cybervpn.cybervpn_mobile.dev, inputType=8021, inputTypeString=EmailAddress[AutoCorrect], enableLearning=true, autoCorrection=true, autoComplete=true, imeOptions=2000005, privateImeOptions=null, actionName=NEXT, actionLabel=null, initialSelStart=-1, initialSelEnd=-1, initialCapsMode=0, label=null, fieldId=1, fieldName=null, extras=Bundle[{androidx.core.view.inputmethod.EditorInfoCompat.STYLUS_HANDWRITING_ENABLED=true}], hintText=null, hintLocales=[]}}, false)
02-09 15:17:25.076 I/KeyboardHeightUtil(19996): KeyboardHeightUtil.getOemKeyboardHeightRatio():108 systemKeyboardHeightRatio:1.000000.
02-09 15:17:25.106 D/WindowOnBackDispatcher(25327): setTopOnBackInvokedCallback (unwrapped): android.app.Activity$$ExternalSyntheticLambda0@5287d28
02-09 15:17:25.107 D/CoreBackPreview(19040): Window{c266703 u0 com.cybervpn.cybervpn_mobile.dev/com.cybervpn.cybervpn_mobile.MainActivity}: Setting back callback OnBackInvokedCallbackInfo{mCallback=android.window.IOnBackInvokedCallback$Stub$Proxy@a77bfc7, mPriority=-1, mIsAnimationCallback=false, mOverrideBehavior=0}
02-09 15:17:25.108 D/BiometricService(19040): canAuthenticate: User=0, Caller=0, Authenticators=255
02-09 15:17:25.109 D/BiometricService/PreAuthInfo(19040): Package: com.cybervpn.cybervpn_mobile.dev Sensor ID: 0 Modality: 2 User id: 0 Status: 7
02-09 15:17:25.110 D/BiometricService/PreAuthInfo(19040): getCanAuthenticateInternal Modality: 2 AuthenticatorStatus: 7
02-09 15:17:25.110 D/AuthService(19040): canAuthenticate, userId: 0, callingUserId: 0, authenticators: 255, result: 11
02-09 15:17:25.137 I/AssistStructure(25327): Flattened final assist data: 556 bytes, containing 1 windows, 3 views
02-09 15:17:25.138 D/AutofillSession(19040): createPendingIntent for request 746
02-09 15:17:25.138 D/ContentCapturePerUserService(19040): Notified activity assist data for activity: Token{afd47cf ActivityRecord{117633705 u0 com.cybervpn.cybervpn_mobile.dev/com.cybervpn.cybervpn_mobile.MainActivity t45}} without a session Id
02-09 15:17:25.139 D/InputConnectionAdaptor(25327): The input method toggled cursor monitoring on
02-09 15:17:25.142 D/ProfileInstaller(25327): Installing profile for com.cybervpn.cybervpn_mobile.dev
02-09 15:17:25.211 W/InputConnectionWrapper(19996): InputConnectionWrapper.recordDuration():1623 IPC IC_GET_SURROUNDING_TEXT took 134 ms
02-09 15:17:25.216 I/InputContextChangeTracker(19996): InputContextChangeTracker.fixLyingSelectionRangeFromSurroundingText():1678 fixLyingSelectionRangeFromSurroundingText(): [-1, -1]([-1, -1]) -> [0, 0]([0, 0])
02-09 15:17:25.223 I/AndroidIME(19996): InputBundleManager.loadActiveInputBundleId():528 loadActiveInputBundleId: en-US, ime_english_united_states
02-09 15:17:25.227 I/AndroidIME(19996): AbstractIme.onActivate():96 LatinIme.onActivate() : EditorInfo = EditorInfo{packageName=com.cybervpn.cybervpn_mobile.dev, inputType=8021, inputTypeString=EmailAddress[AutoCorrect], enableLearning=true, autoCorrection=true, autoComplete=true, imeOptions=2000005, privateImeOptions=null, actionName=NEXT, actionLabel=null, initialSelStart=-1, initialSelEnd=-1, initialCapsMode=0, label=null, fieldId=1, fieldName=null, extras=Bundle[{androidx.core.view.inputmethod.EditorInfoCompat.STYLUS_HANDWRITING_ENABLED=true}], hintText=null, hintLocales=[]}, IncognitoMode = false, DeviceLocked = false
02-09 15:17:25.232 I/InputBundle(19996): InputBundle.consumeEvent():1011 Skip consuming an event as keyboard status is INACTIVE
02-09 15:17:25.233 I/Delight5Facilitator(19996): Delight5Facilitator.initializeForIme():731 initializeForIme() : Locale = [en_US], layout = qwerty
02-09 15:17:25.244 I/LatinIme(19996): LatinIme.updateEnableInlineSuggestionsOnDecoderSideFlags():1246 inline flag updated to:false
02-09 15:17:25.250 I/LatinIme(19996): LatinIme.updateEnableInlineSuggestionsOnDecoderSideFlags():1246 inline flag updated to:false
02-09 15:17:25.275 I/InputBundle(19996): InputBundle.consumeEvent():1011 Skip consuming an event as keyboard status is INACTIVE
02-09 15:17:25.276 I/LatinIme(19996): LatinIme.resetInputContext():2250 resetInputContext(): reason=1, externalEditsInfo=ExternalEditsInfo{action=0, offset=-1, text=null, originalText=null, edits=null}
02-09 15:17:25.276 I/InputBundle(19996): InputBundle.consumeEvent():1011 Skip consuming an event as keyboard status is INACTIVE
02-09 15:17:25.280 I/KeyboardWrapper(19996): KeyboardWrapper.activateKeyboard():581 activateKeyboard(): type=accessory, status=INACTIVE, imeDef=mir{stringId=ime_english_united_states, language=en-US, languageTag=en-US, processedConditions={writing_helper_enable_by_word_revert=false, true=true, enable_number_row=false, device=phone, enable_pk_simulator=false}, className=com.google.android.apps.inputmethod.libs.latin5.LatinIme, label=0, keyEventInterpreter=null, inlineComposing=true, autoCapital=true, announceAutoSelectedCandidate=true, statusIcon=0, indicatorIcon=0, indicatorLabel=US, displayAppCompletions=true, extraValues=mik{#0x7f0b02e0=TypedValue{t=0x3/d=0x0 "com.google.android.apps.inputmethod.libs.latin5.LatinIme"}}, processors=mkj@71f359f, unacceptableMetaKeys=4098, languageSpecificSettings=0, asciiCapable=true, alwaysShowSuggestions=false, useAsciiPasswordKeyboard=false, keyboardGroupDef=mjs@5fb8b0d, phenotypeFlagId=0, localizationLanguageTag=null, supportsInlineSuggestion=true}
02-09 15:17:25.282 I/KeyboardManager(19996): KeyboardManager.requestKeyboard():248 Creating keyboard accessory, imeId=ime_english_united_states, cacheKey=theme,!gsf,!pgsans,!pgsf,!use_system_font,BORDER,FLAVOR_DPI=XXHDPI,GOOGLE_ICONS,KEYBOARD_WIDTH_CATEGORY=NORMAL,KEY_BORDER_SHAPE=1,LIGHT_THEME=false,PHYSICAL_DIAGONAL=6.1297245,POPUP,SCREEN_SHORTEST_WIDTH=411,SCREEN_SHORTEST_WIDTH_NO_SCALE=411,SW400DP,XXHDPI,bottom4dp,enable_emoji_kitchen_browse_color_v2=true,enable_google_fonts_icons=true,enable_popup_on_keypress=true,keyboard_redesign_google_sans=true,non_linear_scale,noshadow,overlay_builtin_dynamic_color_dark_base.binarypb:gm3-dark-ff0d0e12-ffbac5ee-2c17b68c1e2c11098976748f8f22233d,roundedchip,silkpopup
02-09 15:17:25.283 I/KeyboardWrapper(19996): KeyboardWrapper.onKeyboardReady():224 onKeyboardReady(): type=accessory(accessory), kb=com.google.android.libraries.inputmethod.keyboard.impl.Keyboard@81d930a
02-09 15:17:25.284 I/KeyboardWrapper(19996): KeyboardWrapper.doActivateKeyboard():611 doActivateKeyboard(): accessory
02-09 15:17:25.284 W/Keyboard(19996): Keyboard.getKeyboardViewHelper():600 null helper is returned: keyboardDef=mjl{processedConditions={}, globalConditions={}, className=com.google.android.libraries.inputmethod.keyboard.impl.Keyboard, resourceIds=[#0x7f17004d], initialStates=0, keyboardViewDefs=[], persistentStates=0, persistentStatesPrefKey=null, popupBubbleLayoutId=0, recentKeyLayoutId=0, recentKeyPopupLayoutId=0, recentKeyType=null, rememberRecentKey=NONE, sessionStates=0}, type=HEADER, helpersCreated=[null, null, null, null], context.getResources().getConfiguration(): {1.0 ?mcc0mnc [en_US] ldltr sw411dp w411dp h914dp 420dpi nrml long compactNeeded port night finger qwerty/v/v dpad/v winConfig={ mBounds=Rect(0, 0 - 1080, 2400) mAppBounds=Rect(0, 0 - 1080, 2400) mMaxBounds=Rect(0, 0 - 1080, 2400) mDisplayRotation=ROTATION_0 mWindowingMode=fullscreen mActivityType=undefined mAlwaysOnTop=undefined mRotation=ROTATION_0} s.6 fontWeightAdjustment=0}
02-09 15:17:25.286 W/Keyboard(19996): Keyboard.getKeyboardViewHelper():600 null helper is returned: keyboardDef=mjl{processedConditions={}, globalConditions={}, className=com.google.android.libraries.inputmethod.keyboard.impl.Keyboard, resourceIds=[#0x7f17004d], initialStates=0, keyboardViewDefs=[], persistentStates=0, persistentStatesPrefKey=null, popupBubbleLayoutId=0, recentKeyLayoutId=0, recentKeyPopupLayoutId=0, recentKeyType=null, rememberRecentKey=NONE, sessionStates=0}, type=BODY, helpersCreated=[null, null, null, null], context.getResources().getConfiguration(): {1.0 ?mcc0mnc [en_US] ldltr sw411dp w411dp h914dp 420dpi nrml long compactNeeded port night finger qwerty/v/v dpad/v winConfig={ mBounds=Rect(0, 0 - 1080, 2400) mAppBounds=Rect(0, 0 - 1080, 2400) mMaxBounds=Rect(0, 0 - 1080, 2400) mDisplayRotation=ROTATION_0 mWindowingMode=fullscreen mActivityType=undefined mAlwaysOnTop=undefined mRotation=ROTATION_0} s.6 fontWeightAdjustment=0}
02-09 15:17:25.286 I/GlobeKeyExtension(19996): GlobeKeyExtension.getKeyboardInitialStates():175 
02-09 15:17:25.289 W/Keyboard(19996): Keyboard.getKeyboardViewHelper():600 null helper is returned: keyboardDef=mjl{processedConditions={}, globalConditions={}, className=com.google.android.libraries.inputmethod.keyboard.impl.Keyboard, resourceIds=[#0x7f17004d], initialStates=0, keyboardViewDefs=[], persistentStates=0, persistentStatesPrefKey=null, popupBubbleLayoutId=0, recentKeyLayoutId=0, recentKeyPopupLayoutId=0, recentKeyType=null, rememberRecentKey=NONE, sessionStates=0}, type=HEADER, helpersCreated=[null, null, null, null], context.getResources().getConfiguration(): {1.0 ?mcc0mnc [en_US] ldltr sw411dp w411dp h914dp 420dpi nrml long compactNeeded port night finger qwerty/v/v dpad/v winConfig={ mBounds=Rect(0, 0 - 1080, 2400) mAppBounds=Rect(0, 0 - 1080, 2400) mMaxBounds=Rect(0, 0 - 1080, 2400) mDisplayRotation=ROTATION_0 mWindowingMode=fullscreen mActivityType=undefined mAlwaysOnTop=undefined mRotation=ROTATION_0} s.6 fontWeightAdjustment=0}
02-09 15:17:25.289 W/Keyboard(19996): Keyboard.getKeyboardViewHelper():600 null helper is returned: keyboardDef=mjl{processedConditions={}, globalConditions={}, className=com.google.android.libraries.inputmethod.keyboard.impl.Keyboard, resourceIds=[#0x7f17004d], initialStates=0, keyboardViewDefs=[], persistentStates=0, persistentStatesPrefKey=null, popupBubbleLayoutId=0, recentKeyLayoutId=0, recentKeyPopupLayoutId=0, recentKeyType=null, rememberRecentKey=NONE, sessionStates=0}, type=BODY, helpersCreated=[null, null, null, null], context.getResources().getConfiguration(): {1.0 ?mcc0mnc [en_US] ldltr sw411dp w411dp h914dp 420dpi nrml long compactNeeded port night finger qwerty/v/v dpad/v winConfig={ mBounds=Rect(0, 0 - 1080, 2400) mAppBounds=Rect(0, 0 - 1080, 2400) mMaxBounds=Rect(0, 0 - 1080, 2400) mDisplayRotation=ROTATION_0 mWindowingMode=fullscreen mActivityType=undefined mAlwaysOnTop=undefined mRotation=ROTATION_0} s.6 fontWeightAdjustment=0}
02-09 15:17:25.289 W/Keyboard(19996): Keyboard.getKeyboardViewHelper():600 null helper is returned: keyboardDef=mjl{processedConditions={}, globalConditions={}, className=com.google.android.libraries.inputmethod.keyboard.impl.Keyboard, resourceIds=[#0x7f17004d], initialStates=0, keyboardViewDefs=[], persistentStates=0, persistentStatesPrefKey=null, popupBubbleLayoutId=0, recentKeyLayoutId=0, recentKeyPopupLayoutId=0, recentKeyType=null, rememberRecentKey=NONE, sessionStates=0}, type=FLOATING_CANDIDATES, helpersCreated=[null, null, null, null], context.getResources().getConfiguration(): {1.0 ?mcc0mnc [en_US] ldltr sw411dp w411dp h914dp 420dpi nrml long compactNeeded port night finger qwerty/v/v dpad/v winConfig={ mBounds=Rect(0, 0 - 1080, 2400) mAppBounds=Rect(0, 0 - 1080, 2400) mMaxBounds=Rect(0, 0 - 1080, 2400) mDisplayRotation=ROTATION_0 mWindowingMode=fullscreen mActivityType=undefined mAlwaysOnTop=undefined mRotation=ROTATION_0} s.6 fontWeightAdjustment=0}
02-09 15:17:25.289 W/Keyboard(19996): Keyboard.getKeyboardViewHelper():600 null helper is returned: keyboardDef=mjl{processedConditions={}, globalConditions={}, className=com.google.android.libraries.inputmethod.keyboard.impl.Keyboard, resourceIds=[#0x7f17004d], initialStates=0, keyboardViewDefs=[], persistentStates=0, persistentStatesPrefKey=null, popupBubbleLayoutId=0, recentKeyLayoutId=0, recentKeyPopupLayoutId=0, recentKeyType=null, rememberRecentKey=NONE, sessionStates=0}, type=WIDGET, helpersCreated=[null, null, null, null], context.getResources().getConfiguration(): {1.0 ?mcc0mnc [en_US] ldltr sw411dp w411dp h914dp 420dpi nrml long compactNeeded port night finger qwerty/v/v dpad/v winConfig={ mBounds=Rect(0, 0 - 1080, 2400) mAppBounds=Rect(0, 0 - 1080, 2400) mMaxBounds=Rect(0, 0 - 1080, 2400) mDisplayRotation=ROTATION_0 mWindowingMode=fullscreen mActivityType=undefined mAlwaysOnTop=undefined mRotation=ROTATION_0} s.6 fontWeightAdjustment=0}
02-09 15:17:25.290 I/KeyboardManager(19996): KeyboardManager.requestKeyboard():248 Creating keyboard accessory_candidates_consumer, imeId=ime_english_united_states, cacheKey=theme,!gsf,!pgsans,!pgsf,!use_system_font,BORDER,FLAVOR_DPI=XXHDPI,GOOGLE_ICONS,KEYBOARD_WIDTH_CATEGORY=NORMAL,KEY_BORDER_SHAPE=1,LIGHT_THEME=false,PHYSICAL_DIAGONAL=6.1297245,POPUP,SCREEN_SHORTEST_WIDTH=411,SCREEN_SHORTEST_WIDTH_NO_SCALE=411,SW400DP,XXHDPI,bottom4dp,enable_emoji_kitchen_browse_color_v2=true,enable_google_fonts_icons=true,enable_popup_on_keypress=true,keyboard_redesign_google_sans=true,non_linear_scale,noshadow,overlay_builtin_dynamic_color_dark_base.binarypb:gm3-dark-ff0d0e12-ffbac5ee-2c17b68c1e2c11098976748f8f22233d,roundedchip,silkpopup
