02-09 15:00:00.341 E/BluetoothPowerStatsCollector(19040): 	at android.bluetooth.BluetoothAdapter.lambda$requestControllerActivityEnergyInfo$27(BluetoothAdapter.java:2513)
02-09 15:00:00.341 E/BluetoothPowerStatsCollector(19040): 	at android.bluetooth.BluetoothAdapter$$ExternalSyntheticLambda27.run(D8$$SyntheticClass:0)
02-09 15:00:00.341 E/BluetoothPowerStatsCollector(19040): 	at com.android.server.SystemServerInitThreadPool$$ExternalSyntheticLambda0.execute(R8$$SyntheticClass:0)
02-09 15:00:00.341 E/BluetoothPowerStatsCollector(19040): 	at android.bluetooth.BluetoothAdapter.requestControllerActivityEnergyInfo(BluetoothAdapter.java:2511)
02-09 15:00:00.341 E/BluetoothPowerStatsCollector(19040): 	at com.android.server.power.stats.BatteryStatsImpl$BluetoothStatsRetrieverImpl.requestControllerActivityEnergyInfo(BatteryStatsImpl.java:471)
02-09 15:00:00.341 E/BluetoothPowerStatsCollector(19040): 	at com.android.server.power.stats.BluetoothPowerStatsCollector.collectBluetoothActivityInfo(BluetoothPowerStatsCollector.java:169)
02-09 15:00:00.341 E/BluetoothPowerStatsCollector(19040): 	... 11 more
02-09 15:00:00.369 D/DataProcessor(22418): getBatteryUsageStats() from BatteryStatsManager in 231/ms, maxStatsAgeMs=0
02-09 15:00:00.374 W/PowerProfile(22418): ambient.on is deprecated! Use ambient.on.display0 instead.
02-09 15:00:00.374 W/PowerProfile(22418): screen.on is deprecated! Use screen.on.display0 instead.
02-09 15:00:00.374 W/PowerProfile(22418): screen.full is deprecated! Use screen.full.display0 instead.
02-09 15:00:00.376 W/ModemPowerProfile(22418): getAverageBatteryDrainMaH called with unexpected key: 0x0, drain:SLEEP,RAT:DEFAULT
02-09 15:00:00.376 W/ModemPowerProfile(22418): getAverageBatteryDrainMaH called with unexpected key: 0x10000000, drain:IDLE,RAT:DEFAULT
02-09 15:00:00.378 W/ModemPowerProfile(22418): getAverageBatteryDrainMaH called with unexpected key: 0x20000000, drain:RX,RAT:DEFAULT
02-09 15:00:00.379 W/ModemPowerProfile(22418): getAverageBatteryDrainMaH called with unexpected key: 0x30000000, drain:TX,level:0,RAT:DEFAULT
02-09 15:00:00.379 W/ModemPowerProfile(22418): getAverageBatteryDrainMaH called with unexpected key: 0x31000000, drain:TX,level:1,RAT:DEFAULT
02-09 15:00:00.379 W/ModemPowerProfile(22418): getAverageBatteryDrainMaH called with unexpected key: 0x32000000, drain:TX,level:2,RAT:DEFAULT
02-09 15:00:00.379 W/ModemPowerProfile(22418): getAverageBatteryDrainMaH called with unexpected key: 0x33000000, drain:TX,level:3,RAT:DEFAULT
02-09 15:00:00.379 W/ModemPowerProfile(22418): getAverageBatteryDrainMaH called with unexpected key: 0x34000000, drain:TX,level:4,RAT:DEFAULT
02-09 15:00:00.379 W/DataProcessor(22418): shouldShowBatteryAttributionList(): 0.1
02-09 15:00:00.379 W/BatteryUsageDataLoader(22418): getBatteryEntryList() returns null or empty content
02-09 15:00:00.379 D/BatteryUsageDataLoader(22418): getBatteryUsageStats() in 280/ms
02-09 15:00:00.424 D/DatabaseUtils(22418): insert() data into database with isFullChargeStart:false
02-09 15:00:00.429 D/DatabaseUtils(22418): sendBatteryEntryData() size=1 in 50/ms
02-09 15:00:00.439 D/BatteryUsageContentProvider(22418): getQueryUserId from uri: content://com.android.settings.battery.usage.provider/appUsageLatestTimestamp?userid=0
02-09 15:00:00.440 D/BatteryUsageContentProvider(22418): getAppUsageLatestTimestamp() for user 0 in 1/ms
02-09 15:00:00.442 D/DatabaseUtils(22418): getAppUsageStartTimestampOfUser() userId=0 latestTimestamp=Feb 09, 2026, 13:59:20 in 3/ms
02-09 15:00:00.447 D/DataProcessor(22418): getAppUsageEventsForUser(): 0 from 1770645560843 to 1770649200439 in 5/ms
02-09 15:00:00.448 D/DataProcessor(22418): getAppUsageEvents() for all unlocked users in 8/ms
02-09 15:00:00.462 D/DataProcessor(22418): Read 7 relevant events (7 total) from UsageStatsManager for user 0
02-09 15:00:00.462 W/DataProcessor(22418): Read 7 relevant events (7 total) from UsageStatsManager for all users
02-09 15:00:00.462 D/BatteryUsageDataLoader(22418): loadAppUsageData() size=7 in 23/ms
02-09 15:00:00.471 D/DatabaseUtils(22418): insert() app usage events data into database
02-09 15:00:00.471 D/DatabaseUtils(22418): sendAppUsageEventData() size=7 in 9/ms
02-09 15:00:00.471 D/BatteryUsageContentProvider(22418): getLastFullChargeTimestamp() in 0/ms
02-09 15:00:00.472 D/DatabaseUtils(22418): getLastFullChargeTime() lastFullChargeTime=Jan 01, 1970, 00:00:00 in 1/ms
02-09 15:00:00.472 D/DatabaseUtils(22418): getBatteryEvents for timestamp: 1770076800000
02-09 15:00:00.472 D/BatteryUsageContentProvider(22418): getQueryBatteryEventTypes from uri: content://com.android.settings.battery.usage.provider/BatteryEvent?timestamp=1770076800000&batteryEventType=3%2C4
02-09 15:00:00.473 D/BatteryUsageContentProvider(22418): getQueryTimestamp from uri: content://com.android.settings.battery.usage.provider/BatteryEvent?timestamp=1770076800000&batteryEventType=3%2C4
02-09 15:00:00.473 W/BatteryUsageContentProvider(22418): getBatteryEvents() in 0/ms
02-09 15:00:00.474 D/DatabaseUtils(22418): getBatteryEvents size=110 in 2/ms
02-09 15:00:00.474 D/DataProcessManager(22418): getPeriodBatteryLevelData() startTimestamp=Feb 09, 2026, 14:00:00
02-09 15:00:00.475 D/DataProcessManager(22418): execute getBatteryLevelData in 4/ms, batteryLevelRecordEvents.size=110
02-09 15:00:00.475 D/BatteryUsageDataLoader(22418): preprocessBatteryUsageSlots() no new battery usage data.
02-09 15:00:00.475 D/BatteryUsageDataLoader(22418): loadUsageDataSafely() in 378/ms
02-09 15:00:01.047 I/HalDevMgr(19040): bestIfaceCreationProposal is null, requestIface=STA, existingIface=[name=wlan0 type=STA]
02-09 15:00:04.054 I/HalDevMgr(19040): bestIfaceCreationProposal is null, requestIface=STA, existingIface=[name=wlan0 type=STA]
02-09 15:00:04.796 D/ActivityManager(19040): freezing 24150 com.google.android.as.oss
02-09 15:00:04.800 D/InetDiagMessage(19040): Destroyed 0 sockets, proto=IPPROTO_TCP, family=AF_INET, states=14
02-09 15:00:04.801 D/InetDiagMessage(19040): Destroyed 0 sockets, proto=IPPROTO_TCP, family=AF_INET6, states=14
02-09 15:00:04.801 D/InetDiagMessage(19040): Destroyed live tcp sockets for uids={10144} in 1ms
02-09 15:00:07.059 I/HalDevMgr(19040): bestIfaceCreationProposal is null, requestIface=STA, existingIface=[name=wlan0 type=STA]
02-09 15:00:09.435 W/libbinder.BackendUnifiedServiceManager(24319): Thread Pool max thread count is 0. Cannot cache binder as linkToDeath cannot be implemented. serviceName: package
02-09 15:00:09.524 I/artd    (20248): GetBestInfo: odex next to the dex file (/data/app/~~Ri4OoI6S_XJsFiVFmMlgSA==/com.google.android.gms-nTpiuVu_Zh0lPX1I4eyBtA==/oat/x86_64/base.odex) is kOatUpToDate with filter 'speed-profile' executable 'false'
02-09 15:00:09.527 I/artd    (20248): GetBestInfo: odex next to the dex file (/data/app/~~Ri4OoI6S_XJsFiVFmMlgSA==/com.google.android.gms-nTpiuVu_Zh0lPX1I4eyBtA==/oat/x86_64/split_AdsDynamite_installtime.odex) is kOatUpToDate with filter 'speed' executable 'false'
02-09 15:00:09.528 I/artd    (20248): GetBestInfo: odex next to the dex file (/data/app/~~Ri4OoI6S_XJsFiVFmMlgSA==/com.google.android.gms-nTpiuVu_Zh0lPX1I4eyBtA==/oat/x86_64/split_CronetDynamite_installtime.odex) is kOatUpToDate with filter 'speed' executable 'false'
02-09 15:00:09.531 I/artd    (20248): GetBestInfo: odex next to the dex file (/data/app/~~Ri4OoI6S_XJsFiVFmMlgSA==/com.google.android.gms-nTpiuVu_Zh0lPX1I4eyBtA==/oat/x86_64/split_DynamiteLoader_installtime.odex) is kOatUpToDate with filter 'speed' executable 'false'
02-09 15:00:09.532 I/artd    (20248): GetBestInfo: odex next to the dex file (/data/app/~~Ri4OoI6S_XJsFiVFmMlgSA==/com.google.android.gms-nTpiuVu_Zh0lPX1I4eyBtA==/oat/x86_64/split_DynamiteModulesA_installtime.odex) is kOatUpToDate with filter 'speed' executable 'false'
02-09 15:00:09.533 I/artd    (20248): GetBestInfo: odex next to the dex file (/data/app/~~Ri4OoI6S_XJsFiVFmMlgSA==/com.google.android.gms-nTpiuVu_Zh0lPX1I4eyBtA==/oat/x86_64/split_DynamiteModulesC_installtime.odex) is kOatUpToDate with filter 'speed' executable 'false'
02-09 15:00:09.534 I/artd    (20248): GetBestInfo: odex next to the dex file (/data/app/~~Ri4OoI6S_XJsFiVFmMlgSA==/com.google.android.gms-nTpiuVu_Zh0lPX1I4eyBtA==/oat/x86_64/split_GoogleCertificates_installtime.odex) is kOatUpToDate with filter 'speed' executable 'false'
02-09 15:00:09.536 I/artd    (20248): GetBestInfo: odex next to the dex file (/data/app/~~Ri4OoI6S_XJsFiVFmMlgSA==/com.google.android.gms-nTpiuVu_Zh0lPX1I4eyBtA==/oat/x86_64/split_MapsDynamite_installtime.odex) is kOatUpToDate with filter 'speed' executable 'false'
02-09 15:00:09.538 I/artd    (20248): GetBestInfo: odex next to the dex file (/data/app/~~Ri4OoI6S_XJsFiVFmMlgSA==/com.google.android.gms-nTpiuVu_Zh0lPX1I4eyBtA==/oat/x86_64/split_MeasurementDynamite_installtime.odex) is kOatUpToDate with filter 'speed' executable 'false'
02-09 15:00:09.539 I/artd    (20248): GetBestInfo: odex next to the dex file (/data/app/~~Ri4OoI6S_XJsFiVFmMlgSA==/com.google.android.gms-nTpiuVu_Zh0lPX1I4eyBtA==/oat/x86_64/split_all_locale_splits.odex) is kOatUpToDate with filter 'speed' executable 'false'
02-09 15:00:09.543 I/artd    (20248): GetBestInfo: /data/user_de/0/com.google.android.gms/app_chimera/m/0000000f/dl-VisionOcr.optional_260235100000.apk has no usable artifacts
02-09 15:00:09.544 I/artd    (20248): GetBestInfo: /data/user_de/0/com.google.android.gms/app_chimera/m/00000013/dl-MlkitBarcodeUi.optional_260235100800.apk has no usable artifacts
02-09 15:00:09.547 I/artd    (20248): GetBestInfo: /data/user_de/0/com.google.android.gms/app_chimera/m/00000001/CronetDynamite.apk has no usable artifacts
02-09 15:00:09.549 I/artd    (20248): GetBestInfo: /data/user_de/0/com.google.android.gms/app_chimera/m/0000000a/dl-MlkitBarcodeUi.optional_253434100800.apk has no usable artifacts
02-09 15:00:09.550 I/artd    (20248): GetBestInfo: /data/user_de/0/com.google.android.gms/app_chimera/m/00000002/DynamiteLoader.apk has no usable artifacts
02-09 15:00:09.550 I/artd    (20248): GetBestInfo: /data/user_de/0/com.google.android.gms/app_chimera/m/00000005/GoogleCertificates.apk has no usable artifacts
02-09 15:00:09.551 I/artd    (20248): GetBestInfo: /data/user_de/0/com.google.android.gms/app_chimera/m/00000009/dl-TfliteDynamiteDynamite.integ_252130102100800.apk has no usable artifacts
02-09 15:00:09.552 I/artd    (20248): GetBestInfo: vdex next to the dex file (/data/user/0/com.google.android.gms/app_dg_cache/CF98DA544914DD75038B6CE6DBC852B6C43EC876/oat/x86_64/the.vdex) is kOatUpToDate with filter 'verify' executable 'false'
02-09 15:00:09.554 I/artd    (20248): GetBestInfo: /data/user_de/0/com.google.android.gms/app_chimera/m/00000014/dl-MlkitOcrCommon.optional_260235100800.apk has no usable artifacts
02-09 15:00:09.555 I/artd    (20248): GetBestInfo: /data/user_de/0/com.google.android.gms/app_chimera/m/00000011/dl-Appsearch.optional_260235100800.apk has no usable artifacts
02-09 15:00:09.556 I/artd    (20248): GetBestInfo: /data/user_de/0/com.google.android.gms/app_chimera/m/00000010/dl-PlayCloudSearch.optional_260235100000.apk has no usable artifacts
02-09 15:00:09.557 I/artd    (20248): GetBestInfo: /data/user_de/0/com.google.android.gms/app_chimera/m/0000000b/dl-PlayCloudSearch.optional_253434100000.apk has no usable artifacts
02-09 15:00:09.559 I/artd    (20248): GetBestInfo: /data/user_de/0/com.google.android.gms/app_chimera/m/0000000e/dl-Appsearch.optional_253434100800.apk has no usable artifacts
02-09 15:00:09.560 I/artd    (20248): GetBestInfo: /data/user_de/0/com.google.android.gms/app_chimera/m/00000007/MeasurementDynamite.apk has no usable artifacts
02-09 15:00:10.065 I/HalDevMgr(19040): bestIfaceCreationProposal is null, requestIface=STA, existingIface=[name=wlan0 type=STA]
02-09 15:00:11.519 D/InetDiagMessage(19040): Destroyed 0 sockets, proto=IPPROTO_TCP, family=AF_INET, states=14
02-09 15:00:11.520 D/InetDiagMessage(19040): Destroyed 0 sockets, proto=IPPROTO_TCP, family=AF_INET6, states=14
02-09 15:00:11.520 D/InetDiagMessage(19040): Destroyed live tcp sockets for uids={10157} in 2ms
02-09 15:00:11.521 D/InetDiagMessage(19040): Destroyed 0 sockets, proto=IPPROTO_TCP, family=AF_INET, states=14
02-09 15:00:11.521 D/InetDiagMessage(19040): Destroyed 0 sockets, proto=IPPROTO_TCP, family=AF_INET6, states=14
02-09 15:00:11.521 D/InetDiagMessage(19040): Destroyed live tcp sockets for uids={20157} in 0ms
02-09 15:00:13.070 I/HalDevMgr(19040): bestIfaceCreationProposal is null, requestIface=STA, existingIface=[name=wlan0 type=STA]
02-09 15:00:16.077 I/HalDevMgr(19040): bestIfaceCreationProposal is null, requestIface=STA, existingIface=[name=wlan0 type=STA]
02-09 15:00:19.084 I/HalDevMgr(19040): bestIfaceCreationProposal is null, requestIface=STA, existingIface=[name=wlan0 type=STA]
02-09 15:00:19.422 W/libbinder.BackendUnifiedServiceManager(24326): Thread Pool max thread count is 0. Cannot cache binder as linkToDeath cannot be implemented. serviceName: package
02-09 15:00:19.498 I/artd    (20248): GetBestInfo: odex next to the dex file (/data/app/~~Ri4OoI6S_XJsFiVFmMlgSA==/com.google.android.gms-nTpiuVu_Zh0lPX1I4eyBtA==/oat/x86_64/base.odex) is kOatUpToDate with filter 'speed-profile' executable 'false'
02-09 15:00:19.500 I/artd    (20248): GetBestInfo: odex next to the dex file (/data/app/~~Ri4OoI6S_XJsFiVFmMlgSA==/com.google.android.gms-nTpiuVu_Zh0lPX1I4eyBtA==/oat/x86_64/split_AdsDynamite_installtime.odex) is kOatUpToDate with filter 'speed' executable 'false'
02-09 15:00:19.501 I/artd    (20248): GetBestInfo: odex next to the dex file (/data/app/~~Ri4OoI6S_XJsFiVFmMlgSA==/com.google.android.gms-nTpiuVu_Zh0lPX1I4eyBtA==/oat/x86_64/split_CronetDynamite_installtime.odex) is kOatUpToDate with filter 'speed' executable 'false'
02-09 15:00:19.502 I/artd    (20248): GetBestInfo: odex next to the dex file (/data/app/~~Ri4OoI6S_XJsFiVFmMlgSA==/com.google.android.gms-nTpiuVu_Zh0lPX1I4eyBtA==/oat/x86_64/split_DynamiteLoader_installtime.odex) is kOatUpToDate with filter 'speed' executable 'false'
02-09 15:00:19.503 I/artd    (20248): GetBestInfo: odex next to the dex file (/data/app/~~Ri4OoI6S_XJsFiVFmMlgSA==/com.google.android.gms-nTpiuVu_Zh0lPX1I4eyBtA==/oat/x86_64/split_DynamiteModulesA_installtime.odex) is kOatUpToDate with filter 'speed' executable 'false'
02-09 15:00:19.504 I/artd    (20248): GetBestInfo: odex next to the dex file (/data/app/~~Ri4OoI6S_XJsFiVFmMlgSA==/com.google.android.gms-nTpiuVu_Zh0lPX1I4eyBtA==/oat/x86_64/split_DynamiteModulesC_installtime.odex) is kOatUpToDate with filter 'speed' executable 'false'
02-09 15:00:19.506 I/artd    (20248): GetBestInfo: odex next to the dex file (/data/app/~~Ri4OoI6S_XJsFiVFmMlgSA==/com.google.android.gms-nTpiuVu_Zh0lPX1I4eyBtA==/oat/x86_64/split_GoogleCertificates_installtime.odex) is kOatUpToDate with filter 'speed' executable 'false'
02-09 15:00:19.508 I/artd    (20248): GetBestInfo: odex next to the dex file (/data/app/~~Ri4OoI6S_XJsFiVFmMlgSA==/com.google.android.gms-nTpiuVu_Zh0lPX1I4eyBtA==/oat/x86_64/split_MapsDynamite_installtime.odex) is kOatUpToDate with filter 'speed' executable 'false'
02-09 15:00:19.509 I/artd    (20248): GetBestInfo: odex next to the dex file (/data/app/~~Ri4OoI6S_XJsFiVFmMlgSA==/com.google.android.gms-nTpiuVu_Zh0lPX1I4eyBtA==/oat/x86_64/split_MeasurementDynamite_installtime.odex) is kOatUpToDate with filter 'speed' executable 'false'
02-09 15:00:19.510 I/artd    (20248): GetBestInfo: odex next to the dex file (/data/app/~~Ri4OoI6S_XJsFiVFmMlgSA==/com.google.android.gms-nTpiuVu_Zh0lPX1I4eyBtA==/oat/x86_64/split_all_locale_splits.odex) is kOatUpToDate with filter 'speed' executable 'false'
02-09 15:00:19.511 I/artd    (20248): GetBestInfo: /data/user_de/0/com.google.android.gms/app_chimera/m/0000000f/dl-VisionOcr.optional_260235100000.apk has no usable artifacts
02-09 15:00:19.513 I/artd    (20248): GetBestInfo: /data/user_de/0/com.google.android.gms/app_chimera/m/00000013/dl-MlkitBarcodeUi.optional_260235100800.apk has no usable artifacts
02-09 15:00:19.513 I/artd    (20248): GetBestInfo: /data/user_de/0/com.google.android.gms/app_chimera/m/00000001/CronetDynamite.apk has no usable artifacts
02-09 15:00:19.514 I/artd    (20248): GetBestInfo: /data/user_de/0/com.google.android.gms/app_chimera/m/0000000a/dl-MlkitBarcodeUi.optional_253434100800.apk has no usable artifacts
02-09 15:00:19.515 I/artd    (20248): GetBestInfo: /data/user_de/0/com.google.android.gms/app_chimera/m/00000002/DynamiteLoader.apk has no usable artifacts
02-09 15:00:19.515 I/artd    (20248): GetBestInfo: /data/user_de/0/com.google.android.gms/app_chimera/m/00000005/GoogleCertificates.apk has no usable artifacts
02-09 15:00:19.516 I/artd    (20248): GetBestInfo: /data/user_de/0/com.google.android.gms/app_chimera/m/00000009/dl-TfliteDynamiteDynamite.integ_252130102100800.apk has no usable artifacts
02-09 15:00:19.517 I/artd    (20248): GetBestInfo: vdex next to the dex file (/data/user/0/com.google.android.gms/app_dg_cache/CF98DA544914DD75038B6CE6DBC852B6C43EC876/oat/x86_64/the.vdex) is kOatUpToDate with filter 'verify' executable 'false'
02-09 15:00:19.518 I/artd    (20248): GetBestInfo: /data/user_de/0/com.google.android.gms/app_chimera/m/00000014/dl-MlkitOcrCommon.optional_260235100800.apk has no usable artifacts
02-09 15:00:19.519 I/artd    (20248): GetBestInfo: /data/user_de/0/com.google.android.gms/app_chimera/m/00000011/dl-Appsearch.optional_260235100800.apk has no usable artifacts
02-09 15:00:19.519 I/artd    (20248): GetBestInfo: /data/user_de/0/com.google.android.gms/app_chimera/m/00000010/dl-PlayCloudSearch.optional_260235100000.apk has no usable artifacts
02-09 15:00:19.520 I/artd    (20248): GetBestInfo: /data/user_de/0/com.google.android.gms/app_chimera/m/0000000b/dl-PlayCloudSearch.optional_253434100000.apk has no usable artifacts
02-09 15:00:19.522 I/artd    (20248): GetBestInfo: /data/user_de/0/com.google.android.gms/app_chimera/m/0000000e/dl-Appsearch.optional_253434100800.apk has no usable artifacts
02-09 15:00:19.523 I/artd    (20248): GetBestInfo: /data/user_de/0/com.google.android.gms/app_chimera/m/00000007/MeasurementDynamite.apk has no usable artifacts
02-09 15:00:20.068 D/ActivityManager(19040): freezing 23046 com.android.keychain
02-09 15:00:22.093 I/HalDevMgr(19040): bestIfaceCreationProposal is null, requestIface=STA, existingIface=[name=wlan0 type=STA]
02-09 15:00:25.099 I/HalDevMgr(19040): bestIfaceCreationProposal is null, requestIface=STA, existingIface=[name=wlan0 type=STA]
02-09 15:00:28.106 I/HalDevMgr(19040): bestIfaceCreationProposal is null, requestIface=STA, existingIface=[name=wlan0 type=STA]
02-09 15:00:28.579 D/WifiNl80211Manager(19040): Scan result ready event
02-09 15:00:28.579 D/WifiNative(19040): Scan result ready event
02-09 15:00:28.580 I/WifiScanner(19837): onFullResults
02-09 15:00:28.580 I/WifiScanner(19837): onFullResults
02-09 15:00:28.582 I/HalDevMgr(19040): bestIfaceCreationProposal is null, requestIface=STA, existingIface=[name=wlan0 type=STA]
02-09 15:00:29.412 W/libbinder.BackendUnifiedServiceManager(24330): Thread Pool max thread count is 0. Cannot cache binder as linkToDeath cannot be implemented. serviceName: package
02-09 15:00:29.466 I/artd    (20248): GetBestInfo: odex next to the dex file (/data/app/~~Ri4OoI6S_XJsFiVFmMlgSA==/com.google.android.gms-nTpiuVu_Zh0lPX1I4eyBtA==/oat/x86_64/base.odex) is kOatUpToDate with filter 'speed-profile' executable 'false'
02-09 15:00:29.468 I/artd    (20248): GetBestInfo: odex next to the dex file (/data/app/~~Ri4OoI6S_XJsFiVFmMlgSA==/com.google.android.gms-nTpiuVu_Zh0lPX1I4eyBtA==/oat/x86_64/split_AdsDynamite_installtime.odex) is kOatUpToDate with filter 'speed' executable 'false'
02-09 15:00:29.471 I/artd    (20248): GetBestInfo: odex next to the dex file (/data/app/~~Ri4OoI6S_XJsFiVFmMlgSA==/com.google.android.gms-nTpiuVu_Zh0lPX1I4eyBtA==/oat/x86_64/split_CronetDynamite_installtime.odex) is kOatUpToDate with filter 'speed' executable 'false'
02-09 15:00:29.472 I/artd    (20248): GetBestInfo: odex next to the dex file (/data/app/~~Ri4OoI6S_XJsFiVFmMlgSA==/com.google.android.gms-nTpiuVu_Zh0lPX1I4eyBtA==/oat/x86_64/split_DynamiteLoader_installtime.odex) is kOatUpToDate with filter 'speed' executable 'false'
02-09 15:00:29.473 I/artd    (20248): GetBestInfo: odex next to the dex file (/data/app/~~Ri4OoI6S_XJsFiVFmMlgSA==/com.google.android.gms-nTpiuVu_Zh0lPX1I4eyBtA==/oat/x86_64/split_DynamiteModulesA_installtime.odex) is kOatUpToDate with filter 'speed' executable 'false'
02-09 15:00:29.475 I/artd    (20248): GetBestInfo: odex next to the dex file (/data/app/~~Ri4OoI6S_XJsFiVFmMlgSA==/com.google.android.gms-nTpiuVu_Zh0lPX1I4eyBtA==/oat/x86_64/split_DynamiteModulesC_installtime.odex) is kOatUpToDate with filter 'speed' executable 'false'
02-09 15:00:29.476 I/artd    (20248): GetBestInfo: odex next to the dex file (/data/app/~~Ri4OoI6S_XJsFiVFmMlgSA==/com.google.android.gms-nTpiuVu_Zh0lPX1I4eyBtA==/oat/x86_64/split_GoogleCertificates_installtime.odex) is kOatUpToDate with filter 'speed' executable 'false'
02-09 15:00:29.478 I/artd    (20248): GetBestInfo: odex next to the dex file (/data/app/~~Ri4OoI6S_XJsFiVFmMlgSA==/com.google.android.gms-nTpiuVu_Zh0lPX1I4eyBtA==/oat/x86_64/split_MapsDynamite_installtime.odex) is kOatUpToDate with filter 'speed' executable 'false'
02-09 15:00:29.479 I/artd    (20248): GetBestInfo: odex next to the dex file (/data/app/~~Ri4OoI6S_XJsFiVFmMlgSA==/com.google.android.gms-nTpiuVu_Zh0lPX1I4eyBtA==/oat/x86_64/split_MeasurementDynamite_installtime.odex) is kOatUpToDate with filter 'speed' executable 'false'
02-09 15:00:29.480 I/artd    (20248): GetBestInfo: odex next to the dex file (/data/app/~~Ri4OoI6S_XJsFiVFmMlgSA==/com.google.android.gms-nTpiuVu_Zh0lPX1I4eyBtA==/oat/x86_64/split_all_locale_splits.odex) is kOatUpToDate with filter 'speed' executable 'false'
02-09 15:00:29.481 I/artd    (20248): GetBestInfo: /data/user_de/0/com.google.android.gms/app_chimera/m/0000000f/dl-VisionOcr.optional_260235100000.apk has no usable artifacts
02-09 15:00:29.482 I/artd    (20248): GetBestInfo: /data/user_de/0/com.google.android.gms/app_chimera/m/00000013/dl-MlkitBarcodeUi.optional_260235100800.apk has no usable artifacts
02-09 15:00:29.483 I/artd    (20248): GetBestInfo: /data/user_de/0/com.google.android.gms/app_chimera/m/00000001/CronetDynamite.apk has no usable artifacts
02-09 15:00:29.484 I/artd    (20248): GetBestInfo: /data/user_de/0/com.google.android.gms/app_chimera/m/0000000a/dl-MlkitBarcodeUi.optional_253434100800.apk has no usable artifacts
02-09 15:00:29.485 I/artd    (20248): GetBestInfo: /data/user_de/0/com.google.android.gms/app_chimera/m/00000002/DynamiteLoader.apk has no usable artifacts
02-09 15:00:29.485 I/artd    (20248): GetBestInfo: /data/user_de/0/com.google.android.gms/app_chimera/m/00000005/GoogleCertificates.apk has no usable artifacts
02-09 15:00:29.486 I/artd    (20248): GetBestInfo: /data/user_de/0/com.google.android.gms/app_chimera/m/00000009/dl-TfliteDynamiteDynamite.integ_252130102100800.apk has no usable artifacts
02-09 15:00:29.487 I/artd    (20248): GetBestInfo: vdex next to the dex file (/data/user/0/com.google.android.gms/app_dg_cache/CF98DA544914DD75038B6CE6DBC852B6C43EC876/oat/x86_64/the.vdex) is kOatUpToDate with filter 'verify' executable 'false'
02-09 15:00:29.489 I/artd    (20248): GetBestInfo: /data/user_de/0/com.google.android.gms/app_chimera/m/00000014/dl-MlkitOcrCommon.optional_260235100800.apk has no usable artifacts
02-09 15:00:29.494 I/artd    (20248): GetBestInfo: /data/user_de/0/com.google.android.gms/app_chimera/m/00000011/dl-Appsearch.optional_260235100800.apk has no usable artifacts
02-09 15:00:29.495 I/artd    (20248): GetBestInfo: /data/user_de/0/com.google.android.gms/app_chimera/m/00000010/dl-PlayCloudSearch.optional_260235100000.apk has no usable artifacts
02-09 15:00:29.496 I/artd    (20248): GetBestInfo: /data/user_de/0/com.google.android.gms/app_chimera/m/0000000b/dl-PlayCloudSearch.optional_253434100000.apk has no usable artifacts
02-09 15:00:29.498 I/artd    (20248): GetBestInfo: /data/user_de/0/com.google.android.gms/app_chimera/m/0000000e/dl-Appsearch.optional_253434100800.apk has no usable artifacts
02-09 15:00:29.500 I/artd    (20248): GetBestInfo: /data/user_de/0/com.google.android.gms/app_chimera/m/00000007/MeasurementDynamite.apk has no usable artifacts
02-09 15:00:31.113 I/HalDevMgr(19040): bestIfaceCreationProposal is null, requestIface=STA, existingIface=[name=wlan0 type=STA]
02-09 15:00:34.120 I/HalDevMgr(19040): bestIfaceCreationProposal is null, requestIface=STA, existingIface=[name=wlan0 type=STA]
02-09 15:00:36.556 D/ActivityManager(19040): freezing 22295 com.google.android.settings.intelligence
02-09 15:00:36.558 D/InetDiagMessage(19040): Destroyed 0 sockets, proto=IPPROTO_TCP, family=AF_INET, states=14
02-09 15:00:36.558 D/InetDiagMessage(19040): Destroyed 0 sockets, proto=IPPROTO_TCP, family=AF_INET6, states=14
02-09 15:00:36.558 D/InetDiagMessage(19040): Destroyed live tcp sockets for uids={10157} in 0ms
02-09 15:00:37.123 I/HalDevMgr(19040): bestIfaceCreationProposal is null, requestIface=STA, existingIface=[name=wlan0 type=STA]
02-09 15:00:39.415 W/libbinder.BackendUnifiedServiceManager(24335): Thread Pool max thread count is 0. Cannot cache binder as linkToDeath cannot be implemented. serviceName: package
02-09 15:00:39.487 I/artd    (20248): GetBestInfo: odex next to the dex file (/data/app/~~Ri4OoI6S_XJsFiVFmMlgSA==/com.google.android.gms-nTpiuVu_Zh0lPX1I4eyBtA==/oat/x86_64/base.odex) is kOatUpToDate with filter 'speed-profile' executable 'false'
02-09 15:00:39.489 I/artd    (20248): GetBestInfo: odex next to the dex file (/data/app/~~Ri4OoI6S_XJsFiVFmMlgSA==/com.google.android.gms-nTpiuVu_Zh0lPX1I4eyBtA==/oat/x86_64/split_AdsDynamite_installtime.odex) is kOatUpToDate with filter 'speed' executable 'false'
02-09 15:00:39.490 I/artd    (20248): GetBestInfo: odex next to the dex file (/data/app/~~Ri4OoI6S_XJsFiVFmMlgSA==/com.google.android.gms-nTpiuVu_Zh0lPX1I4eyBtA==/oat/x86_64/split_CronetDynamite_installtime.odex) is kOatUpToDate with filter 'speed' executable 'false'
02-09 15:00:39.492 I/artd    (20248): GetBestInfo: odex next to the dex file (/data/app/~~Ri4OoI6S_XJsFiVFmMlgSA==/com.google.android.gms-nTpiuVu_Zh0lPX1I4eyBtA==/oat/x86_64/split_DynamiteLoader_installtime.odex) is kOatUpToDate with filter 'speed' executable 'false'
02-09 15:00:39.493 I/artd    (20248): GetBestInfo: odex next to the dex file (/data/app/~~Ri4OoI6S_XJsFiVFmMlgSA==/com.google.android.gms-nTpiuVu_Zh0lPX1I4eyBtA==/oat/x86_64/split_DynamiteModulesA_installtime.odex) is kOatUpToDate with filter 'speed' executable 'false'
02-09 15:00:39.494 I/artd    (20248): GetBestInfo: odex next to the dex file (/data/app/~~Ri4OoI6S_XJsFiVFmMlgSA==/com.google.android.gms-nTpiuVu_Zh0lPX1I4eyBtA==/oat/x86_64/split_DynamiteModulesC_installtime.odex) is kOatUpToDate with filter 'speed' executable 'false'
02-09 15:00:39.495 I/artd    (20248): GetBestInfo: odex next to the dex file (/data/app/~~Ri4OoI6S_XJsFiVFmMlgSA==/com.google.android.gms-nTpiuVu_Zh0lPX1I4eyBtA==/oat/x86_64/split_GoogleCertificates_installtime.odex) is kOatUpToDate with filter 'speed' executable 'false'
02-09 15:00:39.497 I/artd    (20248): GetBestInfo: odex next to the dex file (/data/app/~~Ri4OoI6S_XJsFiVFmMlgSA==/com.google.android.gms-nTpiuVu_Zh0lPX1I4eyBtA==/oat/x86_64/split_MapsDynamite_installtime.odex) is kOatUpToDate with filter 'speed' executable 'false'
02-09 15:00:39.498 I/artd    (20248): GetBestInfo: odex next to the dex file (/data/app/~~Ri4OoI6S_XJsFiVFmMlgSA==/com.google.android.gms-nTpiuVu_Zh0lPX1I4eyBtA==/oat/x86_64/split_MeasurementDynamite_installtime.odex) is kOatUpToDate with filter 'speed' executable 'false'
02-09 15:00:39.500 I/artd    (20248): GetBestInfo: odex next to the dex file (/data/app/~~Ri4OoI6S_XJsFiVFmMlgSA==/com.google.android.gms-nTpiuVu_Zh0lPX1I4eyBtA==/oat/x86_64/split_all_locale_splits.odex) is kOatUpToDate with filter 'speed' executable 'false'
02-09 15:00:39.502 I/artd    (20248): GetBestInfo: /data/user_de/0/com.google.android.gms/app_chimera/m/0000000f/dl-VisionOcr.optional_260235100000.apk has no usable artifacts
02-09 15:00:39.502 I/artd    (20248): GetBestInfo: /data/user_de/0/com.google.android.gms/app_chimera/m/00000013/dl-MlkitBarcodeUi.optional_260235100800.apk has no usable artifacts
02-09 15:00:39.503 I/artd    (20248): GetBestInfo: /data/user_de/0/com.google.android.gms/app_chimera/m/00000001/CronetDynamite.apk has no usable artifacts
02-09 15:00:39.504 I/artd    (20248): GetBestInfo: /data/user_de/0/com.google.android.gms/app_chimera/m/0000000a/dl-MlkitBarcodeUi.optional_253434100800.apk has no usable artifacts
02-09 15:00:39.504 I/artd    (20248): GetBestInfo: /data/user_de/0/com.google.android.gms/app_chimera/m/00000002/DynamiteLoader.apk has no usable artifacts
02-09 15:00:39.505 I/artd    (20248): GetBestInfo: /data/user_de/0/com.google.android.gms/app_chimera/m/00000005/GoogleCertificates.apk has no usable artifacts
02-09 15:00:39.506 I/artd    (20248): GetBestInfo: /data/user_de/0/com.google.android.gms/app_chimera/m/00000009/dl-TfliteDynamiteDynamite.integ_252130102100800.apk has no usable artifacts
02-09 15:00:39.507 I/artd    (20248): GetBestInfo: vdex next to the dex file (/data/user/0/com.google.android.gms/app_dg_cache/CF98DA544914DD75038B6CE6DBC852B6C43EC876/oat/x86_64/the.vdex) is kOatUpToDate with filter 'verify' executable 'false'
02-09 15:00:39.507 I/artd    (20248): GetBestInfo: /data/user_de/0/com.google.android.gms/app_chimera/m/00000014/dl-MlkitOcrCommon.optional_260235100800.apk has no usable artifacts
02-09 15:00:39.509 I/artd    (20248): GetBestInfo: /data/user_de/0/com.google.android.gms/app_chimera/m/00000011/dl-Appsearch.optional_260235100800.apk has no usable artifacts
02-09 15:00:39.510 I/artd    (20248): GetBestInfo: /data/user_de/0/com.google.android.gms/app_chimera/m/00000010/dl-PlayCloudSearch.optional_260235100000.apk has no usable artifacts
02-09 15:00:39.512 I/artd    (20248): GetBestInfo: /data/user_de/0/com.google.android.gms/app_chimera/m/0000000b/dl-PlayCloudSearch.optional_253434100000.apk has no usable artifacts
02-09 15:00:39.513 I/artd    (20248): GetBestInfo: /data/user_de/0/com.google.android.gms/app_chimera/m/0000000e/dl-Appsearch.optional_253434100800.apk has no usable artifacts
02-09 15:00:39.515 I/artd    (20248): GetBestInfo: /data/user_de/0/com.google.android.gms/app_chimera/m/00000007/MeasurementDynamite.apk has no usable artifacts
02-09 15:00:40.130 I/HalDevMgr(19040): bestIfaceCreationProposal is null, requestIface=STA, existingIface=[name=wlan0 type=STA]
02-09 15:00:43.138 I/HalDevMgr(19040): bestIfaceCreationProposal is null, requestIface=STA, existingIface=[name=wlan0 type=STA]
02-09 15:00:46.144 I/HalDevMgr(19040): bestIfaceCreationProposal is null, requestIface=STA, existingIface=[name=wlan0 type=STA]
02-09 15:00:49.149 I/HalDevMgr(19040): bestIfaceCreationProposal is null, requestIface=STA, existingIface=[name=wlan0 type=STA]
02-09 15:00:49.414 W/libbinder.BackendUnifiedServiceManager(24341): Thread Pool max thread count is 0. Cannot cache binder as linkToDeath cannot be implemented. serviceName: package
02-09 15:00:49.506 I/artd    (20248): GetBestInfo: odex next to the dex file (/data/app/~~Ri4OoI6S_XJsFiVFmMlgSA==/com.google.android.gms-nTpiuVu_Zh0lPX1I4eyBtA==/oat/x86_64/base.odex) is kOatUpToDate with filter 'speed-profile' executable 'false'
02-09 15:00:49.509 I/artd    (20248): GetBestInfo: odex next to the dex file (/data/app/~~Ri4OoI6S_XJsFiVFmMlgSA==/com.google.android.gms-nTpiuVu_Zh0lPX1I4eyBtA==/oat/x86_64/split_AdsDynamite_installtime.odex) is kOatUpToDate with filter 'speed' executable 'false'
02-09 15:00:49.510 I/artd    (20248): GetBestInfo: odex next to the dex file (/data/app/~~Ri4OoI6S_XJsFiVFmMlgSA==/com.google.android.gms-nTpiuVu_Zh0lPX1I4eyBtA==/oat/x86_64/split_CronetDynamite_installtime.odex) is kOatUpToDate with filter 'speed' executable 'false'
02-09 15:00:49.512 I/artd    (20248): GetBestInfo: odex next to the dex file (/data/app/~~Ri4OoI6S_XJsFiVFmMlgSA==/com.google.android.gms-nTpiuVu_Zh0lPX1I4eyBtA==/oat/x86_64/split_DynamiteLoader_installtime.odex) is kOatUpToDate with filter 'speed' executable 'false'
02-09 15:00:49.514 I/artd    (20248): GetBestInfo: odex next to the dex file (/data/app/~~Ri4OoI6S_XJsFiVFmMlgSA==/com.google.android.gms-nTpiuVu_Zh0lPX1I4eyBtA==/oat/x86_64/split_DynamiteModulesA_installtime.odex) is kOatUpToDate with filter 'speed' executable 'false'
02-09 15:00:49.516 I/artd    (20248): GetBestInfo: odex next to the dex file (/data/app/~~Ri4OoI6S_XJsFiVFmMlgSA==/com.google.android.gms-nTpiuVu_Zh0lPX1I4eyBtA==/oat/x86_64/split_DynamiteModulesC_installtime.odex) is kOatUpToDate with filter 'speed' executable 'false'
02-09 15:00:49.517 I/artd    (20248): GetBestInfo: odex next to the dex file (/data/app/~~Ri4OoI6S_XJsFiVFmMlgSA==/com.google.android.gms-nTpiuVu_Zh0lPX1I4eyBtA==/oat/x86_64/split_GoogleCertificates_installtime.odex) is kOatUpToDate with filter 'speed' executable 'false'
02-09 15:00:49.518 I/artd    (20248): GetBestInfo: odex next to the dex file (/data/app/~~Ri4OoI6S_XJsFiVFmMlgSA==/com.google.android.gms-nTpiuVu_Zh0lPX1I4eyBtA==/oat/x86_64/split_MapsDynamite_installtime.odex) is kOatUpToDate with filter 'speed' executable 'false'
02-09 15:00:49.519 I/artd    (20248): GetBestInfo: odex next to the dex file (/data/app/~~Ri4OoI6S_XJsFiVFmMlgSA==/com.google.android.gms-nTpiuVu_Zh0lPX1I4eyBtA==/oat/x86_64/split_MeasurementDynamite_installtime.odex) is kOatUpToDate with filter 'speed' executable 'false'
02-09 15:00:49.520 I/artd    (20248): GetBestInfo: odex next to the dex file (/data/app/~~Ri4OoI6S_XJsFiVFmMlgSA==/com.google.android.gms-nTpiuVu_Zh0lPX1I4eyBtA==/oat/x86_64/split_all_locale_splits.odex) is kOatUpToDate with filter 'speed' executable 'false'
02-09 15:00:49.521 I/artd    (20248): GetBestInfo: /data/user_de/0/com.google.android.gms/app_chimera/m/0000000f/dl-VisionOcr.optional_260235100000.apk has no usable artifacts
02-09 15:00:49.522 I/artd    (20248): GetBestInfo: /data/user_de/0/com.google.android.gms/app_chimera/m/00000013/dl-MlkitBarcodeUi.optional_260235100800.apk has no usable artifacts
02-09 15:00:49.523 I/artd    (20248): GetBestInfo: /data/user_de/0/com.google.android.gms/app_chimera/m/00000001/CronetDynamite.apk has no usable artifacts
02-09 15:00:49.524 I/artd    (20248): GetBestInfo: /data/user_de/0/com.google.android.gms/app_chimera/m/0000000a/dl-MlkitBarcodeUi.optional_253434100800.apk has no usable artifacts
02-09 15:00:49.525 I/artd    (20248): GetBestInfo: /data/user_de/0/com.google.android.gms/app_chimera/m/00000002/DynamiteLoader.apk has no usable artifacts
02-09 15:00:49.525 I/artd    (20248): GetBestInfo: /data/user_de/0/com.google.android.gms/app_chimera/m/00000005/GoogleCertificates.apk has no usable artifacts
02-09 15:00:49.526 I/artd    (20248): GetBestInfo: /data/user_de/0/com.google.android.gms/app_chimera/m/00000009/dl-TfliteDynamiteDynamite.integ_252130102100800.apk has no usable artifacts
02-09 15:00:49.527 I/artd    (20248): GetBestInfo: vdex next to the dex file (/data/user/0/com.google.android.gms/app_dg_cache/CF98DA544914DD75038B6CE6DBC852B6C43EC876/oat/x86_64/the.vdex) is kOatUpToDate with filter 'verify' executable 'false'
02-09 15:00:49.528 I/artd    (20248): GetBestInfo: /data/user_de/0/com.google.android.gms/app_chimera/m/00000014/dl-MlkitOcrCommon.optional_260235100800.apk has no usable artifacts
02-09 15:00:49.529 I/artd    (20248): GetBestInfo: /data/user_de/0/com.google.android.gms/app_chimera/m/00000011/dl-Appsearch.optional_260235100800.apk has no usable artifacts
02-09 15:00:49.530 I/artd    (20248): GetBestInfo: /data/user_de/0/com.google.android.gms/app_chimera/m/00000010/dl-PlayCloudSearch.optional_260235100000.apk has no usable artifacts
02-09 15:00:49.531 I/artd    (20248): GetBestInfo: /data/user_de/0/com.google.android.gms/app_chimera/m/0000000b/dl-PlayCloudSearch.optional_253434100000.apk has no usable artifacts
02-09 15:00:49.533 I/artd    (20248): GetBestInfo: /data/user_de/0/com.google.android.gms/app_chimera/m/0000000e/dl-Appsearch.optional_253434100800.apk has no usable artifacts
02-09 15:00:49.534 I/artd    (20248): GetBestInfo: /data/user_de/0/com.google.android.gms/app_chimera/m/00000007/MeasurementDynamite.apk has no usable artifacts
02-09 15:00:52.152 I/HalDevMgr(19040): bestIfaceCreationProposal is null, requestIface=STA, existingIface=[name=wlan0 type=STA]
02-09 15:00:55.159 I/HalDevMgr(19040): bestIfaceCreationProposal is null, requestIface=STA, existingIface=[name=wlan0 type=STA]
02-09 15:00:58.166 I/HalDevMgr(19040): bestIfaceCreationProposal is null, requestIface=STA, existingIface=[name=wlan0 type=STA]
02-09 15:00:59.417 W/libbinder.BackendUnifiedServiceManager(24345): Thread Pool max thread count is 0. Cannot cache binder as linkToDeath cannot be implemented. serviceName: package
02-09 15:00:59.496 I/artd    (20248): GetBestInfo: odex next to the dex file (/data/app/~~Ri4OoI6S_XJsFiVFmMlgSA==/com.google.android.gms-nTpiuVu_Zh0lPX1I4eyBtA==/oat/x86_64/base.odex) is kOatUpToDate with filter 'speed-profile' executable 'false'
02-09 15:00:59.499 I/artd    (20248): GetBestInfo: odex next to the dex file (/data/app/~~Ri4OoI6S_XJsFiVFmMlgSA==/com.google.android.gms-nTpiuVu_Zh0lPX1I4eyBtA==/oat/x86_64/split_AdsDynamite_installtime.odex) is kOatUpToDate with filter 'speed' executable 'false'
02-09 15:00:59.500 I/artd    (20248): GetBestInfo: odex next to the dex file (/data/app/~~Ri4OoI6S_XJsFiVFmMlgSA==/com.google.android.gms-nTpiuVu_Zh0lPX1I4eyBtA==/oat/x86_64/split_CronetDynamite_installtime.odex) is kOatUpToDate with filter 'speed' executable 'false'
02-09 15:00:59.501 I/artd    (20248): GetBestInfo: odex next to the dex file (/data/app/~~Ri4OoI6S_XJsFiVFmMlgSA==/com.google.android.gms-nTpiuVu_Zh0lPX1I4eyBtA==/oat/x86_64/split_DynamiteLoader_installtime.odex) is kOatUpToDate with filter 'speed' executable 'false'
02-09 15:00:59.502 I/artd    (20248): GetBestInfo: odex next to the dex file (/data/app/~~Ri4OoI6S_XJsFiVFmMlgSA==/com.google.android.gms-nTpiuVu_Zh0lPX1I4eyBtA==/oat/x86_64/split_DynamiteModulesA_installtime.odex) is kOatUpToDate with filter 'speed' executable 'false'
02-09 15:00:59.503 I/artd    (20248): GetBestInfo: odex next to the dex file (/data/app/~~Ri4OoI6S_XJsFiVFmMlgSA==/com.google.android.gms-nTpiuVu_Zh0lPX1I4eyBtA==/oat/x86_64/split_DynamiteModulesC_installtime.odex) is kOatUpToDate with filter 'speed' executable 'false'
02-09 15:00:59.504 I/artd    (20248): GetBestInfo: odex next to the dex file (/data/app/~~Ri4OoI6S_XJsFiVFmMlgSA==/com.google.android.gms-nTpiuVu_Zh0lPX1I4eyBtA==/oat/x86_64/split_GoogleCertificates_installtime.odex) is kOatUpToDate with filter 'speed' executable 'false'
02-09 15:00:59.505 I/artd    (20248): GetBestInfo: odex next to the dex file (/data/app/~~Ri4OoI6S_XJsFiVFmMlgSA==/com.google.android.gms-nTpiuVu_Zh0lPX1I4eyBtA==/oat/x86_64/split_MapsDynamite_installtime.odex) is kOatUpToDate with filter 'speed' executable 'false'
02-09 15:00:59.506 I/artd    (20248): GetBestInfo: odex next to the dex file (/data/app/~~Ri4OoI6S_XJsFiVFmMlgSA==/com.google.android.gms-nTpiuVu_Zh0lPX1I4eyBtA==/oat/x86_64/split_MeasurementDynamite_installtime.odex) is kOatUpToDate with filter 'speed' executable 'false'
02-09 15:00:59.507 I/artd    (20248): GetBestInfo: odex next to the dex file (/data/app/~~Ri4OoI6S_XJsFiVFmMlgSA==/com.google.android.gms-nTpiuVu_Zh0lPX1I4eyBtA==/oat/x86_64/split_all_locale_splits.odex) is kOatUpToDate with filter 'speed' executable 'false'
02-09 15:00:59.508 I/artd    (20248): GetBestInfo: /data/user_de/0/com.google.android.gms/app_chimera/m/0000000f/dl-VisionOcr.optional_260235100000.apk has no usable artifacts
02-09 15:00:59.509 I/artd    (20248): GetBestInfo: /data/user_de/0/com.google.android.gms/app_chimera/m/00000013/dl-MlkitBarcodeUi.optional_260235100800.apk has no usable artifacts
02-09 15:00:59.509 I/artd    (20248): GetBestInfo: /data/user_de/0/com.google.android.gms/app_chimera/m/00000001/CronetDynamite.apk has no usable artifacts
02-09 15:00:59.510 I/artd    (20248): GetBestInfo: /data/user_de/0/com.google.android.gms/app_chimera/m/0000000a/dl-MlkitBarcodeUi.optional_253434100800.apk has no usable artifacts
02-09 15:00:59.511 I/artd    (20248): GetBestInfo: /data/user_de/0/com.google.android.gms/app_chimera/m/00000002/DynamiteLoader.apk has no usable artifacts
02-09 15:00:59.511 I/artd    (20248): GetBestInfo: /data/user_de/0/com.google.android.gms/app_chimera/m/00000005/GoogleCertificates.apk has no usable artifacts
02-09 15:00:59.512 I/artd    (20248): GetBestInfo: /data/user_de/0/com.google.android.gms/app_chimera/m/00000009/dl-TfliteDynamiteDynamite.integ_252130102100800.apk has no usable artifacts
02-09 15:00:59.513 I/artd    (20248): GetBestInfo: vdex next to the dex file (/data/user/0/com.google.android.gms/app_dg_cache/CF98DA544914DD75038B6CE6DBC852B6C43EC876/oat/x86_64/the.vdex) is kOatUpToDate with filter 'verify' executable 'false'
02-09 15:00:59.515 I/artd    (20248): GetBestInfo: /data/user_de/0/com.google.android.gms/app_chimera/m/00000014/dl-MlkitOcrCommon.optional_260235100800.apk has no usable artifacts
02-09 15:00:59.516 I/artd    (20248): GetBestInfo: /data/user_de/0/com.google.android.gms/app_chimera/m/00000011/dl-Appsearch.optional_260235100800.apk has no usable artifacts
02-09 15:00:59.517 I/artd    (20248): GetBestInfo: /data/user_de/0/com.google.android.gms/app_chimera/m/00000010/dl-PlayCloudSearch.optional_260235100000.apk has no usable artifacts
02-09 15:00:59.518 I/artd    (20248): GetBestInfo: /data/user_de/0/com.google.android.gms/app_chimera/m/0000000b/dl-PlayCloudSearch.optional_253434100000.apk has no usable artifacts
02-09 15:00:59.519 I/artd    (20248): GetBestInfo: /data/user_de/0/com.google.android.gms/app_chimera/m/0000000e/dl-Appsearch.optional_253434100800.apk has no usable artifacts
02-09 15:00:59.520 I/artd    (20248): GetBestInfo: /data/user_de/0/com.google.android.gms/app_chimera/m/00000007/MeasurementDynamite.apk has no usable artifacts
02-09 15:01:01.172 I/HalDevMgr(19040): bestIfaceCreationProposal is null, requestIface=STA, existingIface=[name=wlan0 type=STA]
02-09 15:01:04.180 I/HalDevMgr(19040): bestIfaceCreationProposal is null, requestIface=STA, existingIface=[name=wlan0 type=STA]
02-09 15:01:07.188 I/HalDevMgr(19040): bestIfaceCreationProposal is null, requestIface=STA, existingIface=[name=wlan0 type=STA]
02-09 15:01:09.438 W/libbinder.BackendUnifiedServiceManager(24351): Thread Pool max thread count is 0. Cannot cache binder as linkToDeath cannot be implemented. serviceName: package
02-09 15:01:09.534 I/artd    (20248): GetBestInfo: odex next to the dex file (/data/app/~~Ri4OoI6S_XJsFiVFmMlgSA==/com.google.android.gms-nTpiuVu_Zh0lPX1I4eyBtA==/oat/x86_64/base.odex) is kOatUpToDate with filter 'speed-profile' executable 'false'
02-09 15:01:09.537 I/artd    (20248): GetBestInfo: odex next to the dex file (/data/app/~~Ri4OoI6S_XJsFiVFmMlgSA==/com.google.android.gms-nTpiuVu_Zh0lPX1I4eyBtA==/oat/x86_64/split_AdsDynamite_installtime.odex) is kOatUpToDate with filter 'speed' executable 'false'
02-09 15:01:09.539 I/artd    (20248): GetBestInfo: odex next to the dex file (/data/app/~~Ri4OoI6S_XJsFiVFmMlgSA==/com.google.android.gms-nTpiuVu_Zh0lPX1I4eyBtA==/oat/x86_64/split_CronetDynamite_installtime.odex) is kOatUpToDate with filter 'speed' executable 'false'
02-09 15:01:09.541 I/artd    (20248): GetBestInfo: odex next to the dex file (/data/app/~~Ri4OoI6S_XJsFiVFmMlgSA==/com.google.android.gms-nTpiuVu_Zh0lPX1I4eyBtA==/oat/x86_64/split_DynamiteLoader_installtime.odex) is kOatUpToDate with filter 'speed' executable 'false'
02-09 15:01:09.542 I/artd    (20248): GetBestInfo: odex next to the dex file (/data/app/~~Ri4OoI6S_XJsFiVFmMlgSA==/com.google.android.gms-nTpiuVu_Zh0lPX1I4eyBtA==/oat/x86_64/split_DynamiteModulesA_installtime.odex) is kOatUpToDate with filter 'speed' executable 'false'
02-09 15:01:09.547 I/artd    (20248): GetBestInfo: odex next to the dex file (/data/app/~~Ri4OoI6S_XJsFiVFmMlgSA==/com.google.android.gms-nTpiuVu_Zh0lPX1I4eyBtA==/oat/x86_64/split_DynamiteModulesC_installtime.odex) is kOatUpToDate with filter 'speed' executable 'false'
02-09 15:01:09.549 I/artd    (20248): GetBestInfo: odex next to the dex file (/data/app/~~Ri4OoI6S_XJsFiVFmMlgSA==/com.google.android.gms-nTpiuVu_Zh0lPX1I4eyBtA==/oat/x86_64/split_GoogleCertificates_installtime.odex) is kOatUpToDate with filter 'speed' executable 'false'
02-09 15:01:09.550 I/artd    (20248): GetBestInfo: odex next to the dex file (/data/app/~~Ri4OoI6S_XJsFiVFmMlgSA==/com.google.android.gms-nTpiuVu_Zh0lPX1I4eyBtA==/oat/x86_64/split_MapsDynamite_installtime.odex) is kOatUpToDate with filter 'speed' executable 'false'
02-09 15:01:09.551 I/artd    (20248): GetBestInfo: odex next to the dex file (/data/app/~~Ri4OoI6S_XJsFiVFmMlgSA==/com.google.android.gms-nTpiuVu_Zh0lPX1I4eyBtA==/oat/x86_64/split_MeasurementDynamite_installtime.odex) is kOatUpToDate with filter 'speed' executable 'false'
02-09 15:01:09.552 I/artd    (20248): GetBestInfo: odex next to the dex file (/data/app/~~Ri4OoI6S_XJsFiVFmMlgSA==/com.google.android.gms-nTpiuVu_Zh0lPX1I4eyBtA==/oat/x86_64/split_all_locale_splits.odex) is kOatUpToDate with filter 'speed' executable 'false'
02-09 15:01:09.553 I/artd    (20248): GetBestInfo: /data/user_de/0/com.google.android.gms/app_chimera/m/0000000f/dl-VisionOcr.optional_260235100000.apk has no usable artifacts
02-09 15:01:09.554 I/artd    (20248): GetBestInfo: /data/user_de/0/com.google.android.gms/app_chimera/m/00000013/dl-MlkitBarcodeUi.optional_260235100800.apk has no usable artifacts
02-09 15:01:09.555 I/artd    (20248): GetBestInfo: /data/user_de/0/com.google.android.gms/app_chimera/m/00000001/CronetDynamite.apk has no usable artifacts
02-09 15:01:09.557 I/artd    (20248): GetBestInfo: /data/user_de/0/com.google.android.gms/app_chimera/m/0000000a/dl-MlkitBarcodeUi.optional_253434100800.apk has no usable artifacts
02-09 15:01:09.557 I/artd    (20248): GetBestInfo: /data/user_de/0/com.google.android.gms/app_chimera/m/00000002/DynamiteLoader.apk has no usable artifacts
02-09 15:01:09.558 I/artd    (20248): GetBestInfo: /data/user_de/0/com.google.android.gms/app_chimera/m/00000005/GoogleCertificates.apk has no usable artifacts
02-09 15:01:09.559 I/artd    (20248): GetBestInfo: /data/user_de/0/com.google.android.gms/app_chimera/m/00000009/dl-TfliteDynamiteDynamite.integ_252130102100800.apk has no usable artifacts
02-09 15:01:09.561 I/artd    (20248): GetBestInfo: vdex next to the dex file (/data/user/0/com.google.android.gms/app_dg_cache/CF98DA544914DD75038B6CE6DBC852B6C43EC876/oat/x86_64/the.vdex) is kOatUpToDate with filter 'verify' executable 'false'
02-09 15:01:09.562 I/artd    (20248): GetBestInfo: /data/user_de/0/com.google.android.gms/app_chimera/m/00000014/dl-MlkitOcrCommon.optional_260235100800.apk has no usable artifacts
02-09 15:01:09.565 I/artd    (20248): GetBestInfo: /data/user_de/0/com.google.android.gms/app_chimera/m/00000011/dl-Appsearch.optional_260235100800.apk has no usable artifacts
02-09 15:01:09.566 I/artd    (20248): GetBestInfo: /data/user_de/0/com.google.android.gms/app_chimera/m/00000010/dl-PlayCloudSearch.optional_260235100000.apk has no usable artifacts
02-09 15:01:09.568 I/artd    (20248): GetBestInfo: /data/user_de/0/com.google.android.gms/app_chimera/m/0000000b/dl-PlayCloudSearch.optional_253434100000.apk has no usable artifacts
02-09 15:01:09.569 I/artd    (20248): GetBestInfo: /data/user_de/0/com.google.android.gms/app_chimera/m/0000000e/dl-Appsearch.optional_253434100800.apk has no usable artifacts
02-09 15:01:09.571 I/artd    (20248): GetBestInfo: /data/user_de/0/com.google.android.gms/app_chimera/m/00000007/MeasurementDynamite.apk has no usable artifacts
02-09 15:01:10.196 I/HalDevMgr(19040): bestIfaceCreationProposal is null, requestIface=STA, existingIface=[name=wlan0 type=STA]
02-09 15:01:13.205 I/HalDevMgr(19040): bestIfaceCreationProposal is null, requestIface=STA, existingIface=[name=wlan0 type=STA]
02-09 15:01:16.213 I/HalDevMgr(19040): bestIfaceCreationProposal is null, requestIface=STA, existingIface=[name=wlan0 type=STA]
02-09 15:01:19.220 I/HalDevMgr(19040): bestIfaceCreationProposal is null, requestIface=STA, existingIface=[name=wlan0 type=STA]
02-09 15:01:19.417 W/libbinder.BackendUnifiedServiceManager(24354): Thread Pool max thread count is 0. Cannot cache binder as linkToDeath cannot be implemented. serviceName: package
02-09 15:01:19.499 I/artd    (20248): GetBestInfo: odex next to the dex file (/data/app/~~Ri4OoI6S_XJsFiVFmMlgSA==/com.google.android.gms-nTpiuVu_Zh0lPX1I4eyBtA==/oat/x86_64/base.odex) is kOatUpToDate with filter 'speed-profile' executable 'false'
02-09 15:01:19.502 I/artd    (20248): GetBestInfo: odex next to the dex file (/data/app/~~Ri4OoI6S_XJsFiVFmMlgSA==/com.google.android.gms-nTpiuVu_Zh0lPX1I4eyBtA==/oat/x86_64/split_AdsDynamite_installtime.odex) is kOatUpToDate with filter 'speed' executable 'false'
02-09 15:01:19.503 I/artd    (20248): GetBestInfo: odex next to the dex file (/data/app/~~Ri4OoI6S_XJsFiVFmMlgSA==/com.google.android.gms-nTpiuVu_Zh0lPX1I4eyBtA==/oat/x86_64/split_CronetDynamite_installtime.odex) is kOatUpToDate with filter 'speed' executable 'false'
02-09 15:01:19.504 I/artd    (20248): GetBestInfo: odex next to the dex file (/data/app/~~Ri4OoI6S_XJsFiVFmMlgSA==/com.google.android.gms-nTpiuVu_Zh0lPX1I4eyBtA==/oat/x86_64/split_DynamiteLoader_installtime.odex) is kOatUpToDate with filter 'speed' executable 'false'
02-09 15:01:19.505 I/artd    (20248): GetBestInfo: odex next to the dex file (/data/app/~~Ri4OoI6S_XJsFiVFmMlgSA==/com.google.android.gms-nTpiuVu_Zh0lPX1I4eyBtA==/oat/x86_64/split_DynamiteModulesA_installtime.odex) is kOatUpToDate with filter 'speed' executable 'false'
