02-09 14:56:09.517 I/artd    (20248): GetBestInfo: odex next to the dex file (/data/app/~~Ri4OoI6S_XJsFiVFmMlgSA==/com.google.android.gms-nTpiuVu_Zh0lPX1I4eyBtA==/oat/x86_64/split_MeasurementDynamite_installtime.odex) is kOatUpToDate with filter 'speed' executable 'false'
02-09 14:56:09.521 I/artd    (20248): GetBestInfo: odex next to the dex file (/data/app/~~Ri4OoI6S_XJsFiVFmMlgSA==/com.google.android.gms-nTpiuVu_Zh0lPX1I4eyBtA==/oat/x86_64/split_all_locale_splits.odex) is kOatUpToDate with filter 'speed' executable 'false'
02-09 14:56:09.524 I/artd    (20248): GetBestInfo: /data/user_de/0/com.google.android.gms/app_chimera/m/0000000f/dl-VisionOcr.optional_260235100000.apk has no usable artifacts
02-09 14:56:09.526 I/artd    (20248): GetBestInfo: /data/user_de/0/com.google.android.gms/app_chimera/m/00000013/dl-MlkitBarcodeUi.optional_260235100800.apk has no usable artifacts
02-09 14:56:09.527 I/artd    (20248): GetBestInfo: /data/user_de/0/com.google.android.gms/app_chimera/m/00000001/CronetDynamite.apk has no usable artifacts
02-09 14:56:09.530 I/artd    (20248): GetBestInfo: /data/user_de/0/com.google.android.gms/app_chimera/m/0000000a/dl-MlkitBarcodeUi.optional_253434100800.apk has no usable artifacts
02-09 14:56:09.533 I/artd    (20248): GetBestInfo: /data/user_de/0/com.google.android.gms/app_chimera/m/00000002/DynamiteLoader.apk has no usable artifacts
02-09 14:56:09.533 I/artd    (20248): GetBestInfo: /data/user_de/0/com.google.android.gms/app_chimera/m/00000005/GoogleCertificates.apk has no usable artifacts
02-09 14:56:09.536 I/artd    (20248): GetBestInfo: /data/user_de/0/com.google.android.gms/app_chimera/m/00000009/dl-TfliteDynamiteDynamite.integ_252130102100800.apk has no usable artifacts
02-09 14:56:09.542 I/artd    (20248): GetBestInfo: vdex next to the dex file (/data/user/0/com.google.android.gms/app_dg_cache/CF98DA544914DD75038B6CE6DBC852B6C43EC876/oat/x86_64/the.vdex) is kOatUpToDate with filter 'verify' executable 'false'
02-09 14:56:09.543 I/artd    (20248): GetBestInfo: /data/user_de/0/com.google.android.gms/app_chimera/m/00000014/dl-MlkitOcrCommon.optional_260235100800.apk has no usable artifacts
02-09 14:56:09.545 I/artd    (20248): GetBestInfo: /data/user_de/0/com.google.android.gms/app_chimera/m/00000011/dl-Appsearch.optional_260235100800.apk has no usable artifacts
02-09 14:56:09.551 I/artd    (20248): GetBestInfo: /data/user_de/0/com.google.android.gms/app_chimera/m/00000010/dl-PlayCloudSearch.optional_260235100000.apk has no usable artifacts
02-09 14:56:09.556 I/artd    (20248): GetBestInfo: /data/user_de/0/com.google.android.gms/app_chimera/m/0000000b/dl-PlayCloudSearch.optional_253434100000.apk has no usable artifacts
02-09 14:56:09.561 I/artd    (20248): GetBestInfo: /data/user_de/0/com.google.android.gms/app_chimera/m/0000000e/dl-Appsearch.optional_253434100800.apk has no usable artifacts
02-09 14:56:09.563 I/artd    (20248): GetBestInfo: /data/user_de/0/com.google.android.gms/app_chimera/m/00000007/MeasurementDynamite.apk has no usable artifacts
02-09 14:56:12.483 I/HalDevMgr(19040): bestIfaceCreationProposal is null, requestIface=STA, existingIface=[name=wlan0 type=STA]
02-09 14:56:15.492 I/HalDevMgr(19040): bestIfaceCreationProposal is null, requestIface=STA, existingIface=[name=wlan0 type=STA]
02-09 14:56:18.502 I/HalDevMgr(19040): bestIfaceCreationProposal is null, requestIface=STA, existingIface=[name=wlan0 type=STA]
02-09 14:56:19.431 W/libbinder.BackendUnifiedServiceManager(24082): Thread Pool max thread count is 0. Cannot cache binder as linkToDeath cannot be implemented. serviceName: package
02-09 14:56:19.500 I/artd    (20248): GetBestInfo: odex next to the dex file (/data/app/~~Ri4OoI6S_XJsFiVFmMlgSA==/com.google.android.gms-nTpiuVu_Zh0lPX1I4eyBtA==/oat/x86_64/base.odex) is kOatUpToDate with filter 'speed-profile' executable 'false'
02-09 14:56:19.502 I/artd    (20248): GetBestInfo: odex next to the dex file (/data/app/~~Ri4OoI6S_XJsFiVFmMlgSA==/com.google.android.gms-nTpiuVu_Zh0lPX1I4eyBtA==/oat/x86_64/split_AdsDynamite_installtime.odex) is kOatUpToDate with filter 'speed' executable 'false'
02-09 14:56:19.504 I/artd    (20248): GetBestInfo: odex next to the dex file (/data/app/~~Ri4OoI6S_XJsFiVFmMlgSA==/com.google.android.gms-nTpiuVu_Zh0lPX1I4eyBtA==/oat/x86_64/split_CronetDynamite_installtime.odex) is kOatUpToDate with filter 'speed' executable 'false'
02-09 14:56:19.505 I/artd    (20248): GetBestInfo: odex next to the dex file (/data/app/~~Ri4OoI6S_XJsFiVFmMlgSA==/com.google.android.gms-nTpiuVu_Zh0lPX1I4eyBtA==/oat/x86_64/split_DynamiteLoader_installtime.odex) is kOatUpToDate with filter 'speed' executable 'false'
02-09 14:56:19.507 I/artd    (20248): GetBestInfo: odex next to the dex file (/data/app/~~Ri4OoI6S_XJsFiVFmMlgSA==/com.google.android.gms-nTpiuVu_Zh0lPX1I4eyBtA==/oat/x86_64/split_DynamiteModulesA_installtime.odex) is kOatUpToDate with filter 'speed' executable 'false'
02-09 14:56:19.509 I/artd    (20248): GetBestInfo: odex next to the dex file (/data/app/~~Ri4OoI6S_XJsFiVFmMlgSA==/com.google.android.gms-nTpiuVu_Zh0lPX1I4eyBtA==/oat/x86_64/split_DynamiteModulesC_installtime.odex) is kOatUpToDate with filter 'speed' executable 'false'
02-09 14:56:19.511 I/artd    (20248): GetBestInfo: odex next to the dex file (/data/app/~~Ri4OoI6S_XJsFiVFmMlgSA==/com.google.android.gms-nTpiuVu_Zh0lPX1I4eyBtA==/oat/x86_64/split_GoogleCertificates_installtime.odex) is kOatUpToDate with filter 'speed' executable 'false'
02-09 14:56:19.515 I/artd    (20248): GetBestInfo: odex next to the dex file (/data/app/~~Ri4OoI6S_XJsFiVFmMlgSA==/com.google.android.gms-nTpiuVu_Zh0lPX1I4eyBtA==/oat/x86_64/split_MapsDynamite_installtime.odex) is kOatUpToDate with filter 'speed' executable 'false'
02-09 14:56:19.516 I/artd    (20248): GetBestInfo: odex next to the dex file (/data/app/~~Ri4OoI6S_XJsFiVFmMlgSA==/com.google.android.gms-nTpiuVu_Zh0lPX1I4eyBtA==/oat/x86_64/split_MeasurementDynamite_installtime.odex) is kOatUpToDate with filter 'speed' executable 'false'
02-09 14:56:19.518 I/artd    (20248): GetBestInfo: odex next to the dex file (/data/app/~~Ri4OoI6S_XJsFiVFmMlgSA==/com.google.android.gms-nTpiuVu_Zh0lPX1I4eyBtA==/oat/x86_64/split_all_locale_splits.odex) is kOatUpToDate with filter 'speed' executable 'false'
02-09 14:56:19.519 I/artd    (20248): GetBestInfo: /data/user_de/0/com.google.android.gms/app_chimera/m/0000000f/dl-VisionOcr.optional_260235100000.apk has no usable artifacts
02-09 14:56:19.520 I/artd    (20248): GetBestInfo: /data/user_de/0/com.google.android.gms/app_chimera/m/00000013/dl-MlkitBarcodeUi.optional_260235100800.apk has no usable artifacts
02-09 14:56:19.521 I/artd    (20248): GetBestInfo: /data/user_de/0/com.google.android.gms/app_chimera/m/00000001/CronetDynamite.apk has no usable artifacts
02-09 14:56:19.523 I/artd    (20248): GetBestInfo: /data/user_de/0/com.google.android.gms/app_chimera/m/0000000a/dl-MlkitBarcodeUi.optional_253434100800.apk has no usable artifacts
02-09 14:56:19.524 I/artd    (20248): GetBestInfo: /data/user_de/0/com.google.android.gms/app_chimera/m/00000002/DynamiteLoader.apk has no usable artifacts
02-09 14:56:19.524 I/artd    (20248): GetBestInfo: /data/user_de/0/com.google.android.gms/app_chimera/m/00000005/GoogleCertificates.apk has no usable artifacts
02-09 14:56:19.526 I/artd    (20248): GetBestInfo: /data/user_de/0/com.google.android.gms/app_chimera/m/00000009/dl-TfliteDynamiteDynamite.integ_252130102100800.apk has no usable artifacts
02-09 14:56:19.528 I/artd    (20248): GetBestInfo: vdex next to the dex file (/data/user/0/com.google.android.gms/app_dg_cache/CF98DA544914DD75038B6CE6DBC852B6C43EC876/oat/x86_64/the.vdex) is kOatUpToDate with filter 'verify' executable 'false'
02-09 14:56:19.532 I/artd    (20248): GetBestInfo: /data/user_de/0/com.google.android.gms/app_chimera/m/00000014/dl-MlkitOcrCommon.optional_260235100800.apk has no usable artifacts
02-09 14:56:19.533 I/artd    (20248): GetBestInfo: /data/user_de/0/com.google.android.gms/app_chimera/m/00000011/dl-Appsearch.optional_260235100800.apk has no usable artifacts
02-09 14:56:19.536 I/artd    (20248): GetBestInfo: /data/user_de/0/com.google.android.gms/app_chimera/m/00000010/dl-PlayCloudSearch.optional_260235100000.apk has no usable artifacts
02-09 14:56:19.538 I/artd    (20248): GetBestInfo: /data/user_de/0/com.google.android.gms/app_chimera/m/0000000b/dl-PlayCloudSearch.optional_253434100000.apk has no usable artifacts
02-09 14:56:19.543 I/artd    (20248): GetBestInfo: /data/user_de/0/com.google.android.gms/app_chimera/m/0000000e/dl-Appsearch.optional_253434100800.apk has no usable artifacts
02-09 14:56:19.545 I/artd    (20248): GetBestInfo: /data/user_de/0/com.google.android.gms/app_chimera/m/00000007/MeasurementDynamite.apk has no usable artifacts
02-09 14:56:21.510 I/HalDevMgr(19040): bestIfaceCreationProposal is null, requestIface=STA, existingIface=[name=wlan0 type=STA]
02-09 14:56:24.517 I/HalDevMgr(19040): bestIfaceCreationProposal is null, requestIface=STA, existingIface=[name=wlan0 type=STA]
02-09 14:56:27.523 I/HalDevMgr(19040): bestIfaceCreationProposal is null, requestIface=STA, existingIface=[name=wlan0 type=STA]
02-09 14:56:29.417 W/libbinder.BackendUnifiedServiceManager(24086): Thread Pool max thread count is 0. Cannot cache binder as linkToDeath cannot be implemented. serviceName: package
02-09 14:56:29.496 I/artd    (20248): GetBestInfo: odex next to the dex file (/data/app/~~Ri4OoI6S_XJsFiVFmMlgSA==/com.google.android.gms-nTpiuVu_Zh0lPX1I4eyBtA==/oat/x86_64/base.odex) is kOatUpToDate with filter 'speed-profile' executable 'false'
02-09 14:56:29.498 I/artd    (20248): GetBestInfo: odex next to the dex file (/data/app/~~Ri4OoI6S_XJsFiVFmMlgSA==/com.google.android.gms-nTpiuVu_Zh0lPX1I4eyBtA==/oat/x86_64/split_AdsDynamite_installtime.odex) is kOatUpToDate with filter 'speed' executable 'false'
02-09 14:56:29.499 I/artd    (20248): GetBestInfo: odex next to the dex file (/data/app/~~Ri4OoI6S_XJsFiVFmMlgSA==/com.google.android.gms-nTpiuVu_Zh0lPX1I4eyBtA==/oat/x86_64/split_CronetDynamite_installtime.odex) is kOatUpToDate with filter 'speed' executable 'false'
02-09 14:56:29.502 I/artd    (20248): GetBestInfo: odex next to the dex file (/data/app/~~Ri4OoI6S_XJsFiVFmMlgSA==/com.google.android.gms-nTpiuVu_Zh0lPX1I4eyBtA==/oat/x86_64/split_DynamiteLoader_installtime.odex) is kOatUpToDate with filter 'speed' executable 'false'
02-09 14:56:29.503 I/artd    (20248): GetBestInfo: odex next to the dex file (/data/app/~~Ri4OoI6S_XJsFiVFmMlgSA==/com.google.android.gms-nTpiuVu_Zh0lPX1I4eyBtA==/oat/x86_64/split_DynamiteModulesA_installtime.odex) is kOatUpToDate with filter 'speed' executable 'false'
02-09 14:56:29.504 I/artd    (20248): GetBestInfo: odex next to the dex file (/data/app/~~Ri4OoI6S_XJsFiVFmMlgSA==/com.google.android.gms-nTpiuVu_Zh0lPX1I4eyBtA==/oat/x86_64/split_DynamiteModulesC_installtime.odex) is kOatUpToDate with filter 'speed' executable 'false'
02-09 14:56:29.506 I/artd    (20248): GetBestInfo: odex next to the dex file (/data/app/~~Ri4OoI6S_XJsFiVFmMlgSA==/com.google.android.gms-nTpiuVu_Zh0lPX1I4eyBtA==/oat/x86_64/split_GoogleCertificates_installtime.odex) is kOatUpToDate with filter 'speed' executable 'false'
02-09 14:56:29.508 I/artd    (20248): GetBestInfo: odex next to the dex file (/data/app/~~Ri4OoI6S_XJsFiVFmMlgSA==/com.google.android.gms-nTpiuVu_Zh0lPX1I4eyBtA==/oat/x86_64/split_MapsDynamite_installtime.odex) is kOatUpToDate with filter 'speed' executable 'false'
02-09 14:56:29.510 I/artd    (20248): GetBestInfo: odex next to the dex file (/data/app/~~Ri4OoI6S_XJsFiVFmMlgSA==/com.google.android.gms-nTpiuVu_Zh0lPX1I4eyBtA==/oat/x86_64/split_MeasurementDynamite_installtime.odex) is kOatUpToDate with filter 'speed' executable 'false'
02-09 14:56:29.512 I/artd    (20248): GetBestInfo: odex next to the dex file (/data/app/~~Ri4OoI6S_XJsFiVFmMlgSA==/com.google.android.gms-nTpiuVu_Zh0lPX1I4eyBtA==/oat/x86_64/split_all_locale_splits.odex) is kOatUpToDate with filter 'speed' executable 'false'
02-09 14:56:29.512 I/artd    (20248): GetBestInfo: /data/user_de/0/com.google.android.gms/app_chimera/m/0000000f/dl-VisionOcr.optional_260235100000.apk has no usable artifacts
02-09 14:56:29.513 I/artd    (20248): GetBestInfo: /data/user_de/0/com.google.android.gms/app_chimera/m/00000013/dl-MlkitBarcodeUi.optional_260235100800.apk has no usable artifacts
02-09 14:56:29.514 I/artd    (20248): GetBestInfo: /data/user_de/0/com.google.android.gms/app_chimera/m/00000001/CronetDynamite.apk has no usable artifacts
02-09 14:56:29.515 I/artd    (20248): GetBestInfo: /data/user_de/0/com.google.android.gms/app_chimera/m/0000000a/dl-MlkitBarcodeUi.optional_253434100800.apk has no usable artifacts
02-09 14:56:29.516 I/artd    (20248): GetBestInfo: /data/user_de/0/com.google.android.gms/app_chimera/m/00000002/DynamiteLoader.apk has no usable artifacts
02-09 14:56:29.516 I/artd    (20248): GetBestInfo: /data/user_de/0/com.google.android.gms/app_chimera/m/00000005/GoogleCertificates.apk has no usable artifacts
02-09 14:56:29.517 I/artd    (20248): GetBestInfo: /data/user_de/0/com.google.android.gms/app_chimera/m/00000009/dl-TfliteDynamiteDynamite.integ_252130102100800.apk has no usable artifacts
02-09 14:56:29.518 I/artd    (20248): GetBestInfo: vdex next to the dex file (/data/user/0/com.google.android.gms/app_dg_cache/CF98DA544914DD75038B6CE6DBC852B6C43EC876/oat/x86_64/the.vdex) is kOatUpToDate with filter 'verify' executable 'false'
02-09 14:56:29.519 I/artd    (20248): GetBestInfo: /data/user_de/0/com.google.android.gms/app_chimera/m/00000014/dl-MlkitOcrCommon.optional_260235100800.apk has no usable artifacts
02-09 14:56:29.520 I/artd    (20248): GetBestInfo: /data/user_de/0/com.google.android.gms/app_chimera/m/00000011/dl-Appsearch.optional_260235100800.apk has no usable artifacts
02-09 14:56:29.520 I/artd    (20248): GetBestInfo: /data/user_de/0/com.google.android.gms/app_chimera/m/00000010/dl-PlayCloudSearch.optional_260235100000.apk has no usable artifacts
02-09 14:56:29.522 I/artd    (20248): GetBestInfo: /data/user_de/0/com.google.android.gms/app_chimera/m/0000000b/dl-PlayCloudSearch.optional_253434100000.apk has no usable artifacts
02-09 14:56:29.523 I/artd    (20248): GetBestInfo: /data/user_de/0/com.google.android.gms/app_chimera/m/0000000e/dl-Appsearch.optional_253434100800.apk has no usable artifacts
02-09 14:56:29.525 I/artd    (20248): GetBestInfo: /data/user_de/0/com.google.android.gms/app_chimera/m/00000007/MeasurementDynamite.apk has no usable artifacts
02-09 14:56:30.530 I/HalDevMgr(19040): bestIfaceCreationProposal is null, requestIface=STA, existingIface=[name=wlan0 type=STA]
02-09 14:56:33.536 I/HalDevMgr(19040): bestIfaceCreationProposal is null, requestIface=STA, existingIface=[name=wlan0 type=STA]
02-09 14:56:36.541 I/HalDevMgr(19040): bestIfaceCreationProposal is null, requestIface=STA, existingIface=[name=wlan0 type=STA]
02-09 14:56:39.412 W/libbinder.BackendUnifiedServiceManager(24089): Thread Pool max thread count is 0. Cannot cache binder as linkToDeath cannot be implemented. serviceName: package
02-09 14:56:39.484 I/artd    (20248): GetBestInfo: odex next to the dex file (/data/app/~~Ri4OoI6S_XJsFiVFmMlgSA==/com.google.android.gms-nTpiuVu_Zh0lPX1I4eyBtA==/oat/x86_64/base.odex) is kOatUpToDate with filter 'speed-profile' executable 'false'
02-09 14:56:39.486 I/artd    (20248): GetBestInfo: odex next to the dex file (/data/app/~~Ri4OoI6S_XJsFiVFmMlgSA==/com.google.android.gms-nTpiuVu_Zh0lPX1I4eyBtA==/oat/x86_64/split_AdsDynamite_installtime.odex) is kOatUpToDate with filter 'speed' executable 'false'
02-09 14:56:39.487 I/artd    (20248): GetBestInfo: odex next to the dex file (/data/app/~~Ri4OoI6S_XJsFiVFmMlgSA==/com.google.android.gms-nTpiuVu_Zh0lPX1I4eyBtA==/oat/x86_64/split_CronetDynamite_installtime.odex) is kOatUpToDate with filter 'speed' executable 'false'
02-09 14:56:39.488 I/artd    (20248): GetBestInfo: odex next to the dex file (/data/app/~~Ri4OoI6S_XJsFiVFmMlgSA==/com.google.android.gms-nTpiuVu_Zh0lPX1I4eyBtA==/oat/x86_64/split_DynamiteLoader_installtime.odex) is kOatUpToDate with filter 'speed' executable 'false'
02-09 14:56:39.489 I/artd    (20248): GetBestInfo: odex next to the dex file (/data/app/~~Ri4OoI6S_XJsFiVFmMlgSA==/com.google.android.gms-nTpiuVu_Zh0lPX1I4eyBtA==/oat/x86_64/split_DynamiteModulesA_installtime.odex) is kOatUpToDate with filter 'speed' executable 'false'
02-09 14:56:39.490 I/artd    (20248): GetBestInfo: odex next to the dex file (/data/app/~~Ri4OoI6S_XJsFiVFmMlgSA==/com.google.android.gms-nTpiuVu_Zh0lPX1I4eyBtA==/oat/x86_64/split_DynamiteModulesC_installtime.odex) is kOatUpToDate with filter 'speed' executable 'false'
02-09 14:56:39.491 I/artd    (20248): GetBestInfo: odex next to the dex file (/data/app/~~Ri4OoI6S_XJsFiVFmMlgSA==/com.google.android.gms-nTpiuVu_Zh0lPX1I4eyBtA==/oat/x86_64/split_GoogleCertificates_installtime.odex) is kOatUpToDate with filter 'speed' executable 'false'
02-09 14:56:39.492 I/artd    (20248): GetBestInfo: odex next to the dex file (/data/app/~~Ri4OoI6S_XJsFiVFmMlgSA==/com.google.android.gms-nTpiuVu_Zh0lPX1I4eyBtA==/oat/x86_64/split_MapsDynamite_installtime.odex) is kOatUpToDate with filter 'speed' executable 'false'
02-09 14:56:39.494 I/artd    (20248): GetBestInfo: odex next to the dex file (/data/app/~~Ri4OoI6S_XJsFiVFmMlgSA==/com.google.android.gms-nTpiuVu_Zh0lPX1I4eyBtA==/oat/x86_64/split_MeasurementDynamite_installtime.odex) is kOatUpToDate with filter 'speed' executable 'false'
02-09 14:56:39.495 I/artd    (20248): GetBestInfo: odex next to the dex file (/data/app/~~Ri4OoI6S_XJsFiVFmMlgSA==/com.google.android.gms-nTpiuVu_Zh0lPX1I4eyBtA==/oat/x86_64/split_all_locale_splits.odex) is kOatUpToDate with filter 'speed' executable 'false'
02-09 14:56:39.496 I/artd    (20248): GetBestInfo: /data/user_de/0/com.google.android.gms/app_chimera/m/0000000f/dl-VisionOcr.optional_260235100000.apk has no usable artifacts
02-09 14:56:39.499 I/artd    (20248): GetBestInfo: /data/user_de/0/com.google.android.gms/app_chimera/m/00000013/dl-MlkitBarcodeUi.optional_260235100800.apk has no usable artifacts
02-09 14:56:39.500 I/artd    (20248): GetBestInfo: /data/user_de/0/com.google.android.gms/app_chimera/m/00000001/CronetDynamite.apk has no usable artifacts
02-09 14:56:39.502 I/artd    (20248): GetBestInfo: /data/user_de/0/com.google.android.gms/app_chimera/m/0000000a/dl-MlkitBarcodeUi.optional_253434100800.apk has no usable artifacts
02-09 14:56:39.503 I/artd    (20248): GetBestInfo: /data/user_de/0/com.google.android.gms/app_chimera/m/00000002/DynamiteLoader.apk has no usable artifacts
02-09 14:56:39.503 I/artd    (20248): GetBestInfo: /data/user_de/0/com.google.android.gms/app_chimera/m/00000005/GoogleCertificates.apk has no usable artifacts
02-09 14:56:39.504 I/artd    (20248): GetBestInfo: /data/user_de/0/com.google.android.gms/app_chimera/m/00000009/dl-TfliteDynamiteDynamite.integ_252130102100800.apk has no usable artifacts
02-09 14:56:39.505 I/artd    (20248): GetBestInfo: vdex next to the dex file (/data/user/0/com.google.android.gms/app_dg_cache/CF98DA544914DD75038B6CE6DBC852B6C43EC876/oat/x86_64/the.vdex) is kOatUpToDate with filter 'verify' executable 'false'
02-09 14:56:39.506 I/artd    (20248): GetBestInfo: /data/user_de/0/com.google.android.gms/app_chimera/m/00000014/dl-MlkitOcrCommon.optional_260235100800.apk has no usable artifacts
02-09 14:56:39.507 I/artd    (20248): GetBestInfo: /data/user_de/0/com.google.android.gms/app_chimera/m/00000011/dl-Appsearch.optional_260235100800.apk has no usable artifacts
02-09 14:56:39.508 I/artd    (20248): GetBestInfo: /data/user_de/0/com.google.android.gms/app_chimera/m/00000010/dl-PlayCloudSearch.optional_260235100000.apk has no usable artifacts
02-09 14:56:39.510 I/artd    (20248): GetBestInfo: /data/user_de/0/com.google.android.gms/app_chimera/m/0000000b/dl-PlayCloudSearch.optional_253434100000.apk has no usable artifacts
02-09 14:56:39.511 I/artd    (20248): GetBestInfo: /data/user_de/0/com.google.android.gms/app_chimera/m/0000000e/dl-Appsearch.optional_253434100800.apk has no usable artifacts
02-09 14:56:39.512 I/artd    (20248): GetBestInfo: /data/user_de/0/com.google.android.gms/app_chimera/m/00000007/MeasurementDynamite.apk has no usable artifacts
02-09 14:56:39.547 I/HalDevMgr(19040): bestIfaceCreationProposal is null, requestIface=STA, existingIface=[name=wlan0 type=STA]
02-09 14:56:42.554 I/HalDevMgr(19040): bestIfaceCreationProposal is null, requestIface=STA, existingIface=[name=wlan0 type=STA]
02-09 14:56:45.562 I/HalDevMgr(19040): bestIfaceCreationProposal is null, requestIface=STA, existingIface=[name=wlan0 type=STA]
02-09 14:56:48.568 I/HalDevMgr(19040): bestIfaceCreationProposal is null, requestIface=STA, existingIface=[name=wlan0 type=STA]
02-09 14:56:49.428 W/libbinder.BackendUnifiedServiceManager(24094): Thread Pool max thread count is 0. Cannot cache binder as linkToDeath cannot be implemented. serviceName: package
02-09 14:56:49.538 I/artd    (20248): GetBestInfo: odex next to the dex file (/data/app/~~Ri4OoI6S_XJsFiVFmMlgSA==/com.google.android.gms-nTpiuVu_Zh0lPX1I4eyBtA==/oat/x86_64/base.odex) is kOatUpToDate with filter 'speed-profile' executable 'false'
02-09 14:56:49.543 I/artd    (20248): GetBestInfo: odex next to the dex file (/data/app/~~Ri4OoI6S_XJsFiVFmMlgSA==/com.google.android.gms-nTpiuVu_Zh0lPX1I4eyBtA==/oat/x86_64/split_AdsDynamite_installtime.odex) is kOatUpToDate with filter 'speed' executable 'false'
02-09 14:56:49.545 I/artd    (20248): GetBestInfo: odex next to the dex file (/data/app/~~Ri4OoI6S_XJsFiVFmMlgSA==/com.google.android.gms-nTpiuVu_Zh0lPX1I4eyBtA==/oat/x86_64/split_CronetDynamite_installtime.odex) is kOatUpToDate with filter 'speed' executable 'false'
02-09 14:56:49.547 I/artd    (20248): GetBestInfo: odex next to the dex file (/data/app/~~Ri4OoI6S_XJsFiVFmMlgSA==/com.google.android.gms-nTpiuVu_Zh0lPX1I4eyBtA==/oat/x86_64/split_DynamiteLoader_installtime.odex) is kOatUpToDate with filter 'speed' executable 'false'
02-09 14:56:49.549 I/artd    (20248): GetBestInfo: odex next to the dex file (/data/app/~~Ri4OoI6S_XJsFiVFmMlgSA==/com.google.android.gms-nTpiuVu_Zh0lPX1I4eyBtA==/oat/x86_64/split_DynamiteModulesA_installtime.odex) is kOatUpToDate with filter 'speed' executable 'false'
02-09 14:56:49.552 I/artd    (20248): GetBestInfo: odex next to the dex file (/data/app/~~Ri4OoI6S_XJsFiVFmMlgSA==/com.google.android.gms-nTpiuVu_Zh0lPX1I4eyBtA==/oat/x86_64/split_DynamiteModulesC_installtime.odex) is kOatUpToDate with filter 'speed' executable 'false'
02-09 14:56:49.555 I/artd    (20248): GetBestInfo: odex next to the dex file (/data/app/~~Ri4OoI6S_XJsFiVFmMlgSA==/com.google.android.gms-nTpiuVu_Zh0lPX1I4eyBtA==/oat/x86_64/split_GoogleCertificates_installtime.odex) is kOatUpToDate with filter 'speed' executable 'false'
02-09 14:56:49.557 I/artd    (20248): GetBestInfo: odex next to the dex file (/data/app/~~Ri4OoI6S_XJsFiVFmMlgSA==/com.google.android.gms-nTpiuVu_Zh0lPX1I4eyBtA==/oat/x86_64/split_MapsDynamite_installtime.odex) is kOatUpToDate with filter 'speed' executable 'false'
02-09 14:56:49.559 I/artd    (20248): GetBestInfo: odex next to the dex file (/data/app/~~Ri4OoI6S_XJsFiVFmMlgSA==/com.google.android.gms-nTpiuVu_Zh0lPX1I4eyBtA==/oat/x86_64/split_MeasurementDynamite_installtime.odex) is kOatUpToDate with filter 'speed' executable 'false'
02-09 14:56:49.560 I/artd    (20248): GetBestInfo: odex next to the dex file (/data/app/~~Ri4OoI6S_XJsFiVFmMlgSA==/com.google.android.gms-nTpiuVu_Zh0lPX1I4eyBtA==/oat/x86_64/split_all_locale_splits.odex) is kOatUpToDate with filter 'speed' executable 'false'
02-09 14:56:49.562 I/artd    (20248): GetBestInfo: /data/user_de/0/com.google.android.gms/app_chimera/m/0000000f/dl-VisionOcr.optional_260235100000.apk has no usable artifacts
02-09 14:56:49.563 I/artd    (20248): GetBestInfo: /data/user_de/0/com.google.android.gms/app_chimera/m/00000013/dl-MlkitBarcodeUi.optional_260235100800.apk has no usable artifacts
02-09 14:56:49.564 I/artd    (20248): GetBestInfo: /data/user_de/0/com.google.android.gms/app_chimera/m/00000001/CronetDynamite.apk has no usable artifacts
02-09 14:56:49.567 I/artd    (20248): GetBestInfo: /data/user_de/0/com.google.android.gms/app_chimera/m/0000000a/dl-MlkitBarcodeUi.optional_253434100800.apk has no usable artifacts
02-09 14:56:49.568 I/artd    (20248): GetBestInfo: /data/user_de/0/com.google.android.gms/app_chimera/m/00000002/DynamiteLoader.apk has no usable artifacts
02-09 14:56:49.568 I/artd    (20248): GetBestInfo: /data/user_de/0/com.google.android.gms/app_chimera/m/00000005/GoogleCertificates.apk has no usable artifacts
02-09 14:56:49.569 I/artd    (20248): GetBestInfo: /data/user_de/0/com.google.android.gms/app_chimera/m/00000009/dl-TfliteDynamiteDynamite.integ_252130102100800.apk has no usable artifacts
02-09 14:56:49.571 I/artd    (20248): GetBestInfo: vdex next to the dex file (/data/user/0/com.google.android.gms/app_dg_cache/CF98DA544914DD75038B6CE6DBC852B6C43EC876/oat/x86_64/the.vdex) is kOatUpToDate with filter 'verify' executable 'false'
02-09 14:56:49.574 I/artd    (20248): GetBestInfo: /data/user_de/0/com.google.android.gms/app_chimera/m/00000014/dl-MlkitOcrCommon.optional_260235100800.apk has no usable artifacts
02-09 14:56:49.580 I/artd    (20248): GetBestInfo: /data/user_de/0/com.google.android.gms/app_chimera/m/00000011/dl-Appsearch.optional_260235100800.apk has no usable artifacts
02-09 14:56:49.583 I/artd    (20248): GetBestInfo: /data/user_de/0/com.google.android.gms/app_chimera/m/00000010/dl-PlayCloudSearch.optional_260235100000.apk has no usable artifacts
02-09 14:56:49.586 I/artd    (20248): GetBestInfo: /data/user_de/0/com.google.android.gms/app_chimera/m/0000000b/dl-PlayCloudSearch.optional_253434100000.apk has no usable artifacts
02-09 14:56:49.589 I/artd    (20248): GetBestInfo: /data/user_de/0/com.google.android.gms/app_chimera/m/0000000e/dl-Appsearch.optional_253434100800.apk has no usable artifacts
02-09 14:56:49.590 I/artd    (20248): GetBestInfo: /data/user_de/0/com.google.android.gms/app_chimera/m/00000007/MeasurementDynamite.apk has no usable artifacts
02-09 14:56:51.575 I/HalDevMgr(19040): bestIfaceCreationProposal is null, requestIface=STA, existingIface=[name=wlan0 type=STA]
02-09 14:56:54.582 I/HalDevMgr(19040): bestIfaceCreationProposal is null, requestIface=STA, existingIface=[name=wlan0 type=STA]
02-09 14:56:55.856 W/AlarmManager(19683): Unrecognized alarm listener com.android.networkstack.android.net.ip.IpClientLinkObserver$Dhcp6PdPreferredPrefixAlarmListener@c431a42
02-09 14:56:55.856 D/ApfFilter(19683): (wlan0): Adding RA fe80::2 -> ff02::1 1800s fec0::/64 86400s/14400s 
02-09 14:56:57.589 I/HalDevMgr(19040): bestIfaceCreationProposal is null, requestIface=STA, existingIface=[name=wlan0 type=STA]
02-09 14:56:59.464 W/libbinder.BackendUnifiedServiceManager(24099): Thread Pool max thread count is 0. Cannot cache binder as linkToDeath cannot be implemented. serviceName: package
02-09 14:56:59.569 I/artd    (20248): GetBestInfo: odex next to the dex file (/data/app/~~Ri4OoI6S_XJsFiVFmMlgSA==/com.google.android.gms-nTpiuVu_Zh0lPX1I4eyBtA==/oat/x86_64/base.odex) is kOatUpToDate with filter 'speed-profile' executable 'false'
02-09 14:56:59.572 I/artd    (20248): GetBestInfo: odex next to the dex file (/data/app/~~Ri4OoI6S_XJsFiVFmMlgSA==/com.google.android.gms-nTpiuVu_Zh0lPX1I4eyBtA==/oat/x86_64/split_AdsDynamite_installtime.odex) is kOatUpToDate with filter 'speed' executable 'false'
02-09 14:56:59.575 I/artd    (20248): GetBestInfo: odex next to the dex file (/data/app/~~Ri4OoI6S_XJsFiVFmMlgSA==/com.google.android.gms-nTpiuVu_Zh0lPX1I4eyBtA==/oat/x86_64/split_CronetDynamite_installtime.odex) is kOatUpToDate with filter 'speed' executable 'false'
02-09 14:56:59.577 I/artd    (20248): GetBestInfo: odex next to the dex file (/data/app/~~Ri4OoI6S_XJsFiVFmMlgSA==/com.google.android.gms-nTpiuVu_Zh0lPX1I4eyBtA==/oat/x86_64/split_DynamiteLoader_installtime.odex) is kOatUpToDate with filter 'speed' executable 'false'
02-09 14:56:59.578 I/artd    (20248): GetBestInfo: odex next to the dex file (/data/app/~~Ri4OoI6S_XJsFiVFmMlgSA==/com.google.android.gms-nTpiuVu_Zh0lPX1I4eyBtA==/oat/x86_64/split_DynamiteModulesA_installtime.odex) is kOatUpToDate with filter 'speed' executable 'false'
02-09 14:56:59.580 I/artd    (20248): GetBestInfo: odex next to the dex file (/data/app/~~Ri4OoI6S_XJsFiVFmMlgSA==/com.google.android.gms-nTpiuVu_Zh0lPX1I4eyBtA==/oat/x86_64/split_DynamiteModulesC_installtime.odex) is kOatUpToDate with filter 'speed' executable 'false'
02-09 14:56:59.582 I/artd    (20248): GetBestInfo: odex next to the dex file (/data/app/~~Ri4OoI6S_XJsFiVFmMlgSA==/com.google.android.gms-nTpiuVu_Zh0lPX1I4eyBtA==/oat/x86_64/split_GoogleCertificates_installtime.odex) is kOatUpToDate with filter 'speed' executable 'false'
02-09 14:56:59.584 I/artd    (20248): GetBestInfo: odex next to the dex file (/data/app/~~Ri4OoI6S_XJsFiVFmMlgSA==/com.google.android.gms-nTpiuVu_Zh0lPX1I4eyBtA==/oat/x86_64/split_MapsDynamite_installtime.odex) is kOatUpToDate with filter 'speed' executable 'false'
02-09 14:56:59.586 I/artd    (20248): GetBestInfo: odex next to the dex file (/data/app/~~Ri4OoI6S_XJsFiVFmMlgSA==/com.google.android.gms-nTpiuVu_Zh0lPX1I4eyBtA==/oat/x86_64/split_MeasurementDynamite_installtime.odex) is kOatUpToDate with filter 'speed' executable 'false'
02-09 14:56:59.587 I/artd    (20248): GetBestInfo: odex next to the dex file (/data/app/~~Ri4OoI6S_XJsFiVFmMlgSA==/com.google.android.gms-nTpiuVu_Zh0lPX1I4eyBtA==/oat/x86_64/split_all_locale_splits.odex) is kOatUpToDate with filter 'speed' executable 'false'
02-09 14:56:59.588 I/artd    (20248): GetBestInfo: /data/user_de/0/com.google.android.gms/app_chimera/m/0000000f/dl-VisionOcr.optional_260235100000.apk has no usable artifacts
02-09 14:56:59.590 I/artd    (20248): GetBestInfo: /data/user_de/0/com.google.android.gms/app_chimera/m/00000013/dl-MlkitBarcodeUi.optional_260235100800.apk has no usable artifacts
02-09 14:56:59.592 I/artd    (20248): GetBestInfo: /data/user_de/0/com.google.android.gms/app_chimera/m/00000001/CronetDynamite.apk has no usable artifacts
02-09 14:56:59.596 I/artd    (20248): GetBestInfo: /data/user_de/0/com.google.android.gms/app_chimera/m/0000000a/dl-MlkitBarcodeUi.optional_253434100800.apk has no usable artifacts
02-09 14:56:59.598 I/artd    (20248): GetBestInfo: /data/user_de/0/com.google.android.gms/app_chimera/m/00000002/DynamiteLoader.apk has no usable artifacts
02-09 14:56:59.598 I/artd    (20248): GetBestInfo: /data/user_de/0/com.google.android.gms/app_chimera/m/00000005/GoogleCertificates.apk has no usable artifacts
02-09 14:56:59.599 I/artd    (20248): GetBestInfo: /data/user_de/0/com.google.android.gms/app_chimera/m/00000009/dl-TfliteDynamiteDynamite.integ_252130102100800.apk has no usable artifacts
02-09 14:56:59.601 I/artd    (20248): GetBestInfo: vdex next to the dex file (/data/user/0/com.google.android.gms/app_dg_cache/CF98DA544914DD75038B6CE6DBC852B6C43EC876/oat/x86_64/the.vdex) is kOatUpToDate with filter 'verify' executable 'false'
02-09 14:56:59.602 I/artd    (20248): GetBestInfo: /data/user_de/0/com.google.android.gms/app_chimera/m/00000014/dl-MlkitOcrCommon.optional_260235100800.apk has no usable artifacts
02-09 14:56:59.604 I/artd    (20248): GetBestInfo: /data/user_de/0/com.google.android.gms/app_chimera/m/00000011/dl-Appsearch.optional_260235100800.apk has no usable artifacts
02-09 14:56:59.606 I/artd    (20248): GetBestInfo: /data/user_de/0/com.google.android.gms/app_chimera/m/00000010/dl-PlayCloudSearch.optional_260235100000.apk has no usable artifacts
02-09 14:56:59.608 I/artd    (20248): GetBestInfo: /data/user_de/0/com.google.android.gms/app_chimera/m/0000000b/dl-PlayCloudSearch.optional_253434100000.apk has no usable artifacts
02-09 14:56:59.611 I/artd    (20248): GetBestInfo: /data/user_de/0/com.google.android.gms/app_chimera/m/0000000e/dl-Appsearch.optional_253434100800.apk has no usable artifacts
02-09 14:56:59.613 I/artd    (20248): GetBestInfo: /data/user_de/0/com.google.android.gms/app_chimera/m/00000007/MeasurementDynamite.apk has no usable artifacts
02-09 14:57:00.595 I/HalDevMgr(19040): bestIfaceCreationProposal is null, requestIface=STA, existingIface=[name=wlan0 type=STA]
02-09 14:57:03.567 I/GnssLocationProvider(19040): WakeLock acquired by handleDownloadPsdsData()
02-09 14:57:03.568 E/GnssPsdsDownloader(19040): No Long-Term PSDS servers were specified in the GnssConfiguration
02-09 14:57:03.604 I/HalDevMgr(19040): bestIfaceCreationProposal is null, requestIface=STA, existingIface=[name=wlan0 type=STA]
02-09 14:57:06.611 I/HalDevMgr(19040): bestIfaceCreationProposal is null, requestIface=STA, existingIface=[name=wlan0 type=STA]
02-09 14:57:09.413 W/libbinder.BackendUnifiedServiceManager(24105): Thread Pool max thread count is 0. Cannot cache binder as linkToDeath cannot be implemented. serviceName: package
02-09 14:57:09.486 I/artd    (20248): GetBestInfo: odex next to the dex file (/data/app/~~Ri4OoI6S_XJsFiVFmMlgSA==/com.google.android.gms-nTpiuVu_Zh0lPX1I4eyBtA==/oat/x86_64/base.odex) is kOatUpToDate with filter 'speed-profile' executable 'false'
02-09 14:57:09.488 I/artd    (20248): GetBestInfo: odex next to the dex file (/data/app/~~Ri4OoI6S_XJsFiVFmMlgSA==/com.google.android.gms-nTpiuVu_Zh0lPX1I4eyBtA==/oat/x86_64/split_AdsDynamite_installtime.odex) is kOatUpToDate with filter 'speed' executable 'false'
02-09 14:57:09.489 I/artd    (20248): GetBestInfo: odex next to the dex file (/data/app/~~Ri4OoI6S_XJsFiVFmMlgSA==/com.google.android.gms-nTpiuVu_Zh0lPX1I4eyBtA==/oat/x86_64/split_CronetDynamite_installtime.odex) is kOatUpToDate with filter 'speed' executable 'false'
02-09 14:57:09.492 I/artd    (20248): GetBestInfo: odex next to the dex file (/data/app/~~Ri4OoI6S_XJsFiVFmMlgSA==/com.google.android.gms-nTpiuVu_Zh0lPX1I4eyBtA==/oat/x86_64/split_DynamiteLoader_installtime.odex) is kOatUpToDate with filter 'speed' executable 'false'
02-09 14:57:09.493 I/artd    (20248): GetBestInfo: odex next to the dex file (/data/app/~~Ri4OoI6S_XJsFiVFmMlgSA==/com.google.android.gms-nTpiuVu_Zh0lPX1I4eyBtA==/oat/x86_64/split_DynamiteModulesA_installtime.odex) is kOatUpToDate with filter 'speed' executable 'false'
02-09 14:57:09.495 I/artd    (20248): GetBestInfo: odex next to the dex file (/data/app/~~Ri4OoI6S_XJsFiVFmMlgSA==/com.google.android.gms-nTpiuVu_Zh0lPX1I4eyBtA==/oat/x86_64/split_DynamiteModulesC_installtime.odex) is kOatUpToDate with filter 'speed' executable 'false'
02-09 14:57:09.496 I/artd    (20248): GetBestInfo: odex next to the dex file (/data/app/~~Ri4OoI6S_XJsFiVFmMlgSA==/com.google.android.gms-nTpiuVu_Zh0lPX1I4eyBtA==/oat/x86_64/split_GoogleCertificates_installtime.odex) is kOatUpToDate with filter 'speed' executable 'false'
02-09 14:57:09.497 I/artd    (20248): GetBestInfo: odex next to the dex file (/data/app/~~Ri4OoI6S_XJsFiVFmMlgSA==/com.google.android.gms-nTpiuVu_Zh0lPX1I4eyBtA==/oat/x86_64/split_MapsDynamite_installtime.odex) is kOatUpToDate with filter 'speed' executable 'false'
02-09 14:57:09.498 I/artd    (20248): GetBestInfo: odex next to the dex file (/data/app/~~Ri4OoI6S_XJsFiVFmMlgSA==/com.google.android.gms-nTpiuVu_Zh0lPX1I4eyBtA==/oat/x86_64/split_MeasurementDynamite_installtime.odex) is kOatUpToDate with filter 'speed' executable 'false'
02-09 14:57:09.499 I/artd    (20248): GetBestInfo: odex next to the dex file (/data/app/~~Ri4OoI6S_XJsFiVFmMlgSA==/com.google.android.gms-nTpiuVu_Zh0lPX1I4eyBtA==/oat/x86_64/split_all_locale_splits.odex) is kOatUpToDate with filter 'speed' executable 'false'
02-09 14:57:09.500 I/artd    (20248): GetBestInfo: /data/user_de/0/com.google.android.gms/app_chimera/m/0000000f/dl-VisionOcr.optional_260235100000.apk has no usable artifacts
02-09 14:57:09.501 I/artd    (20248): GetBestInfo: /data/user_de/0/com.google.android.gms/app_chimera/m/00000013/dl-MlkitBarcodeUi.optional_260235100800.apk has no usable artifacts
02-09 14:57:09.502 I/artd    (20248): GetBestInfo: /data/user_de/0/com.google.android.gms/app_chimera/m/00000001/CronetDynamite.apk has no usable artifacts
02-09 14:57:09.504 I/artd    (20248): GetBestInfo: /data/user_de/0/com.google.android.gms/app_chimera/m/0000000a/dl-MlkitBarcodeUi.optional_253434100800.apk has no usable artifacts
02-09 14:57:09.504 I/artd    (20248): GetBestInfo: /data/user_de/0/com.google.android.gms/app_chimera/m/00000002/DynamiteLoader.apk has no usable artifacts
02-09 14:57:09.505 I/artd    (20248): GetBestInfo: /data/user_de/0/com.google.android.gms/app_chimera/m/00000005/GoogleCertificates.apk has no usable artifacts
02-09 14:57:09.506 I/artd    (20248): GetBestInfo: /data/user_de/0/com.google.android.gms/app_chimera/m/00000009/dl-TfliteDynamiteDynamite.integ_252130102100800.apk has no usable artifacts
02-09 14:57:09.507 I/artd    (20248): GetBestInfo: vdex next to the dex file (/data/user/0/com.google.android.gms/app_dg_cache/CF98DA544914DD75038B6CE6DBC852B6C43EC876/oat/x86_64/the.vdex) is kOatUpToDate with filter 'verify' executable 'false'
02-09 14:57:09.508 I/artd    (20248): GetBestInfo: /data/user_de/0/com.google.android.gms/app_chimera/m/00000014/dl-MlkitOcrCommon.optional_260235100800.apk has no usable artifacts
02-09 14:57:09.509 I/artd    (20248): GetBestInfo: /data/user_de/0/com.google.android.gms/app_chimera/m/00000011/dl-Appsearch.optional_260235100800.apk has no usable artifacts
02-09 14:57:09.511 I/artd    (20248): GetBestInfo: /data/user_de/0/com.google.android.gms/app_chimera/m/00000010/dl-PlayCloudSearch.optional_260235100000.apk has no usable artifacts
02-09 14:57:09.513 I/artd    (20248): GetBestInfo: /data/user_de/0/com.google.android.gms/app_chimera/m/0000000b/dl-PlayCloudSearch.optional_253434100000.apk has no usable artifacts
02-09 14:57:09.514 I/artd    (20248): GetBestInfo: /data/user_de/0/com.google.android.gms/app_chimera/m/0000000e/dl-Appsearch.optional_253434100800.apk has no usable artifacts
02-09 14:57:09.516 I/artd    (20248): GetBestInfo: /data/user_de/0/com.google.android.gms/app_chimera/m/00000007/MeasurementDynamite.apk has no usable artifacts
02-09 14:57:09.618 I/HalDevMgr(19040): bestIfaceCreationProposal is null, requestIface=STA, existingIface=[name=wlan0 type=STA]
02-09 14:57:12.623 I/HalDevMgr(19040): bestIfaceCreationProposal is null, requestIface=STA, existingIface=[name=wlan0 type=STA]
02-09 14:57:15.631 I/HalDevMgr(19040): bestIfaceCreationProposal is null, requestIface=STA, existingIface=[name=wlan0 type=STA]
02-09 14:57:18.636 I/HalDevMgr(19040): bestIfaceCreationProposal is null, requestIface=STA, existingIface=[name=wlan0 type=STA]
02-09 14:57:19.421 W/libbinder.BackendUnifiedServiceManager(24108): Thread Pool max thread count is 0. Cannot cache binder as linkToDeath cannot be implemented. serviceName: package
02-09 14:57:19.536 I/system_server(19040): Background young concurrent mark compact GC freed 22MB AllocSpace bytes, 6(120KB) LOS objects, 36% free, 35MB/55MB, paused 6.395ms,4.033ms total 110.713ms
02-09 14:57:19.537 I/artd    (20248): GetBestInfo: odex next to the dex file (/data/app/~~Ri4OoI6S_XJsFiVFmMlgSA==/com.google.android.gms-nTpiuVu_Zh0lPX1I4eyBtA==/oat/x86_64/base.odex) is kOatUpToDate with filter 'speed-profile' executable 'false'
02-09 14:57:19.539 I/artd    (20248): GetBestInfo: odex next to the dex file (/data/app/~~Ri4OoI6S_XJsFiVFmMlgSA==/com.google.android.gms-nTpiuVu_Zh0lPX1I4eyBtA==/oat/x86_64/split_AdsDynamite_installtime.odex) is kOatUpToDate with filter 'speed' executable 'false'
02-09 14:57:19.541 I/artd    (20248): GetBestInfo: odex next to the dex file (/data/app/~~Ri4OoI6S_XJsFiVFmMlgSA==/com.google.android.gms-nTpiuVu_Zh0lPX1I4eyBtA==/oat/x86_64/split_CronetDynamite_installtime.odex) is kOatUpToDate with filter 'speed' executable 'false'
02-09 14:57:19.547 I/artd    (20248): GetBestInfo: odex next to the dex file (/data/app/~~Ri4OoI6S_XJsFiVFmMlgSA==/com.google.android.gms-nTpiuVu_Zh0lPX1I4eyBtA==/oat/x86_64/split_DynamiteLoader_installtime.odex) is kOatUpToDate with filter 'speed' executable 'false'
02-09 14:57:19.551 I/artd    (20248): GetBestInfo: odex next to the dex file (/data/app/~~Ri4OoI6S_XJsFiVFmMlgSA==/com.google.android.gms-nTpiuVu_Zh0lPX1I4eyBtA==/oat/x86_64/split_DynamiteModulesA_installtime.odex) is kOatUpToDate with filter 'speed' executable 'false'
02-09 14:57:19.553 I/artd    (20248): GetBestInfo: odex next to the dex file (/data/app/~~Ri4OoI6S_XJsFiVFmMlgSA==/com.google.android.gms-nTpiuVu_Zh0lPX1I4eyBtA==/oat/x86_64/split_DynamiteModulesC_installtime.odex) is kOatUpToDate with filter 'speed' executable 'false'
02-09 14:57:19.554 I/artd    (20248): GetBestInfo: odex next to the dex file (/data/app/~~Ri4OoI6S_XJsFiVFmMlgSA==/com.google.android.gms-nTpiuVu_Zh0lPX1I4eyBtA==/oat/x86_64/split_GoogleCertificates_installtime.odex) is kOatUpToDate with filter 'speed' executable 'false'
02-09 14:57:19.556 I/artd    (20248): GetBestInfo: odex next to the dex file (/data/app/~~Ri4OoI6S_XJsFiVFmMlgSA==/com.google.android.gms-nTpiuVu_Zh0lPX1I4eyBtA==/oat/x86_64/split_MapsDynamite_installtime.odex) is kOatUpToDate with filter 'speed' executable 'false'
02-09 14:57:19.558 I/artd    (20248): GetBestInfo: odex next to the dex file (/data/app/~~Ri4OoI6S_XJsFiVFmMlgSA==/com.google.android.gms-nTpiuVu_Zh0lPX1I4eyBtA==/oat/x86_64/split_MeasurementDynamite_installtime.odex) is kOatUpToDate with filter 'speed' executable 'false'
02-09 14:57:19.561 I/artd    (20248): GetBestInfo: odex next to the dex file (/data/app/~~Ri4OoI6S_XJsFiVFmMlgSA==/com.google.android.gms-nTpiuVu_Zh0lPX1I4eyBtA==/oat/x86_64/split_all_locale_splits.odex) is kOatUpToDate with filter 'speed' executable 'false'
02-09 14:57:19.563 I/artd    (20248): GetBestInfo: /data/user_de/0/com.google.android.gms/app_chimera/m/0000000f/dl-VisionOcr.optional_260235100000.apk has no usable artifacts
02-09 14:57:19.565 I/artd    (20248): GetBestInfo: /data/user_de/0/com.google.android.gms/app_chimera/m/00000013/dl-MlkitBarcodeUi.optional_260235100800.apk has no usable artifacts
02-09 14:57:19.566 I/artd    (20248): GetBestInfo: /data/user_de/0/com.google.android.gms/app_chimera/m/00000001/CronetDynamite.apk has no usable artifacts
02-09 14:57:19.568 I/artd    (20248): GetBestInfo: /data/user_de/0/com.google.android.gms/app_chimera/m/0000000a/dl-MlkitBarcodeUi.optional_253434100800.apk has no usable artifacts
02-09 14:57:19.569 I/artd    (20248): GetBestInfo: /data/user_de/0/com.google.android.gms/app_chimera/m/00000002/DynamiteLoader.apk has no usable artifacts
02-09 14:57:19.570 I/artd    (20248): GetBestInfo: /data/user_de/0/com.google.android.gms/app_chimera/m/00000005/GoogleCertificates.apk has no usable artifacts
02-09 14:57:19.574 I/artd    (20248): GetBestInfo: /data/user_de/0/com.google.android.gms/app_chimera/m/00000009/dl-TfliteDynamiteDynamite.integ_252130102100800.apk has no usable artifacts
02-09 14:57:19.577 I/artd    (20248): GetBestInfo: vdex next to the dex file (/data/user/0/com.google.android.gms/app_dg_cache/CF98DA544914DD75038B6CE6DBC852B6C43EC876/oat/x86_64/the.vdex) is kOatUpToDate with filter 'verify' executable 'false'
02-09 14:57:19.579 I/artd    (20248): GetBestInfo: /data/user_de/0/com.google.android.gms/app_chimera/m/00000014/dl-MlkitOcrCommon.optional_260235100800.apk has no usable artifacts
02-09 14:57:19.582 I/artd    (20248): GetBestInfo: /data/user_de/0/com.google.android.gms/app_chimera/m/00000011/dl-Appsearch.optional_260235100800.apk has no usable artifacts
02-09 14:57:19.584 I/artd    (20248): GetBestInfo: /data/user_de/0/com.google.android.gms/app_chimera/m/00000010/dl-PlayCloudSearch.optional_260235100000.apk has no usable artifacts
02-09 14:57:19.587 I/artd    (20248): GetBestInfo: /data/user_de/0/com.google.android.gms/app_chimera/m/0000000b/dl-PlayCloudSearch.optional_253434100000.apk has no usable artifacts
02-09 14:57:19.589 I/artd    (20248): GetBestInfo: /data/user_de/0/com.google.android.gms/app_chimera/m/0000000e/dl-Appsearch.optional_253434100800.apk has no usable artifacts
02-09 14:57:19.591 I/artd    (20248): GetBestInfo: /data/user_de/0/com.google.android.gms/app_chimera/m/00000007/MeasurementDynamite.apk has no usable artifacts
02-09 14:57:21.642 I/HalDevMgr(19040): bestIfaceCreationProposal is null, requestIface=STA, existingIface=[name=wlan0 type=STA]
02-09 14:57:24.649 I/HalDevMgr(19040): bestIfaceCreationProposal is null, requestIface=STA, existingIface=[name=wlan0 type=STA]
02-09 14:57:27.656 I/HalDevMgr(19040): bestIfaceCreationProposal is null, requestIface=STA, existingIface=[name=wlan0 type=STA]
02-09 14:57:29.429 W/libbinder.BackendUnifiedServiceManager(24112): Thread Pool max thread count is 0. Cannot cache binder as linkToDeath cannot be implemented. serviceName: package
02-09 14:57:29.516 I/artd    (20248): GetBestInfo: odex next to the dex file (/data/app/~~Ri4OoI6S_XJsFiVFmMlgSA==/com.google.android.gms-nTpiuVu_Zh0lPX1I4eyBtA==/oat/x86_64/base.odex) is kOatUpToDate with filter 'speed-profile' executable 'false'
02-09 14:57:29.518 I/artd    (20248): GetBestInfo: odex next to the dex file (/data/app/~~Ri4OoI6S_XJsFiVFmMlgSA==/com.google.android.gms-nTpiuVu_Zh0lPX1I4eyBtA==/oat/x86_64/split_AdsDynamite_installtime.odex) is kOatUpToDate with filter 'speed' executable 'false'
02-09 14:57:29.520 I/artd    (20248): GetBestInfo: odex next to the dex file (/data/app/~~Ri4OoI6S_XJsFiVFmMlgSA==/com.google.android.gms-nTpiuVu_Zh0lPX1I4eyBtA==/oat/x86_64/split_CronetDynamite_installtime.odex) is kOatUpToDate with filter 'speed' executable 'false'
02-09 14:57:29.522 I/artd    (20248): GetBestInfo: odex next to the dex file (/data/app/~~Ri4OoI6S_XJsFiVFmMlgSA==/com.google.android.gms-nTpiuVu_Zh0lPX1I4eyBtA==/oat/x86_64/split_DynamiteLoader_installtime.odex) is kOatUpToDate with filter 'speed' executable 'false'
02-09 14:57:29.524 I/artd    (20248): GetBestInfo: odex next to the dex file (/data/app/~~Ri4OoI6S_XJsFiVFmMlgSA==/com.google.android.gms-nTpiuVu_Zh0lPX1I4eyBtA==/oat/x86_64/split_DynamiteModulesA_installtime.odex) is kOatUpToDate with filter 'speed' executable 'false'
02-09 14:57:29.525 I/artd    (20248): GetBestInfo: odex next to the dex file (/data/app/~~Ri4OoI6S_XJsFiVFmMlgSA==/com.google.android.gms-nTpiuVu_Zh0lPX1I4eyBtA==/oat/x86_64/split_DynamiteModulesC_installtime.odex) is kOatUpToDate with filter 'speed' executable 'false'
02-09 14:57:29.527 I/artd    (20248): GetBestInfo: odex next to the dex file (/data/app/~~Ri4OoI6S_XJsFiVFmMlgSA==/com.google.android.gms-nTpiuVu_Zh0lPX1I4eyBtA==/oat/x86_64/split_GoogleCertificates_installtime.odex) is kOatUpToDate with filter 'speed' executable 'false'
02-09 14:57:29.530 I/artd    (20248): GetBestInfo: odex next to the dex file (/data/app/~~Ri4OoI6S_XJsFiVFmMlgSA==/com.google.android.gms-nTpiuVu_Zh0lPX1I4eyBtA==/oat/x86_64/split_MapsDynamite_installtime.odex) is kOatUpToDate with filter 'speed' executable 'false'
02-09 14:57:29.533 I/artd    (20248): GetBestInfo: odex next to the dex file (/data/app/~~Ri4OoI6S_XJsFiVFmMlgSA==/com.google.android.gms-nTpiuVu_Zh0lPX1I4eyBtA==/oat/x86_64/split_MeasurementDynamite_installtime.odex) is kOatUpToDate with filter 'speed' executable 'false'
02-09 14:57:29.537 I/artd    (20248): GetBestInfo: odex next to the dex file (/data/app/~~Ri4OoI6S_XJsFiVFmMlgSA==/com.google.android.gms-nTpiuVu_Zh0lPX1I4eyBtA==/oat/x86_64/split_all_locale_splits.odex) is kOatUpToDate with filter 'speed' executable 'false'
02-09 14:57:29.539 I/artd    (20248): GetBestInfo: /data/user_de/0/com.google.android.gms/app_chimera/m/0000000f/dl-VisionOcr.optional_260235100000.apk has no usable artifacts
02-09 14:57:29.541 I/artd    (20248): GetBestInfo: /data/user_de/0/com.google.android.gms/app_chimera/m/00000013/dl-MlkitBarcodeUi.optional_260235100800.apk has no usable artifacts
02-09 14:57:29.543 I/artd    (20248): GetBestInfo: /data/user_de/0/com.google.android.gms/app_chimera/m/00000001/CronetDynamite.apk has no usable artifacts
02-09 14:57:29.545 I/artd    (20248): GetBestInfo: /data/user_de/0/com.google.android.gms/app_chimera/m/0000000a/dl-MlkitBarcodeUi.optional_253434100800.apk has no usable artifacts
02-09 14:57:29.547 I/artd    (20248): GetBestInfo: /data/user_de/0/com.google.android.gms/app_chimera/m/00000002/DynamiteLoader.apk has no usable artifacts
02-09 14:57:29.548 I/artd    (20248): GetBestInfo: /data/user_de/0/com.google.android.gms/app_chimera/m/00000005/GoogleCertificates.apk has no usable artifacts
02-09 14:57:29.551 I/artd    (20248): GetBestInfo: /data/user_de/0/com.google.android.gms/app_chimera/m/00000009/dl-TfliteDynamiteDynamite.integ_252130102100800.apk has no usable artifacts
02-09 14:57:29.553 I/artd    (20248): GetBestInfo: vdex next to the dex file (/data/user/0/com.google.android.gms/app_dg_cache/CF98DA544914DD75038B6CE6DBC852B6C43EC876/oat/x86_64/the.vdex) is kOatUpToDate with filter 'verify' executable 'false'
02-09 14:57:29.555 I/artd    (20248): GetBestInfo: /data/user_de/0/com.google.android.gms/app_chimera/m/00000014/dl-MlkitOcrCommon.optional_260235100800.apk has no usable artifacts
02-09 14:57:29.557 I/artd    (20248): GetBestInfo: /data/user_de/0/com.google.android.gms/app_chimera/m/00000011/dl-Appsearch.optional_260235100800.apk has no usable artifacts
02-09 14:57:29.559 I/artd    (20248): GetBestInfo: /data/user_de/0/com.google.android.gms/app_chimera/m/00000010/dl-PlayCloudSearch.optional_260235100000.apk has no usable artifacts
02-09 14:57:29.562 I/artd    (20248): GetBestInfo: /data/user_de/0/com.google.android.gms/app_chimera/m/0000000b/dl-PlayCloudSearch.optional_253434100000.apk has no usable artifacts
02-09 14:57:29.565 I/artd    (20248): GetBestInfo: /data/user_de/0/com.google.android.gms/app_chimera/m/0000000e/dl-Appsearch.optional_253434100800.apk has no usable artifacts
02-09 14:57:29.567 I/artd    (20248): GetBestInfo: /data/user_de/0/com.google.android.gms/app_chimera/m/00000007/MeasurementDynamite.apk has no usable artifacts
02-09 14:57:30.664 I/HalDevMgr(19040): bestIfaceCreationProposal is null, requestIface=STA, existingIface=[name=wlan0 type=STA]
