02-09 14:58:48.612 I/TrainerClient(20149): Preparing to schedule training for population:aiai/playstore/smartselect/prod/train/en/selected-in-search-or-browser-apps session_name:smartselect/prod/train/en/selected-in-search-or-browser-apps
02-09 14:58:48.612 I/TrainerClient(20149): Preparing to schedule training for population:aiai/playstore/smartselect/prod/train/en/address-phone-or-pasted-to-non-messaging-apps session_name:smartselect/prod/train/en/address-phone-or-pasted-to-non-messaging-apps
02-09 14:58:48.612 I/TrainerClient(20149): Preparing to schedule training for population:aiai/playstore/smartselect/prod/train/en/address-phone-other-translate session_name:smartselect/prod/train/en/address-phone-other-translate
02-09 14:58:48.613 I/TrainerClient(20149): Preparing to schedule training for population:aiai/playstore/smartselect/prod/train/all/all session_name:smartselect/prod/train/all/all
02-09 14:58:48.613 I/TrainerClient(20149): Preparing to schedule training for population:aiai/playstore/smartselect/prod/train/en/phone session_name:smartselect/prod/train/en/phone
02-09 14:58:48.613 I/TrainerClient(20149): Preparing to schedule training for population:aiai/playstore/smartselect/prod/train/en/address-otp session_name:smartselect/prod/train/en/address-otp
02-09 14:58:48.613 I/TrainerClient(20149): Preparing to schedule training for population:aiai/playstore/smartselect/prod/train/en/address-phone-otp session_name:smartselect/prod/train/en/address-phone-otp
02-09 14:58:48.613 I/TrainerClient(20149): Preparing to schedule training for population:aiai/playstore/smartselect/prod/train/en/address-phone-other-nonsentences session_name:smartselect/prod/train/en/address-phone-other-nonsentences
02-09 14:58:48.614 I/TrainerClient(20149): Preparing to schedule training for population:aiai/playstore/smartselect/prod/train/en/all-non-url-email-cut-translate session_name:smartselect/prod/train/en/all-non-url-email-cut-translate
02-09 14:58:48.614 I/TrainerClient(20149): Preparing to schedule training for population:aiai/playstore/smartselect/prod/train/en/address-otp-copied session_name:smartselect/prod/train/en/address-otp-copied
02-09 14:58:48.614 I/TrainerClient(20149): Preparing to schedule training for population:aiai/playstore/smartselect/prod/train/all/all_nonsentences session_name:smartselect/prod/train/all/all_nonsentences
02-09 14:58:48.616 I/TrainerClient(20149): Preparing to schedule training for population:aiai/playstore/smartselect/prod/train/en/all session_name:smartselect/prod/train/en/all
02-09 14:58:48.616 I/ActivityManager(19040): Start proc 24150:com.google.android.as.oss/u0a144 for service {com.google.android.as.oss/com.google.android.apps.miphone.astrea.grpc.AstreaGrpcService}
02-09 14:58:48.616 I/TrainerClient(20149): Preparing to schedule training for population:aiai/playstore/smartselect/prod/train/en/all-pasted-to-apps session_name:smartselect/prod/train/en/all-pasted-to-apps
02-09 14:58:48.617 I/TrainerClient(20149): Preparing to schedule training for population:aiai/playstore/smartselect/prod/train/en/address-or-pasted-to-shopping-apps session_name:smartselect/prod/train/en/address-or-pasted-to-shopping-apps
02-09 14:58:48.617 I/TrainerClient(20149): Preparing to schedule training for population:aiai/playstore/smartselect/prod/train/en/address-phone-or-selected-in-messaging-apps session_name:smartselect/prod/train/en/address-phone-or-selected-in-messaging-apps
02-09 14:58:48.619 I/TrainerClient(20149): Preparing to schedule training for population:aiai/playstore/smartselect/prod/train/en/all-non-url-email session_name:smartselect/prod/train/en/all-non-url-email
02-09 14:58:48.620 I/TrainerClient(20149): Preparing to schedule training for population:aiai/playstore/smartselect/prod/train/en/selected-in-messaging-apps session_name:smartselect/prod/train/en/selected-in-messaging-apps
02-09 14:58:48.620 I/TrainerClient(20149): Preparing to schedule training for population:aiai/playstore/smartselect/prod/train/en/address-phone-or-selected-in-search-or-browser-apps session_name:smartselect/prod/train/en/address-phone-or-selected-in-search-or-browser-apps
02-09 14:58:48.620 I/TrainerClient(20149): Preparing to schedule training for population:aiai/playstore/smartselect/prod/train/en/phone-or-pasted-to-dialer-apps session_name:smartselect/prod/train/en/phone-or-pasted-to-dialer-apps
02-09 14:58:48.621 I/AiAiStatsd(20149): Successfully logged feature usage for TEXT_CLASSIFIER.
02-09 14:58:48.623 I/TrainerClient(20149): Preparing to schedule training for population:aiai/playstore/smartselect/prod/train/en/pasted-to-notes-apps session_name:smartselect/prod/train/en/pasted-to-notes-apps
02-09 14:58:48.623 I/TrainerClient(20149): Preparing to schedule training for population:aiai/playstore/smartselect/prod/train/en/all-non-translate session_name:smartselect/prod/train/en/all-non-translate
02-09 14:58:48.624 I/TrainerClient(20149): Preparing to schedule training for population:aiai/playstore/smartselect/prod/train/en/address-phone-other session_name:smartselect/prod/train/en/address-phone-other
02-09 14:58:48.624 I/TrainerClient(20149): Preparing to schedule training for population:aiai/playstore/smartselect/prod/train/en/pasted-to-search-or-browser-apps session_name:smartselect/prod/train/en/pasted-to-search-or-browser-apps
02-09 14:58:48.624 I/TrainerClient(20149): Preparing to schedule training for population:aiai/playstore/smartselect/prod/train/en/address-phone-or-pasted-to-search-or-browser-apps session_name:smartselect/prod/train/en/address-phone-or-pasted-to-search-or-browser-apps
02-09 14:58:48.625 I/TrainerClient(20149): Preparing to schedule training for population:aiai/playstore/smartselect/train/en/pasted-to-named-entity-apps session_name:smartselect/train/en/pasted-to-named-entity-apps
02-09 14:58:48.626 I/TrainerClient(20149): Preparing to schedule training for population:aiai/playstore/smartselect/train/en/address-or-pasted-to-map-or-shopping-apps session_name:smartselect/train/en/address-or-pasted-to-map-or-shopping-apps
02-09 14:58:48.626 I/TrainerClient(20149): Preparing to schedule training for population:aiai/playstore/smartselect/train/en/all-non-url-email session_name:smartselect/train/en/all-non-url-email
02-09 14:58:48.627 I/TrainerClient(20149): Preparing to schedule training for population:aiai/playstore/smartselect/train/en/address-phone-other-nonsentences session_name:smartselect/train/en/address-phone-other-nonsentences
02-09 14:58:48.627 I/TrainerClient(20149): Preparing to schedule training for population:aiai/playstore/smartselect/train/en/pasted-to-maps-apps session_name:smartselect/train/en/pasted-to-maps-apps
02-09 14:58:48.627 I/TrainerClient(20149): Preparing to schedule training for population:aiai/playstore/smartselect/train/en/address-or-pasted-to-map-apps session_name:smartselect/train/en/address-or-pasted-to-map-apps
02-09 14:58:48.628 I/TrainerClient(20149): Preparing to schedule training for population:aiai/playstore/smartselect/train/en/phone session_name:smartselect/train/en/phone
02-09 14:58:48.628 I/TrainerClient(20149): Preparing to schedule training for population:aiai/playstore/smartselect/train/en/pasted-to-search-or-browser-apps session_name:smartselect/train/en/pasted-to-search-or-browser-apps
02-09 14:58:48.635 I/TrainerClient(20149): Preparing to schedule training for population:aiai/playstore/smartselect/train/en/address-phone-or-pasted-to-either-apps session_name:smartselect/train/en/address-phone-or-pasted-to-either-apps
02-09 14:58:48.636 I/TrainerClient(20149): Preparing to schedule training for population:aiai/playstore/smartselect/train/en/address-otp-copied session_name:smartselect/train/en/address-otp-copied
02-09 14:58:48.637 I/TrainerClient(20149): Preparing to schedule training for population:aiai/playstore/smartselect/train/en/address-phone-or-pasted-to-search-or-browser-apps session_name:smartselect/train/en/address-phone-or-pasted-to-search-or-browser-apps
02-09 14:58:48.637 I/TrainerClient(20149): Preparing to schedule training for population:aiai/playstore/smartselect/train/en/address-phone-or-selected-in-search-or-browser-apps session_name:smartselect/train/en/address-phone-or-selected-in-search-or-browser-apps
02-09 14:58:48.638 I/TrainerClient(20149): Preparing to schedule training for population:aiai/playstore/smartselect/train/en/selected-in-messaging-apps session_name:smartselect/train/en/selected-in-messaging-apps
02-09 14:58:48.639 I/TrainerClient(20149): Preparing to schedule training for population:aiai/playstore/smartselect/train/en/pasted-to-translate-apps session_name:smartselect/train/en/pasted-to-translate-apps
02-09 14:58:48.639 I/TrainerClient(20149): Preparing to schedule training for population:aiai/playstore/smartselect/train/en/address-phone-otp-copied session_name:smartselect/train/en/address-phone-otp-copied
02-09 14:58:48.639 I/TrainerClient(20149): Preparing to schedule training for population:aiai/playstore/smartselect/train/en/address-phone session_name:smartselect/train/en/address-phone
02-09 14:58:48.639 I/TrainerClient(20149): Preparing to schedule training for population:aiai/playstore/smartselect/train/en/selected-in-search-or-browser-apps session_name:smartselect/train/en/selected-in-search-or-browser-apps
02-09 14:58:48.639 I/TrainerClient(20149): Preparing to schedule training for population:aiai/playstore/smartselect/train/en/address-phone-other-translate session_name:smartselect/train/en/address-phone-other-translate
02-09 14:58:48.639 I/TrainerClient(20149): Preparing to schedule training for population:aiai/playstore/smartselect/train/all/all_nonsentences session_name:smartselect/train/all/all_nonsentences
02-09 14:58:48.640 I/TrainerClient(20149): Preparing to schedule training for population:aiai/playstore/smartselect/train/en/address-phone-or-pasted-to-non-messaging-apps session_name:smartselect/train/en/address-phone-or-pasted-to-non-messaging-apps
02-09 14:58:48.640 I/TrainerClient(20149): Preparing to schedule training for population:aiai/playstore/smartselect/train/en/address-phone-otp session_name:smartselect/train/en/address-phone-otp
02-09 14:58:48.640 I/TrainerClient(20149): Preparing to schedule training for population:aiai/playstore/smartselect/train/en/address session_name:smartselect/train/en/address
02-09 14:58:48.640 I/TrainerClient(20149): Preparing to schedule training for population:aiai/playstore/smartselect/train/en/pasted-to-search-apps session_name:smartselect/train/en/pasted-to-search-apps
02-09 14:58:48.641 I/TrainerClient(20149): Preparing to schedule training for population:aiai/playstore/smartselect/train/en/phone-or-pasted-to-dialer-apps session_name:smartselect/train/en/phone-or-pasted-to-dialer-apps
02-09 14:58:48.642 I/TrainerClient(20149): Preparing to schedule training for population:aiai/playstore/smartselect/train/en/pasted-to-shopping-apps session_name:smartselect/train/en/pasted-to-shopping-apps
02-09 14:58:48.643 I/Zygote  (24150): Process 24150 created for com.google.android.as.oss
02-09 14:58:48.643 I/TrainerClient(20149): Preparing to schedule training for population:aiai/playstore/smartselect/train/en/all-non-url-email-cut-translate session_name:smartselect/train/en/all-non-url-email-cut-translate
02-09 14:58:48.643 I/.android.as.oss(24150): Using CollectorTypeCMC GC.
02-09 14:58:48.643 I/TrainerClient(20149): Preparing to schedule training for population:aiai/playstore/smartselect/train/en/address-phone-or-selected-in-messaging-apps session_name:smartselect/train/en/address-phone-or-selected-in-messaging-apps
02-09 14:58:48.643 I/TrainerClient(20149): Preparing to schedule training for population:aiai/playstore/smartselect/train/en/all-pasted-to-apps session_name:smartselect/train/en/all-pasted-to-apps
02-09 14:58:48.644 I/TrainerClient(20149): Preparing to schedule training for population:aiai/playstore/smartselect/train/en/all-non-translate session_name:smartselect/train/en/all-non-translate
02-09 14:58:48.644 I/TrainerClient(20149): Preparing to schedule training for population:aiai/playstore/smartselect/train/en/all_nonsentences session_name:smartselect/train/en/all_nonsentences
02-09 14:58:48.644 I/TrainerClient(20149): Preparing to schedule training for population:aiai/playstore/smartselect/train/en/address-phone-or-selected-in-non-messaging-apps session_name:smartselect/train/en/address-phone-or-selected-in-non-messaging-apps
02-09 14:58:48.644 I/TrainerClient(20149): Preparing to schedule training for population:aiai/playstore/smartselect/train/en/pasted-to-notes-apps session_name:smartselect/train/en/pasted-to-notes-apps
02-09 14:58:48.644 I/TrainerClient(20149): Preparing to schedule training for population:aiai/playstore/smartselect/train/en/address-otp session_name:smartselect/train/en/address-otp
02-09 14:58:48.644 I/TrainerClient(20149): Preparing to schedule training for population:aiai/playstore/smartselect/train/en/address-or-pasted-to-shopping-apps session_name:smartselect/train/en/address-or-pasted-to-shopping-apps
02-09 14:58:48.644 I/TrainerClient(20149): Preparing to schedule training for population:aiai/playstore/smartselect/train/en/address-phone-other session_name:smartselect/train/en/address-phone-other
02-09 14:58:48.645 I/TrainerClient(20149): Preparing to schedule training for population:aiai/playstore/smartselect/train/en/pasted-to-search-or-browser-or-named-entity-apps session_name:smartselect/train/en/pasted-to-search-or-browser-or-named-entity-apps
02-09 14:58:48.645 I/TrainerClient(20149): Preparing to schedule training for population:aiai/playstore/smartselect/train/en/all-pasted-to-none-messaging-apps session_name:smartselect/train/en/all-pasted-to-none-messaging-apps
02-09 14:58:48.645 I/TrainerClient(20149): Preparing to schedule training for population:aiai/playstore/smartselect/train/en/all session_name:smartselect/train/en/all
02-09 14:58:48.645 I/TrainerClient(20149): Preparing to schedule training for population:aiai/playstore/smartselect/train/en/all-non-url-email-cut session_name:smartselect/train/en/all-non-url-email-cut
02-09 14:58:48.645 W/.android.as.oss(24150): Unexpected CPU variant for x86: x86_64.
02-09 14:58:48.645 W/.android.as.oss(24150): Known variants: atom, sandybridge, silvermont, goldmont, goldmont-plus, goldmont-without-sha-xsaves, tremont, kabylake, alderlake, default
02-09 14:58:48.645 I/TrainerClient(20149): Preparing to schedule training for population:aiai/playstore/smartselect/train/all/all session_name:smartselect/train/all/all
02-09 14:58:48.645 I/TrainerClient(20149): Preparing to schedule training for population:aiai/playstore/smartselect/train/en/selected-in-non-messaging-apps session_name:smartselect/train/en/selected-in-non-messaging-apps
02-09 14:58:48.690 I/berberis(24150): Initialized Berberis ((null)), version 16.0.0
02-09 14:58:48.718 I/AiAiTextClassifier(20149): GenerateLinks did not find valid links, returning empty result
02-09 14:58:48.725 W/AiAiClearcutLogger(20149): Trying to use Clearcut counters (disabled via policy). [CONTEXT ratelimit_period="1 HOURS" ]
02-09 14:58:48.733 I/ClipboardListener(19566): Clipboard overlay suppressed.
02-09 14:58:48.752 I/AiAiTextClassifier(20149): GenerateLinks did not find valid links, returning empty result
02-09 14:58:48.861 I/HalDevMgr(19040): bestIfaceCreationProposal is null, requestIface=STA, existingIface=[name=wlan0 type=STA]
02-09 14:58:48.869 D/nativeloader(24150): Load libframework-connectivity-tiramisu-jni.so using APEX ns com_android_tethering for caller /apex/com.android.tethering/javalib/framework-connectivity-t.jar: ok
02-09 14:58:48.912 D/ApplicationLoaders(24150): Returning zygote-cached class loader: /system_ext/framework/androidx.window.extensions.jar
02-09 14:58:48.912 D/ApplicationLoaders(24150): Returning zygote-cached class loader: /system_ext/framework/androidx.window.sidecar.jar
02-09 14:58:48.938 W/.android.as.oss(24150): Failed to find entry 'classes.dex': Entry not found
02-09 14:58:48.941 W/.android.as.oss(24150): Failed to find entry 'classes.dex': Entry not found
02-09 14:58:48.946 W/.android.as.oss(24150): Failed to find entry 'classes.dex': Entry not found
02-09 14:58:48.949 D/nativeloader(24150): Configuring clns-9 for other apk /data/app/~~_jJ0iakhfONW8z1dpLT87A==/com.google.android.as.oss-_w7GXf9w0_c0EV7IEis3GQ==/base.apk:/data/app/~~_jJ0iakhfONW8z1dpLT87A==/com.google.android.as.oss-_w7GXf9w0_c0EV7IEis3GQ==/split_config.arm64_v8a.apk:/data/app/~~_jJ0iakhfONW8z1dpLT87A==/com.google.android.as.oss-_w7GXf9w0_c0EV7IEis3GQ==/split_config.en.apk:/data/app/~~_jJ0iakhfONW8z1dpLT87A==/com.google.android.as.oss-_w7GXf9w0_c0EV7IEis3GQ==/split_config.xxhdpi.apk. target_sdk_version=35, uses_libraries=, library_path=/data/app/~~_jJ0iakhfONW8z1dpLT87A==/com.google.android.as.oss-_w7GXf9w0_c0EV7IEis3GQ==/lib/arm64:/data/app/~~_jJ0iakhfONW8z1dpLT87A==/com.google.android.as.oss-_w7GXf9w0_c0EV7IEis3GQ==/base.apk!/lib/arm64-v8a:/data/app/~~_jJ0iakhfONW8z1dpLT87A==/com.google.android.as.oss-_w7GXf9w0_c0EV7IEis3GQ==/split_config.arm64_v8a.apk!/lib/arm64-v8a:/data/app/~~_jJ0iakhfONW8z1dpLT87A==/com.google.android.as.oss-_w7GXf9w0_c0EV7IEis3GQ==/split_config.en.apk!/lib/arm64-v8a:/data/app/~~_jJ0iakhfONW8z1dpLT87A==/com.
02-09 14:58:49.024 D/CompatChangeReporter(24150): Compat change id reported: 202956589; UID 10144; state: ENABLED
02-09 14:58:49.046 V/GraphicsEnvironment(24150): Currently set values for:
02-09 14:58:49.046 V/GraphicsEnvironment(24150):   angle_gl_driver_selection_pkgs=[]
02-09 14:58:49.046 V/GraphicsEnvironment(24150):   angle_gl_driver_selection_values=[]
02-09 14:58:49.046 V/GraphicsEnvironment(24150): com.google.android.as.oss is not listed in per-application setting
02-09 14:58:49.047 V/GraphicsEnvironment(24150): ANGLE allowlist from config: com.dreamgames.royalmatch com.dts.freefiremax com.dxx.firenow com.gramgames.mergedragons com.ludo.king com.mojang.minecraftpe com.my.defense com.nintendo.zaka com.os.airforce com.playrix.fishdomdd.gplay io.teslatech.callbreak jp.konami.prospia net.peakgames.toonblast
02-09 14:58:49.047 V/GraphicsEnvironment(24150): No special selections for ANGLE, returning default driver choice
02-09 14:58:49.047 V/GraphicsEnvironment(24150): Neither updatable production driver nor prerelease driver is supported.
02-09 14:58:49.137 E/ashmem  (24150): Pinning is deprecated since Android Q. Please use trim or other methods.
02-09 14:58:49.142 I/PrivateInferenceConfigR(24150): computeConfig: isEvt: false, isUserDebug: false
02-09 14:58:49.143 I/PrivateComputeServicesApplication(24150): PrivateComputeServicesApplication#onCreate
02-09 14:58:49.144 I/PcsFcInit(24150): Calling BrellaInit for PCS.
02-09 14:58:49.146 I/NetworkUsageLogTtlService(24150): NetworkUsageLogTtlService already scheduled.
02-09 14:58:49.162 I/FederatedTrainingScheduler(24150): Scheduling training for population:pcs/prod/platform_logging session_name:pcs/prod/platform_logging
02-09 14:58:49.164 D/BackgroundInstallControlService(19040): Package event received: 0
02-09 14:58:49.186 D/CompatChangeReporter(24150): Compat change id reported: 312399441; UID 10144; state: ENABLED
02-09 14:58:49.187 I/FcClientStatsdLogManager(24150): Sending FL diagnosis log. [CONTEXT ratelimit_period="60 MINUTES" ]
02-09 14:58:49.195 D/nativeloader(24150): Load libstats_jni.so using APEX ns com_android_os_statsd for caller /apex/com.android.os.statsd/javalib/framework-statsd.jar: ok
02-09 14:58:49.208 I/ConfigurableBsaTokenProvider(24150): Changing ProxyToken to cacheMode: DURABLE_AND_MEMORY
02-09 14:58:49.209 D/CompatChangeReporter(24150): Compat change id reported: 311402873; UID 10144; state: ENABLED
02-09 14:58:49.209 D/CompatChangeReporter(24150): Compat change id reported: 323349338; UID 10144; state: ENABLED
02-09 14:58:49.212 D/CompatChangeReporter(19040): Compat change id reported: 311402873; UID 10144; state: ENABLED
02-09 14:58:49.213 D/CompatChangeReporter(19040): Compat change id reported: 323349338; UID 10144; state: ENABLED
02-09 14:58:49.279 W/JobInfo (24150): Requested important-while-foreground flag for job0 is ignored and takes no effect
02-09 14:58:49.293 I/TinkBsaTokenCipher(24150): Initialized successfully
02-09 14:58:49.302 W/JobInfo (24150): Requested important-while-foreground flag for job1 is ignored and takes no effect
02-09 14:58:49.328 D/ConnectivityService(19040): requestNetwork for uid/pid:10144/24150 activeRequest: null callbackRequest: 205 [NetworkRequest [ REQUEST id=206, [ Capabilities: INTERNET&NOT_RESTRICTED&TRUSTED&NOT_VCN_MANAGED&NOT_BANDWIDTH_CONSTRAINED Uid: 10144 RequestorUid: 10144 RequestorPkg: com.google.android.as.oss UnderlyingNetworks: Null] ]] callback flags: 0 order: 2147483647 isUidTracked: false declaredMethods: AVAIL|LOST|NC
02-09 14:58:49.334 D/ConnectivityService(19040): NetReassign [206 : null  100] [c 0] [a 4] [i 1]
02-09 14:58:49.335 D/WifiNetworkFactory(19040): got request NetworkRequest [ REQUEST id=206, [ Capabilities: INTERNET&NOT_RESTRICTED&TRUSTED&NOT_VCN_MANAGED&NOT_BANDWIDTH_CONSTRAINED Uid: 10144 RequestorUid: 10144 RequestorPkg: com.google.android.as.oss UnderlyingNetworks: Null] ]
02-09 14:58:49.335 D/UntrustedWifiNetworkFactory(19040): got request NetworkRequest [ REQUEST id=206, [ Capabilities: INTERNET&NOT_RESTRICTED&TRUSTED&NOT_VCN_MANAGED&NOT_BANDWIDTH_CONSTRAINED Uid: 10144 RequestorUid: 10144 RequestorPkg: com.google.android.as.oss UnderlyingNetworks: Null] ]
02-09 14:58:49.336 D/OemPaidWifiNetworkFactory(19040): got request NetworkRequest [ REQUEST id=206, [ Capabilities: INTERNET&NOT_RESTRICTED&TRUSTED&NOT_VCN_MANAGED&NOT_BANDWIDTH_CONSTRAINED Uid: 10144 RequestorUid: 10144 RequestorPkg: com.google.android.as.oss UnderlyingNetworks: Null] ]
02-09 14:58:49.337 D/MultiInternetWifiNetworkFactory(19040): got request NetworkRequest [ REQUEST id=206, [ Capabilities: INTERNET&NOT_RESTRICTED&TRUSTED&NOT_VCN_MANAGED&NOT_BANDWIDTH_CONSTRAINED Uid: 10144 RequestorUid: 10144 RequestorPkg: com.google.android.as.oss UnderlyingNetworks: Null] ]
02-09 14:58:49.355 D/nativeloader(24150): Load /data/app/~~_jJ0iakhfONW8z1dpLT87A==/com.google.android.as.oss-_w7GXf9w0_c0EV7IEis3GQ==/split_config.arm64_v8a.apk!/lib/arm64-v8a/libpi_client_session_config_jni.so using class loader ns clns-9 (caller=/data/app/~~_jJ0iakhfONW8z1dpLT87A==/com.google.android.as.oss-_w7GXf9w0_c0EV7IEis3GQ==/base.apk): ok
02-09 14:58:49.359 D/BSA     (24150): Cache jni_bsa_calls method IDs
02-09 14:58:49.361 D/BSA     (24150): Register BSA methods
02-09 14:58:49.362 D/BSA     (24150): Register NativeOnResponse methods
02-09 14:58:49.362 D/BSA     (24150): Register NativeAttestAndSignCallback methods
02-09 14:58:49.363 D/BSA     (24150): Cache jni_message_interface_wrapper method IDs
02-09 14:58:49.364 I/ConfigurableBsaTokenProvider(24150): Changing ArateaToken to cacheMode: NO_CACHE
02-09 14:58:49.409 I/PhosphorManagedChannelFactory(24150): Creating gRPC channel for token issuance server at phosphor-pa.googleapis.com
02-09 14:58:49.411 I/PhosphorManagedChannelFactory(24150): Creating gRPC channel for token issuance server at phosphor-pa.googleapis.com
02-09 14:58:49.443 I/FederatedTrainingScheduler(24150): Cancelling training for population:aiai/playstore/smartselect/prod/train/en/address-phone-or-selected-in-non-messaging-apps session_name:smartselect/prod/train/en/address-phone-or-selected-in-non-messaging-apps
02-09 14:58:49.444 I/FederatedTrainingScheduler(24150): Cancelling training for population:aiai/playstore/smartselect/prod/train/en/all_nonsentences session_name:smartselect/prod/train/en/all_nonsentences
02-09 14:58:49.448 I/FederatedTrainingScheduler(24150): Cancelling training for population:aiai/playstore/smartselect/prod/train/en/pasted-to-translate-apps session_name:smartselect/prod/train/en/pasted-to-translate-apps
02-09 14:58:49.449 I/FederatedTrainingScheduler(24150): Cancelling training for population:aiai/playstore/smartselect/prod/train/en/address-or-pasted-to-map-apps session_name:smartselect/prod/train/en/address-or-pasted-to-map-apps
02-09 14:58:49.449 I/FederatedTrainingScheduler(24150): Cancelling training for population:aiai/playstore/smartselect/prod/train/en/address-phone-other-translate session_name:smartselect/prod/train/en/address-phone-other-translate
02-09 14:58:49.450 I/FederatedTrainingScheduler(24150): Cancelling training for population:aiai/playstore/smartselect/prod/train/en/address-phone-otp-copied session_name:smartselect/prod/train/en/address-phone-otp-copied
02-09 14:58:49.451 I/FederatedTrainingScheduler(24150): Cancelling training for population:aiai/playstore/smartselect/prod/train/en/address-or-pasted-to-shopping-apps session_name:smartselect/prod/train/en/address-or-pasted-to-shopping-apps
02-09 14:58:49.453 I/FederatedTrainingScheduler(24150): Cancelling training for population:aiai/playstore/smartselect/prod/train/en/pasted-to-maps-apps session_name:smartselect/prod/train/en/pasted-to-maps-apps
02-09 14:58:49.453 I/FederatedTrainingScheduler(24150): Cancelling training for population:aiai/playstore/smartselect/prod/train/en/pasted-to-search-apps session_name:smartselect/prod/train/en/pasted-to-search-apps
02-09 14:58:49.454 I/FederatedTrainingScheduler(24150): Cancelling training for population:aiai/playstore/smartselect/prod/train/all/all_nonsentences session_name:smartselect/prod/train/all/all_nonsentences
02-09 14:58:49.454 I/FederatedTrainingScheduler(24150): Cancelling training for population:aiai/playstore/smartselect/prod/train/en/address-otp session_name:smartselect/prod/train/en/address-otp
02-09 14:58:49.455 I/FederatedTrainingScheduler(24150): Cancelling training for population:aiai/playstore/smartselect/prod/train/en/address-phone session_name:smartselect/prod/train/en/address-phone
02-09 14:58:49.455 I/FederatedTrainingScheduler(24150): Cancelling training for population:aiai/playstore/smartselect/prod/train/en/address-phone-or-pasted-to-non-messaging-apps session_name:smartselect/prod/train/en/address-phone-or-pasted-to-non-messaging-apps
02-09 14:58:49.455 I/FederatedTrainingScheduler(24150): Cancelling training for population:aiai/playstore/smartselect/prod/train/en/address session_name:smartselect/prod/train/en/address
02-09 14:58:49.455 I/FederatedTrainingScheduler(24150): Cancelling training for population:aiai/playstore/smartselect/prod/train/en/all-pasted-to-none-messaging-apps session_name:smartselect/prod/train/en/all-pasted-to-none-messaging-apps
02-09 14:58:49.455 I/FederatedTrainingScheduler(24150): Cancelling training for population:aiai/playstore/smartselect/prod/train/en/pasted-to-search-or-browser-or-named-entity-apps session_name:smartselect/prod/train/en/pasted-to-search-or-browser-or-named-entity-apps
02-09 14:58:49.461 I/FederatedTrainingScheduler(24150): Cancelling training for population:aiai/playstore/smartselect/train/en/phone session_name:smartselect/train/en/phone
02-09 14:58:49.465 D/HttpFlagsLoader(24150): Found application exporting HTTP flags: com.google.android.gms
02-09 14:58:49.465 I/FederatedTrainingScheduler(24150): Cancelling training for population:aiai/playstore/smartselect/train/all/all_nonsentences session_name:smartselect/train/all/all_nonsentences
02-09 14:58:49.466 D/HttpFlagsLoader(24150): HTTP flags file path: /data/user_de/0/com.google.android.gms/app_httpflags/flags.binarypb
02-09 14:58:49.467 W/libbinder.BackendUnifiedServiceManager(24229): Thread Pool max thread count is 0. Cannot cache binder as linkToDeath cannot be implemented. serviceName: package
02-09 14:58:49.468 I/FederatedTrainingScheduler(24150): Cancelling training for population:aiai/playstore/smartselect/train/en/pasted-to-translate-apps session_name:smartselect/train/en/pasted-to-translate-apps
02-09 14:58:49.468 I/FederatedTrainingScheduler(24150): Cancelling training for population:aiai/playstore/smartselect/train/en/phone-or-pasted-to-dialer-apps session_name:smartselect/train/en/phone-or-pasted-to-dialer-apps
02-09 14:58:49.469 I/FederatedTrainingScheduler(24150): Cancelling training for population:aiai/playstore/smartselect/train/en/address-phone-or-pasted-to-search-or-browser-apps session_name:smartselect/train/en/address-phone-or-pasted-to-search-or-browser-apps
02-09 14:58:49.471 I/FederatedTrainingScheduler(24150): Cancelling training for population:aiai/playstore/smartselect/train/en/address-or-pasted-to-map-apps session_name:smartselect/train/en/address-or-pasted-to-map-apps
02-09 14:58:49.472 I/FederatedTrainingScheduler(24150): Cancelling training for population:aiai/playstore/smartselect/prod/train/en/address-phone-otp session_name:smartselect/prod/train/en/address-phone-otp
02-09 14:58:49.472 I/FederatedTrainingScheduler(24150): Cancelling training for population:aiai/playstore/smartselect/train/en/address-phone-or-selected-in-messaging-apps session_name:smartselect/train/en/address-phone-or-selected-in-messaging-apps
02-09 14:58:49.472 I/FederatedTrainingScheduler(24150): Cancelling training for population:aiai/playstore/smartselect/prod/train/en/all-non-translate session_name:smartselect/prod/train/en/all-non-translate
02-09 14:58:49.473 I/FederatedTrainingScheduler(24150): Cancelling training for population:aiai/playstore/smartselect/train/en/address-phone-otp session_name:smartselect/train/en/address-phone-otp
02-09 14:58:49.473 I/FederatedTrainingScheduler(24150): Cancelling training for population:aiai/playstore/smartselect/prod/train/en/address-phone-or-selected-in-search-or-browser-apps session_name:smartselect/prod/train/en/address-phone-or-selected-in-search-or-browser-apps
02-09 14:58:49.474 I/FederatedTrainingScheduler(24150): Cancelling training for population:aiai/playstore/smartselect/train/en/address session_name:smartselect/train/en/address
02-09 14:58:49.477 I/FederatedTrainingScheduler(24150): Cancelling training for population:aiai/playstore/smartselect/prod/train/en/all-non-url-email-cut-translate session_name:smartselect/prod/train/en/all-non-url-email-cut-translate
02-09 14:58:49.477 I/FederatedTrainingScheduler(24150): Cancelling training for population:aiai/playstore/smartselect/prod/train/en/all-pasted-to-apps session_name:smartselect/prod/train/en/all-pasted-to-apps
02-09 14:58:49.479 I/FederatedTrainingScheduler(24150): Cancelling training for population:aiai/playstore/smartselect/train/en/pasted-to-shopping-apps session_name:smartselect/train/en/pasted-to-shopping-apps
02-09 14:58:49.483 I/FederatedTrainingScheduler(24150): Cancelling training for population:aiai/playstore/smartselect/train/en/selected-in-non-messaging-apps session_name:smartselect/train/en/selected-in-non-messaging-apps
02-09 14:58:49.484 I/FederatedTrainingScheduler(24150): Cancelling training for population:aiai/playstore/smartselect/train/en/address-phone-or-selected-in-non-messaging-apps session_name:smartselect/train/en/address-phone-or-selected-in-non-messaging-apps
02-09 14:58:49.485 I/FederatedTrainingScheduler(24150): Cancelling training for population:aiai/playstore/smartselect/train/en/pasted-to-search-apps session_name:smartselect/train/en/pasted-to-search-apps
02-09 14:58:49.487 I/FederatedTrainingScheduler(24150): Cancelling training for population:aiai/playstore/smartselect/train/en/address-phone-other session_name:smartselect/train/en/address-phone-other
02-09 14:58:49.488 I/FederatedTrainingScheduler(24150): Cancelling training for population:aiai/playstore/smartselect/train/en/all-non-translate session_name:smartselect/train/en/all-non-translate
02-09 14:58:49.488 I/FederatedTrainingScheduler(24150): Cancelling training for population:aiai/playstore/smartselect/train/en/all_nonsentences session_name:smartselect/train/en/all_nonsentences
02-09 14:58:49.488 I/FederatedTrainingScheduler(24150): Cancelling training for population:aiai/playstore/smartselect/train/en/address-phone session_name:smartselect/train/en/address-phone
02-09 14:58:49.489 I/FederatedTrainingScheduler(24150): Cancelling training for population:aiai/playstore/smartselect/train/en/selected-in-search-or-browser-apps session_name:smartselect/train/en/selected-in-search-or-browser-apps
02-09 14:58:49.491 I/FederatedTrainingScheduler(24150): Cancelling training for population:aiai/playstore/smartselect/train/en/all session_name:smartselect/train/en/all
02-09 14:58:49.492 I/FederatedTrainingScheduler(24150): Cancelling training for population:aiai/playstore/smartselect/train/en/address-otp session_name:smartselect/train/en/address-otp
02-09 14:58:49.492 I/FederatedTrainingScheduler(24150): Cancelling training for population:aiai/playstore/smartselect/train/en/all-pasted-to-none-messaging-apps session_name:smartselect/train/en/all-pasted-to-none-messaging-apps
02-09 14:58:49.493 I/FederatedTrainingScheduler(24150): Cancelling training for population:aiai/playstore/smartselect/train/en/pasted-to-maps-apps session_name:smartselect/train/en/pasted-to-maps-apps
02-09 14:58:49.494 I/FederatedTrainingScheduler(24150): Cancelling training for population:aiai/playstore/smartselect/train/en/pasted-to-search-or-browser-or-named-entity-apps session_name:smartselect/train/en/pasted-to-search-or-browser-or-named-entity-apps
02-09 14:58:49.495 I/FederatedTrainingScheduler(24150): Cancelling training for population:aiai/playstore/smartselect/train/en/address-phone-other-nonsentences session_name:smartselect/train/en/address-phone-other-nonsentences
02-09 14:58:49.496 I/FederatedTrainingScheduler(24150): Cancelling training for population:aiai/playstore/smartselect/prod/train/en/pasted-to-search-or-browser-apps session_name:smartselect/prod/train/en/pasted-to-search-or-browser-apps
02-09 14:58:49.496 I/FederatedTrainingScheduler(24150): Cancelling training for population:aiai/playstore/smartselect/train/en/all-non-url-email-cut session_name:smartselect/train/en/all-non-url-email-cut
02-09 14:58:49.497 I/FederatedTrainingScheduler(24150): Cancelling training for population:aiai/playstore/smartselect/prod/train/en/address-phone-or-pasted-to-search-or-browser-apps session_name:smartselect/prod/train/en/address-phone-or-pasted-to-search-or-browser-apps
02-09 14:58:49.497 I/FederatedTrainingScheduler(24150): Cancelling training for population:aiai/playstore/smartselect/train/en/address-phone-or-pasted-to-either-apps session_name:smartselect/train/en/address-phone-or-pasted-to-either-apps
02-09 14:58:49.497 I/FederatedTrainingScheduler(24150): Cancelling training for population:aiai/playstore/smartselect/prod/train/en/pasted-to-notes-apps session_name:smartselect/prod/train/en/pasted-to-notes-apps
02-09 14:58:49.500 I/FederatedTrainingScheduler(24150): Cancelling training for population:aiai/playstore/smartselect/train/en/address-otp-copied session_name:smartselect/train/en/address-otp-copied
02-09 14:58:49.501 I/FederatedTrainingScheduler(24150): Cancelling training for population:aiai/playstore/smartselect/prod/train/en/phone session_name:smartselect/prod/train/en/phone
02-09 14:58:49.501 I/FederatedTrainingScheduler(24150): Cancelling training for population:aiai/playstore/smartselect/prod/train/en/address-or-pasted-to-map-or-shopping-apps session_name:smartselect/prod/train/en/address-or-pasted-to-map-or-shopping-apps
02-09 14:58:49.501 I/FederatedTrainingScheduler(24150): Cancelling training for population:aiai/playstore/smartselect/prod/train/en/address-otp-copied session_name:smartselect/prod/train/en/address-otp-copied
02-09 14:58:49.503 I/FederatedTrainingScheduler(24150): Cancelling training for population:aiai/playstore/smartselect/prod/train/en/pasted-to-named-entity-apps session_name:smartselect/prod/train/en/pasted-to-named-entity-apps
02-09 14:58:49.507 I/FederatedTrainingScheduler(24150): Cancelling training for population:aiai/playstore/smartselect/prod/train/en/phone-or-pasted-to-dialer-apps session_name:smartselect/prod/train/en/phone-or-pasted-to-dialer-apps
02-09 14:58:49.507 D/HttpFlagsLoader(24150): Successfully loaded HTTP flags: # android.net.connectivity.org.chromium.net.httpflags.Flags@7c6039c0
02-09 14:58:49.507 D/HttpFlagsLoader(24150): flags {
02-09 14:58:49.507 D/HttpFlagsLoader(24150):   key: "Cronet_ForceHttpEngineInFallback"
02-09 14:58:49.507 D/HttpFlagsLoader(24150):   value {
02-09 14:58:49.507 D/HttpFlagsLoader(24150):     constrained_values {
02-09 14:58:49.507 D/HttpFlagsLoader(24150):       app_id: "com.google.android.gms"
02-09 14:58:49.507 D/HttpFlagsLoader(24150):     }
02-09 14:58:49.507 D/HttpFlagsLoader(24150):     constrained_values {
02-09 14:58:49.507 D/HttpFlagsLoader(24150):       app_id: "com.android.vending"
02-09 14:58:49.507 D/HttpFlagsLoader(24150):     }
02-09 14:58:49.507 D/HttpFlagsLoader(24150):     constrained_values {
02-09 14:58:49.507 D/HttpFlagsLoader(24150):       bool_value: true
02-09 14:58:49.507 D/HttpFlagsLoader(24150):       min_version: "137.0.7141.0"
02-09 14:58:49.507 D/HttpFlagsLoader(24150):     }
02-09 14:58:49.507 D/HttpFlagsLoader(24150):   }
02-09 14:58:49.507 D/HttpFlagsLoader(24150): }
02-09 14:58:49.507 D/HttpFlagsLoader(24150): flags {
02-09 14:58:49.507 D/HttpFlagsLoader(24150):   key: "Cronet_override_network_thread_priority"
02-09 14:58:49.507 D/HttpFlagsLoader(24150):   value {
02-09 14:58:49.507 D/HttpFlagsLoader(24150):     constrained_values {
02-09 14:58:49.507 D/HttpFlagsLoader(24150):       app_id: "com.google.android.gms"
02-09 14:58:49.507 D/HttpFlagsLoader(24150):     }
02-09 14:58:49.507 D/HttpFlagsLoader(24150):     constrained_values {
02-09 14:58:49.507 D/HttpFlagsLoader(24150):       app_id: "com.android.vending"
02-09 14:58:49.507 D/HttpFlagsLoader(24150):     }
02-09 14:58:49.507 D/HttpFlagsLoader(24150):     constrained_values {
02-09 14:58:49.507 D/HttpFlagsLoader(24150):       int_value: 0
02-09 14:58:49.507 D/HttpFlagsLoader(24150):       min_version: "126.0.6465.0"
02-09 14:58:49.507 D/HttpFlagsLoader(24150):     }
02-09 14:58:49.507 D/HttpFlagsLoader(24150):   }
02-09 14:58:49.507 D/HttpFlagsLoader(24150): }
02-09 14:58:49.507 D/HttpFlagsLoader(24150): flags {
02-09 14:58:49.507 D/HttpFlagsLoader(24150):   key: "ChromiumBaseFeature_OverrideConnectionOptions"
02-09 14:58:49.507 D/HttpFlagsLoader(24150):   value {
02-09 14:58:49.507 D/HttpFlagsLoader(24150):   }
02-09 14:58:49.507 D/HttpFlagsLoader(24150): }
02-09 14:58:49.507 D/HttpFlagsLoader(24150): flags {
02-09 14:58:49.507 D/HttpFlagsLoader(24150):   key: "Cronet_InitializeBuildInfoOnStartup"
02-09 14:58:49.507 D/HttpFlagsLoader(24150):   value {
02-09 14:58:49.507 D/HttpFlagsLoader(24150):     constrained_values {
02-09 14:58:49.507 D/HttpFlagsLoader(24150):       app_id: "com.google.android.gms"
02-09 14:58:49.507 D/HttpFlagsLoader(24150):     }
02-09 14:58:49.507 D/HttpFlagsLoader(24150):     constrained_values {
02-09 14:58:49.507 D/HttpFlagsLoader(24150):       app_id: "com.android.vending"
02-09 14:58:49.507 D/HttpFlagsLoader(24150):     }
02-09 14:58:49.507 D/HttpFlagsLoader(24150):     constrained_values {
02-09 14:58:49.507 D/HttpFlagsLoader(24150):       bool_value: false
02-09 14:58:49.507 D/HttpFlagsLoader(24150):       min_version: "135.0.7011.0"
02-09 14:58:49.507 D/HttpFlagsLoader(24150):     }
02-09 14:58:49.507 D/HttpFlagsLoader(24150):   }
02-09 14:58:49.507 D/HttpFlagsLoader(24150): }
02-09 14:58:49.507 D/HttpFlagsLoader(24150): flags {
02-09 14:58:49.507 D/HttpFlagsLoader(24150):   key: "ChromiumBaseFeature_OverrideClientConnectionOptions_PARAM_ForceOff"
02-09 14:58:49.507 D/HttpFlagsLoader(24150):   value {
02-09 14:58:49.507 D/HttpFlagsLoader(24150):   }
02-09 14:58:49.507 D/HttpFlagsLoader(24150): }
02-09 14:58:49.507 D/HttpFlagsLoader(24150): flags {
02-09 14:58:49.507 D/HttpFlagsLoader(24150):   key: "Cronet_OverrideNativeCronetWithHttpEngine"
02-09 14:58:49.507 D/HttpFlagsLoader(24150):   value {
02-09 14:58:49.507 D/HttpFlagsLoader(24150):   }
02-09 14:58:49.507 D/HttpFlagsLoader(24150): }
02-09 14:58:49.507 D/HttpFlagsLoader(24150): flags {
02-09 14:58:49.507 D/HttpFlagsLoader(24150):   key: "Cronet_UpdateNetworkStateOnlyOnceOnStartup"
02-09 14:58:49.507 D/HttpFlagsLoader(24150):   value {
02-09 14:58:49.507 D/HttpFlagsLoader(24150):     constrained_values {
02-09 14:58:49.507 D/HttpFlagsLoader(24150):       app_id: "com.google.android.gms"
02-09 14:58:49.507 D/HttpFlagsLoader(24150):     }
02-09 14:58:49.507 D/HttpFlagsLoader(24150):     constrained_values {
02-09 14:58:49.507 D/HttpFlagsLoader(24150):       app_id: "com.android.vending"
02-09 14:58:49.507 D/HttpFlagsLoader(24150):     }
02-09 14:58:49.507 D/HttpFlagsLoader(24150):     constrained_values {
02-09 14:58:49.507 D/HttpFlagsLoader(24150):       bool_value: true
02-09 14:58:49.507 D/HttpFlagsLoader(24150):       min_version: "134.0.6948.0"
02-09 14:58:49.507 D/HttpFlagsLoader(24150):     }
02-09 14:58:49.507 D/HttpFlagsLoader(24150):   }
02-09 14:58:49.507 D/HttpFlagsLoader(24150): }
02-09 14:58:49.507 D/HttpFlagsLoader(24150): flags {
02-09 14:58:49.507 D/HttpFlagsLoader(24150):   key: "Cronet_log_me"
02-09 14:58:49.507 D/HttpFlagsLoader(24150):   value {
02-09 14:58:49.507 D/HttpFlagsLoader(24150):     constrained_values {
02-09 14:58:49.507 D/HttpFlagsLoader(24150):       string_value: "Using live production flag values from Google"
02-09 14:58:49.507 D/HttpFlagsLoader(24150):     }
02-09 14:58:49.507 D/HttpFlagsLoader(24150):   }
02-09 14:58:49.507 D/HttpFlagsLoader(24150): }
02-09 14:58:49.507 D/HttpFlagsLoader(24150): flags {
02-09 14:58:49.507 D/HttpFlagsLoader(24150):   key: "Cronet_OverrideWithHttpEngine"
02-09 14:58:49.507 D/HttpFlagsLoader(24150):   value {
02-09 14:58:49.507 D/HttpFlagsLoader(24150):   }
02-09 14:58:49.507 D/HttpFlagsLoader(24150): }
02-09 14:58:49.507 D/HttpFlagsLoader(24150): flags {
02-09 14:58:49.507 D/HttpFlagsLoader(24150):   key: "ChromiumBaseFeature_kQuicRegisterConnectionClosePayloadV2"
02-09 14:58:49.507 D/HttpFlagsLoader(24150):   value {
02-09 14:58:49.507 D/HttpFlagsLoader(24150):   }
02-09 14:58:49.507 D/HttpFlagsLoader(24150): }
02-09 14:58:49.507 D/HttpFlagsLoader(24150): flags {
02-09 14:58:49.507 D/HttpFlagsLoader(24150):   key: "ChromiumBaseFeature_OverrideConnectionOptions_PARAM_ForceOff"
02-09 14:58:49.507 D/HttpFlagsLoader(24150):   value {
02-09 14:58:49.507 D/HttpFlagsLoader(24150):   }
02-09 14:58:49.507 D/HttpFlagsLoader(24150): }
02-09 14:58:49.507 D/HttpFlagsLoader(24150): flags {
02-09 14:58:49.507 D/HttpFlagsLoader(24150):   key: "ChromiumBaseFeature_OverrideClientConnectionOptions"
02-09 14:58:49.507 D/HttpFlagsLoader(24150):   value {
02-09 14:58:49.507 D/HttpFlagsLoader(24150):   }
02-09 14:58:49.507 D/HttpFlagsLoader(24150): }
02-09 14:58:49.507 D/HttpFlagsLoader(24150): flags {
02-09 14:58:49.507 D/HttpFlagsLoader(24150):   key: "ChromiumBaseFeature_OverrideClientConnectionOptions_PARAM_ForceOn"
02-09 14:58:49.507 D/HttpFlagsLoader(24150):   value {
02-09 14:58:49.507 D/HttpFlagsLoader(24150):   }
02-09 14:58:49.507 D/HttpFlagsLoader(24150): }
02-09 14:58:49.507 I/FederatedTrainingScheduler(24150): Cancelling training for population:aiai/playstore/smartselect/train/all/all session_name:smartselect/train/all/all
02-09 14:58:49.507 I/FederatedTrainingScheduler(24150): Cancelling training for population:aiai/playstore/smartselect/prod/train/en/all session_name:smartselect/prod/train/en/all
02-09 14:58:49.507 I/FederatedTrainingScheduler(24150): Cancelling training for population:aiai/playstore/smartselect/prod/train/en/all-non-url-email session_name:smartselect/prod/train/en/all-non-url-email
02-09 14:58:49.508 I/FederatedTrainingScheduler(24150): Cancelling training for population:aiai/playstore/smartselect/prod/train/en/address-phone-or-pasted-to-either-apps session_name:smartselect/prod/train/en/address-phone-or-pasted-to-either-apps
02-09 14:58:49.509 I/FederatedTrainingScheduler(24150): Cancelling training for population:aiai/playstore/smartselect/prod/train/all/all session_name:smartselect/prod/train/all/all
02-09 14:58:49.509 I/FederatedTrainingScheduler(24150): Cancelling training for population:aiai/playstore/smartselect/prod/train/en/selected-in-messaging-apps session_name:smartselect/prod/train/en/selected-in-messaging-apps
02-09 14:58:49.510 I/FederatedTrainingScheduler(24150): Cancelling training for population:aiai/playstore/smartselect/prod/train/en/address-phone-other-nonsentences session_name:smartselect/prod/train/en/address-phone-other-nonsentences
02-09 14:58:49.514 I/FederatedTrainingScheduler(24150): Cancelling training for population:aiai/playstore/smartselect/train/en/pasted-to-named-entity-apps session_name:smartselect/train/en/pasted-to-named-entity-apps
02-09 14:58:49.514 I/FederatedTrainingScheduler(24150): Cancelling training for population:aiai/playstore/smartselect/prod/train/en/address-phone-other session_name:smartselect/prod/train/en/address-phone-other
02-09 14:58:49.514 I/FederatedTrainingScheduler(24150): Cancelling training for population:aiai/playstore/smartselect/train/en/address-or-pasted-to-map-or-shopping-apps session_name:smartselect/train/en/address-or-pasted-to-map-or-shopping-apps
02-09 14:58:49.515 I/FederatedTrainingScheduler(24150): Cancelling training for population:aiai/playstore/smartselect/prod/train/en/address-phone-or-selected-in-messaging-apps session_name:smartselect/prod/train/en/address-phone-or-selected-in-messaging-apps
02-09 14:58:49.515 I/FederatedTrainingScheduler(24150): Cancelling training for population:aiai/playstore/smartselect/prod/train/en/all-non-url-email-cut session_name:smartselect/prod/train/en/all-non-url-email-cut
02-09 14:58:49.515 I/FederatedTrainingScheduler(24150): Cancelling training for population:aiai/playstore/smartselect/train/en/address-phone-or-selected-in-search-or-browser-apps session_name:smartselect/train/en/address-phone-or-selected-in-search-or-browser-apps
02-09 14:58:49.515 I/FederatedTrainingScheduler(24150): Cancelling training for population:aiai/playstore/smartselect/train/en/pasted-to-search-or-browser-apps session_name:smartselect/train/en/pasted-to-search-or-browser-apps
02-09 14:58:49.515 I/FederatedTrainingScheduler(24150): Cancelling training for population:aiai/playstore/smartselect/prod/train/en/pasted-to-shopping-apps session_name:smartselect/prod/train/en/pasted-to-shopping-apps
02-09 14:58:49.515 I/FederatedTrainingScheduler(24150): Cancelling training for population:aiai/playstore/smartselect/train/en/address-phone-other-translate session_name:smartselect/train/en/address-phone-other-translate
02-09 14:58:49.516 I/FederatedTrainingScheduler(24150): Cancelling training for population:aiai/playstore/smartselect/prod/train/en/selected-in-search-or-browser-apps session_name:smartselect/prod/train/en/selected-in-search-or-browser-apps
02-09 14:58:49.516 I/FederatedTrainingScheduler(24150): Cancelling training for population:aiai/playstore/smartselect/train/en/all-non-url-email-cut-translate session_name:smartselect/train/en/all-non-url-email-cut-translate
02-09 14:58:49.516 I/FederatedTrainingScheduler(24150): Cancelling training for population:aiai/playstore/smartselect/train/en/address-phone-or-pasted-to-non-messaging-apps session_name:smartselect/train/en/address-phone-or-pasted-to-non-messaging-apps
02-09 14:58:49.516 I/FederatedTrainingScheduler(24150): Cancelling training for population:aiai/playstore/smartselect/train/en/address-or-pasted-to-shopping-apps session_name:smartselect/train/en/address-or-pasted-to-shopping-apps
02-09 14:58:49.516 I/FederatedTrainingScheduler(24150): Cancelling training for population:aiai/playstore/smartselect/train/en/pasted-to-notes-apps session_name:smartselect/train/en/pasted-to-notes-apps
02-09 14:58:49.529 I/FederatedTrainingScheduler(24150): Cancelling training for population:aiai/playstore/smartselect/train/en/selected-in-messaging-apps session_name:smartselect/train/en/selected-in-messaging-apps
02-09 14:58:49.530 I/FederatedTrainingScheduler(24150): Cancelling training for population:aiai/playstore/smartselect/train/en/all-non-url-email session_name:smartselect/train/en/all-non-url-email
02-09 14:58:49.530 D/DesktopExperienceFlags(24150): Toggle override initialized to: false
02-09 14:58:49.533 I/HttpFlagsLoader(24150): HTTP flags log line (Impl): Using live production flag values from Google
02-09 14:58:49.535 I/FederatedTrainingScheduler(24150): Cancelling training for population:aiai/playstore/smartselect/train/en/all-pasted-to-apps session_name:smartselect/train/en/all-pasted-to-apps
02-09 14:58:49.539 I/FederatedTrainingScheduler(24150): Cancelling training for population:aiai/playstore/smartselect/prod/train/en/selected-in-non-messaging-apps session_name:smartselect/prod/train/en/selected-in-non-messaging-apps
02-09 14:58:49.541 I/cn_CronetLibraryLoader(24150): Cronet version: 141.0.7340.3, arch: x86_64
02-09 14:58:49.542 I/FederatedTrainingScheduler(24150): Cancelling training for population:aiai/playstore/smartselect/train/en/address-phone-otp-copied session_name:smartselect/train/en/address-phone-otp-copied
02-09 14:58:49.555 D/ConnectivityService(19040): requestNetwork for uid/pid:10144/24150 activeRequest: null callbackRequest: 207 [NetworkRequest [ REQUEST id=208, [ Capabilities: INTERNET&NOT_RESTRICTED&TRUSTED&NOT_VCN_MANAGED&NOT_BANDWIDTH_CONSTRAINED Uid: 10144 RequestorUid: 10144 RequestorPkg: com.google.android.as.oss UnderlyingNetworks: Null] ]] callback flags: 0 order: 2147483647 isUidTracked: false declaredMethods: AVAIL|LOST|NC|LP
02-09 14:58:49.561 I/TrainerGrpcBindableService(24150): Cancelling training succeeded [population=aiai/playstore/smartselect/prod/train/en/address-phone-or-selected-in-non-messaging-apps, session=smartselect/prod/train/en/address-phone-or-selected-in-non-messaging-apps]
02-09 14:58:49.571 D/CompatChangeReporter(19040): Compat change id reported: 319212206; UID 10144; state: ENABLED
02-09 14:58:49.572 D/ConnectivityService(19040): NetReassign [208 : null  100] [c 0] [a 0] [i 1]
02-09 14:58:49.573 D/ConnectivityService(19040): NetReassign [no changes] [c 0] [a 0] [i 0]
