--------- beginning of main
02-09 14:52:56.984 I/HalDevMgr(19040): bestIfaceCreationProposal is null, requestIface=STA, existingIface=[name=wlan0 type=STA]
02-09 14:52:57.315 D/AndroidRuntime(23941): >>>>>> START com.android.internal.os.RuntimeInit uid 2000 <<<<<<
02-09 14:52:57.333 I/AndroidRuntime(23941): Using default boot image
02-09 14:52:57.333 I/AndroidRuntime(23941): Leaving lock profiling enabled
02-09 14:52:57.338 I/app_process(23941): Using CollectorTypeCMC GC.
02-09 14:52:57.497 D/nativeloader(23941): InitDefaultPublicLibraries for_preload=1: libandroid.so:libaaudio.so:libamidi.so:libbinder_ndk.so:libc.so:libcamera2ndk.so:libdl.so:libEGL.so:libGLESv1_CM.so:libGLESv2.so:libGLESv3.so:libicu.so:libicui18n.so:libicuuc.so:libjnigraphics.so:liblog.so:libmediandk.so:libm.so:libnativehelper.so:libnativewindow.so:libOpenMAXAL.so:libOpenSLES.so:libRS.so:libstdc++.so:libsync.so:libvulkan.so:libwebviewchromium_plat_support.so:libz.so
02-09 14:52:57.525 D/nativeloader(23941): Load libicu_jni.so using APEX ns com_android_art for caller /apex/com.android.art/javalib/core-oj.jar: ok
02-09 14:52:57.525 D/app_process(23941): u_setTimeZoneFilesDirectory("/apex/com.android.tzdata/etc/tz/versioned/9/icu") succeeded. 
02-09 14:52:57.525 D/app_process(23941): I18n APEX ICU file found: /apex/com.android.i18n/etc/icu/icudt76l.dat
02-09 14:52:57.531 D/nativeloader(23941): Load libjavacore.so using APEX ns com_android_art for caller /apex/com.android.art/javalib/core-oj.jar: ok
02-09 14:52:57.536 D/nativeloader(23941): Load libopenjdk.so using APEX ns com_android_art for caller /apex/com.android.art/javalib/core-oj.jar: ok
02-09 14:52:57.538 I/app_process(23941): Priority-to-niceness mapping: 19, 16, 13, 10, 0, -2, -4, -5, -6, -8
02-09 14:52:57.539 W/app_process(23941): Unexpected CPU variant for x86: x86_64.
02-09 14:52:57.539 W/app_process(23941): Known variants: atom, sandybridge, silvermont, goldmont, goldmont-plus, goldmont-without-sha-xsaves, tremont, kabylake, alderlake, default
02-09 14:52:57.633 D/nativeloader(23941): Load libframework-connectivity-tiramisu-jni.so using APEX ns com_android_tethering for caller /apex/com.android.tethering/javalib/framework-connectivity-t.jar: ok
02-09 14:52:57.633 D/AndroidRuntime(23941): Calling main entry com.android.commands.monkey.Monkey
02-09 14:52:57.635 D/nativeloader(23941): Load /system/lib64/libmonkey_jni.so using ns default for caller /system/framework/monkey.jar in same partition (is_bridged=0): ok
02-09 14:52:57.637 W/Monkey  (23941): args: [-p, com.cybervpn.cybervpn_mobile.dev, -c, android.intent.category.LAUNCHER, 1]
02-09 14:52:57.652 I/AconfigPackage(23941): android.media.swcodec.flags is mapped to com.android.media.swcodec
02-09 14:52:57.653 I/AconfigPackage(23941): com.android.permission.flags is mapped to com.android.permission
02-09 14:52:57.653 I/AconfigPackage(23941): com.android.permissioncontroller.flags is mapped to com.android.permission
02-09 14:52:57.654 I/AconfigPackage(23941): com.android.icu is mapped to com.android.i18n
02-09 14:52:57.655 I/AconfigPackage(23941): com.android.appsearch.flags is mapped to com.android.appsearch
02-09 14:52:57.656 I/AconfigPackage(23941): android.uprobestats.mainline.flags is mapped to com.android.uprobestats
02-09 14:52:57.657 I/AconfigPackage(23941): com.android.crashrecovery.flags is mapped to com.android.crashrecovery
02-09 14:52:57.658 I/AconfigPackage(23941): android.provider.flags is mapped to com.android.configinfrastructure
02-09 14:52:57.658 I/AconfigPackage(23941): com.android.server.deviceconfig is mapped to com.android.configinfrastructure
02-09 14:52:57.659 I/AconfigPackage(23941): com.android.compos.flags is mapped to com.android.compos
02-09 14:52:57.660 I/AconfigPackage(23941): com.android.art.flags is mapped to com.android.art
02-09 14:52:57.660 I/AconfigPackage(23941): com.android.art.rw.flags is mapped to com.android.art
02-09 14:52:57.660 I/AconfigPackage(23941): com.android.libcore is mapped to com.android.art
02-09 14:52:57.660 I/AconfigPackage(23941): com.android.telephony.flags is mapped to com.android.telephonycore
02-09 14:52:57.661 I/AconfigPackage(23941): com.android.media.extractor.flags is mapped to com.android.media
02-09 14:52:57.661 I/AconfigPackage(23941): com.android.media.mainline.flags is mapped to com.android.media
02-09 14:52:57.662 I/AconfigPackage(23941): com.android.wifi.flags is mapped to com.android.wifi
02-09 14:52:57.662 I/AconfigPackage(23941): com.android.org.conscrypt.flags is mapped to com.android.conscrypt
02-09 14:52:57.662 I/AconfigPackage(23941): com.android.org.conscrypt.net.flags is mapped to com.android.conscrypt
02-09 14:52:57.663 I/AconfigPackage(23941): com.android.healthfitness.flags is mapped to com.android.healthfitness
02-09 14:52:57.664 I/AconfigPackage(23941): com.android.ipsec.flags is mapped to com.android.ipsec
02-09 14:52:57.664 I/AconfigPackage(23941): com.android.nfc.module.flags is mapped to com.android.nfcservices
02-09 14:52:57.665 I/AconfigPackage(23941): com.android.adservices.ondevicepersonalization.flags is mapped to com.android.ondevicepersonalization
02-09 14:52:57.666 I/AconfigPackage(23941): com.android.adbd.flags is mapped to com.android.adbd
02-09 14:52:57.667 I/AconfigPackage(23941): com.android.bluetooth.flags is mapped to com.android.bt
02-09 14:52:57.667 I/AconfigPackage(23941): com.android.devicelock.flags is mapped to com.android.devicelock
02-09 14:52:57.668 I/AconfigPackage(23941): android.os.profiling is mapped to com.android.profiling
02-09 14:52:57.668 I/AconfigPackage(23941): android.os.profiling.anomaly.flags is mapped to com.android.profiling
02-09 14:52:57.669 I/AconfigPackage(23941): com.android.os.statsd.flags is mapped to com.android.os.statsd
02-09 14:52:57.670 I/AconfigPackage(23941): com.android.rkpd.flags is mapped to com.android.rkpd
02-09 14:52:57.670 I/AconfigPackage(23941): com.android.cellbroadcastreceiver.flags is mapped to com.android.cellbroadcast
02-09 14:52:57.671 I/AconfigPackage(23941): com.android.adservices.flags is mapped to com.android.adservices
02-09 14:52:57.671 I/AconfigPackage(23941): com.android.sdksandbox.flags is mapped to com.android.adservices
02-09 14:52:57.672 I/AconfigPackage(23941): com.android.uwb.flags is mapped to com.android.uwb
02-09 14:52:57.672 I/AconfigPackage(23941): com.android.ranging.flags is mapped to com.android.uwb
02-09 14:52:57.673 I/AconfigPackage(23941): android.graphics.pdf.flags is mapped to com.android.mediaprovider
02-09 14:52:57.673 I/AconfigPackage(23941): com.android.providers.media.flags is mapped to com.android.mediaprovider
02-09 14:52:57.673 I/AconfigPackage(23941): android.graphics.pdf.flags.readonly is mapped to com.android.mediaprovider
02-09 14:52:57.674 I/AconfigPackage(23941): com.android.tethering.mainline.beta is mapped to com.android.tethering
02-09 14:52:57.674 I/AconfigPackage(23941): android.net.http is mapped to com.android.tethering
02-09 14:52:57.674 I/AconfigPackage(23941): com.android.tethering.readonly.flags is mapped to com.android.tethering
02-09 14:52:57.674 I/AconfigPackage(23941): android.net.vcn is mapped to com.android.tethering
02-09 14:52:57.674 I/AconfigPackage(23941): com.android.net.flags is mapped to com.android.tethering
02-09 14:52:57.674 I/AconfigPackage(23941): com.android.tethering.beta.test is mapped to com.android.tethering
02-09 14:52:57.674 I/AconfigPackage(23941): com.android.nearby.flags is mapped to com.android.tethering
02-09 14:52:57.674 I/AconfigPackage(23941): com.android.net.ct.flags is mapped to com.android.tethering
02-09 14:52:57.674 I/AconfigPackage(23941): com.android.net.thread.flags is mapped to com.android.tethering
02-09 14:52:57.675 I/AconfigPackage(23941): com.android.system.virtualmachine.flags is mapped to com.android.virt
02-09 14:52:57.675 E/FeatureFlagsImplExport(23941): android.os.flagging.AconfigStorageReadException: ERROR_PACKAGE_NOT_FOUND: package android.xr cannot be found on the device
02-09 14:52:57.687 W/Monkey  (23941):  arg: "-p"
02-09 14:52:57.687 W/Monkey  (23941):  arg: "com.cybervpn.cybervpn_mobile.dev"
02-09 14:52:57.687 W/Monkey  (23941):  arg: "-c"
02-09 14:52:57.687 W/Monkey  (23941):  arg: "android.intent.category.LAUNCHER"
02-09 14:52:57.687 W/Monkey  (23941):  arg: "1"
02-09 14:52:57.687 W/Monkey  (23941): data="com.cybervpn.cybervpn_mobile.dev"
02-09 14:52:57.687 W/Monkey  (23941): data="android.intent.category.LAUNCHER"
02-09 14:52:57.700 D/EventHub(19040): No input device configuration file found for device 'Monkey touch'.
02-09 14:52:57.701 I/EventHub(19040): usingClockIoctl=true
02-09 14:52:57.702 I/EventHub(19040): New device: id=16, fd=600, path='/dev/input/event14', name='Monkey touch', classes=TOUCH | TOUCH_MT, configuration='', keyLayout='', keyCharacterMap='', builtinKeyboard=false, 
02-09 14:52:57.709 I/InputReader(19040): Device reconfigured: id=16, name='Monkey touch', size 1080x2400, orientation Rotation0, mode DIRECT, display id 0
02-09 14:52:57.710 I/InputReader(19040): Device added: id=16, eventHubId=16, name='Monkey touch', descriptor='e1fe28b90f915c7d1febbd52c1ef84b3c4cbed9f',sources=TOUCHSCREEN
--------- beginning of system
02-09 14:52:57.732 W/ActivityManager(19040): registerReceiverWithFeature: no app for null
02-09 14:52:57.743 D/WindowManager(19040): Direct invocation of sendNewConfiguration: Display{#0 state=ON size=1080x2400 ROTATION_0}
02-09 14:52:57.747 W/libbinder.IPCThreadState(19040): Sending oneway calls to frozen process.
02-09 14:52:57.751 V/ShellDesktopMode(19566): DesktopDisplayModeController: canDesktopFirstModeBeEnabledOnDefaultDisplay: isDefaultDisplayDesktopEligible=false
02-09 14:52:57.752 I/PkDeviceHelper(19996): PkDeviceHelper.refreshDevices():93 refreshing devices
02-09 14:52:57.752 I/PkDeviceHelper(19996): PkDeviceHelper.addDevice():133 device qwerty2 added
02-09 14:52:57.752 I/PkDeviceHelper(19996): PkDeviceHelper.addDevice():133 device AT Translated Set 2 keyboard added
02-09 14:52:57.758 W/ActivityTaskManager(19040): callingPackage for (uid=2000, pid=23941) has no WPC
02-09 14:52:57.760 V/WindowManager(19040): DesktopModeLaunchParamsModifier: phase= 0 task=null activity=null display-area-from-current-params=null display-area-from-default-fallback=DefaultTaskDisplayArea@1792312 display-id=0 task-display-area-windowing-mode=1 suggested-display-area=DefaultTaskDisplayArea@1792312 task null, skipping
02-09 14:52:57.760 V/WindowManager(19040): TaskLaunchParamsModifier:phase=0 task=null activity=null display-area-from-current-params=null display-area-from-default-fallback=DefaultTaskDisplayArea@1792312 display-id=0 task-display-area-windowing-mode=1 suggested-display-area=DefaultTaskDisplayArea@1792312
02-09 14:52:57.763 V/GrammaticalInflectionUtils(19040): AttributionSource: android.content.AttributionSource@e58a91a4 does not have READ_SYSTEM_GRAMMATICAL_GENDER permission.
02-09 14:52:57.765 V/WindowManager(19040): DesktopModeLaunchParamsModifier: phase= 0 task=null activity=ActivityRecord{94160331 u0 com.cybervpn.cybervpn_mobile.dev/com.cybervpn.cybervpn_mobile.MainActivity display-area-from-current-params=null display-area-for-record=DefaultTaskDisplayArea@1792312 display-id=0 task-display-area-windowing-mode=1 suggested-display-area=DefaultTaskDisplayArea@1792312 task null, skipping
02-09 14:52:57.765 V/WindowManager(19040): TaskLaunchParamsModifier:phase=0 task=null activity=ActivityRecord{94160331 u0 com.cybervpn.cybervpn_mobile.dev/com.cybervpn.cybervpn_mobile.MainActivity t-1} display-area-from-current-params=null display-area-for-record=DefaultTaskDisplayArea@1792312 display-id=0 task-display-area-windowing-mode=1 suggested-display-area=DefaultTaskDisplayArea@1792312
02-09 14:52:57.766 V/WindowManager(19040): DesktopModeLaunchParamsModifier: phase= 3 task=Task{24656bc #43 type=standard I=com.cybervpn.cybervpn_mobile.dev/com.cybervpn.cybervpn_mobile.MainActivity} activity=ActivityRecord{94160331 u0 com.cybervpn.cybervpn_mobile.dev/com.cybervpn.cybervpn_mobile.MainActivity t-1} display-from-task=0 display-id=0 task-display-area-windowing-mode=1 suggested-display-area=DefaultTaskDisplayArea@1792312 not entering desktop mode, skipping
02-09 14:52:57.766 V/WindowManager(19040): TaskLaunchParamsModifier:phase=3 task=Task{24656bc #43 type=standard I=com.cybervpn.cybervpn_mobile.dev/com.cybervpn.cybervpn_mobile.MainActivity} activity=ActivityRecord{94160331 u0 com.cybervpn.cybervpn_mobile.dev/com.cybervpn.cybervpn_mobile.MainActivity t-1} display-from-task=0 display-id=0 task-display-area-windowing-mode=1 suggested-display-area=DefaultTaskDisplayArea@1792312 inherit-from-task=fullscreen non-freeform-task-display-area display-area=DefaultTaskDisplayArea@1792312 skip-bounds-fullscreen
02-09 14:52:57.769 V/WindowManager(19040): DesktopModeLaunchParamsModifier: phase= 3 task=Task{24656bc #43 type=standard I=com.cybervpn.cybervpn_mobile.dev/com.cybervpn.cybervpn_mobile.MainActivity} activity=ActivityRecord{94160331 u0 com.cybervpn.cybervpn_mobile.dev/com.cybervpn.cybervpn_mobile.MainActivity t-1} display-from-task=0 display-id=0 task-display-area-windowing-mode=1 suggested-display-area=DefaultTaskDisplayArea@1792312 not entering desktop mode, skipping
02-09 14:52:57.769 V/WindowManager(19040): TaskLaunchParamsModifier:phase=3 task=Task{24656bc #43 type=standard I=com.cybervpn.cybervpn_mobile.dev/com.cybervpn.cybervpn_mobile.MainActivity} activity=ActivityRecord{94160331 u0 com.cybervpn.cybervpn_mobile.dev/com.cybervpn.cybervpn_mobile.MainActivity t-1} display-from-task=0 display-id=0 task-display-area-windowing-mode=1 suggested-display-area=DefaultTaskDisplayArea@1792312 inherit-from-task=fullscreen non-freeform-task-display-area display-area=DefaultTaskDisplayArea@1792312 skip-bounds-fullscreen
02-09 14:52:57.773 I/ActivityTaskManager(19040): START u0 {act=android.intent.action.MAIN cat=[android.intent.category.LAUNCHER] flg=0x10200000 cmp=com.cybervpn.cybervpn_mobile.dev/com.cybervpn.cybervpn_mobile.MainActivity} with LAUNCH_SINGLE_TASK from uid 2000 (com.android.shell) (BAL_ALLOW_PERMISSION) result code=3
02-09 14:52:57.774 I/libbinder.BpBinder(  643): onLastStrongRef automatically unlinking death recipients for descriptor: '(not cached)'
02-09 14:52:57.776 D/WindowManagerShell(19566): onActivityRestartAttempt: topActivity=ComponentInfo{com.cybervpn.cybervpn_mobile.dev/com.cybervpn.cybervpn_mobile.MainActivity}, wasVisible=true, displayId=0, pipDisplayLayoutState#displayId=0
02-09 14:52:57.776 I/Monkey  (23941): Events injected: 1
02-09 14:52:57.777 D/KeyguardService(19566): setOccluded(false)
02-09 14:52:57.777 D/KeyguardViewMediator(19566): setOccluded(false)
02-09 14:52:57.778 D/KeyguardViewMediator(19566): handleSetOccluded(false)
02-09 14:52:57.779 D/KeyguardViewMediator(19566): KeyguardViewMediator queue processing message: SET_OCCLUDED
02-09 14:52:57.781 I/Monkey  (23941): ## Network stats: elapsed time=26ms (0ms mobile, 0ms wifi, 26ms not connected)
02-09 14:52:57.782 I/app_process(23941): System.exit called, status: 0
02-09 14:52:57.782 I/AndroidRuntime(23941): VM exiting with result code 0.
02-09 14:52:57.800 I/EventHub(19040): Removing device Monkey touch due to epoll hang-up event.
02-09 14:52:57.800 I/EventHub(19040): Removed device: path=/dev/input/event14 name=Monkey touch id=16 fd=600 classes=TOUCH | TOUCH_MT
02-09 14:52:57.809 D/BackgroundInstallControlService(19040): Package event received: 0
02-09 14:52:57.814 D/ActivityManager(19040): sync unfroze 20382 com.google.android.gms for 6
02-09 14:52:57.819 D/BackgroundInstallControlService(19040): Package event received: 0
02-09 14:52:57.831 I/InputReader(19040): Device removed: id=16, eventHubId=16, name='Monkey touch', descriptor='e1fe28b90f915c7d1febbd52c1ef84b3c4cbed9f', sources=TOUCHSCREEN
02-09 14:52:57.836 D/BoundBrokerSvc(20382): onBind: Intent { act=com.google.android.gms.measurement.START xflg=0x4 pkg=com.google.android.gms }
02-09 14:52:57.836 D/BoundBrokerSvc(20382): Loading bound service for intent: Intent { act=com.google.android.gms.measurement.START xflg=0x4 pkg=com.google.android.gms }
02-09 14:52:57.841 W/ProcessStats(19040): Tracking association SourceState{bde2343 com.cybervpn.cybervpn_mobile.dev/10230 BTop #2874} whose proc state 2 is better than process ProcessState{c62efeb com.google.android.gms/10155 pkg=com.google.android.gms} proc state 14 (10 skipped)
02-09 14:52:57.843 I/EventHub(19040): Removing device '/dev/input/event14' due to inotify event
02-09 14:52:57.844 D/WindowManager(19040): Direct invocation of sendNewConfiguration: Display{#0 state=ON size=1080x2400 ROTATION_0}
02-09 14:52:57.846 W/libbinder.IPCThreadState(19040): Sending oneway calls to frozen process.
02-09 14:52:57.846 V/ShellDesktopMode(19566): DesktopDisplayModeController: canDesktopFirstModeBeEnabledOnDefaultDisplay: isDefaultDisplayDesktopEligible=false
02-09 14:52:57.846 I/PkDeviceHelper(19996): PkDeviceHelper.refreshDevices():93 refreshing devices
02-09 14:52:57.847 I/PkDeviceHelper(19996): PkDeviceHelper.addDevice():133 device qwerty2 added
02-09 14:52:57.847 I/PkDeviceHelper(19996): PkDeviceHelper.addDevice():133 device AT Translated Set 2 keyboard added
02-09 14:52:57.849 D/NavigationModeController(19566): getCurrentUserContext: contextUser=0 currentUser=0
02-09 14:52:57.856 W/PermissionService(19040): getPermissionFlags: Unknown user -1
02-09 14:52:57.856 W/PermissionService(19040): getPermissionFlags: Unknown user -1
02-09 14:52:57.870 D/BackgroundInstallControlService(19040): Package event received: 0
02-09 14:52:58.076 W/AiAiEcho(20149): LyftNotificationParser Ridesharing ETA not enabled
02-09 14:52:58.078 I/AiAiEcho(20149): SmartspaceNotificationPredictor no parser can handle this notification or notification is invalid
02-09 14:52:58.569 E/BluetoothPowerStatsCollector(19040): Cannot acquire BluetoothActivityEnergyInfo
02-09 14:52:58.569 E/BluetoothPowerStatsCollector(19040): java.util.concurrent.ExecutionException: java.lang.RuntimeException: error: 9
02-09 14:52:58.569 E/BluetoothPowerStatsCollector(19040): 	at java.util.concurrent.CompletableFuture.reportGet(CompletableFuture.java:372)
02-09 14:52:58.569 E/BluetoothPowerStatsCollector(19040): 	at java.util.concurrent.CompletableFuture.get(CompletableFuture.java:2072)
02-09 14:52:58.569 E/BluetoothPowerStatsCollector(19040): 	at com.android.server.power.stats.BluetoothPowerStatsCollector.collectBluetoothActivityInfo(BluetoothPowerStatsCollector.java:191)
02-09 14:52:58.569 E/BluetoothPowerStatsCollector(19040): 	at com.android.server.power.stats.BluetoothPowerStatsCollector.collectStats(BluetoothPowerStatsCollector.java:155)
02-09 14:52:58.569 E/BluetoothPowerStatsCollector(19040): 	at com.android.server.power.stats.PowerStatsCollector.collectAndDeliverStats(PowerStatsCollector.java:196)
02-09 14:52:58.569 E/BluetoothPowerStatsCollector(19040): 	at com.android.server.power.stats.PowerStatsCollector.lambda$schedule$0(PowerStatsCollector.java:166)
02-09 14:52:58.569 E/BluetoothPowerStatsCollector(19040): 	at com.android.server.power.stats.PowerStatsCollector.$r8$lambda$G7G_yFY7rV7oxQbQHnZ5FHX8eBk(PowerStatsCollector.java:0)
02-09 14:52:58.569 E/BluetoothPowerStatsCollector(19040): 	at com.android.server.power.stats.PowerStatsCollector$$ExternalSyntheticLambda1.run(R8$$SyntheticClass:0)
02-09 14:52:58.569 E/BluetoothPowerStatsCollector(19040): 	at android.os.Handler.handleCallback(Handler.java:1070)
02-09 14:52:58.569 E/BluetoothPowerStatsCollector(19040): 	at android.os.Handler.dispatchMessage(Handler.java:125)
02-09 14:52:58.569 E/BluetoothPowerStatsCollector(19040): 	at android.os.Looper.dispatchMessage(Looper.java:333)
02-09 14:52:58.569 E/BluetoothPowerStatsCollector(19040): 	at android.os.Looper.loopOnce(Looper.java:263)
02-09 14:52:58.569 E/BluetoothPowerStatsCollector(19040): 	at android.os.Looper.loop(Looper.java:367)
02-09 14:52:58.569 E/BluetoothPowerStatsCollector(19040): 	at android.os.HandlerThread.run(HandlerThread.java:139)
02-09 14:52:58.569 E/BluetoothPowerStatsCollector(19040): Caused by: java.lang.RuntimeException: error: 9
02-09 14:52:58.569 E/BluetoothPowerStatsCollector(19040): 	at com.android.server.power.stats.BluetoothPowerStatsCollector$1.onBluetoothActivityEnergyInfoError(BluetoothPowerStatsCollector.java:180)
02-09 14:52:58.569 E/BluetoothPowerStatsCollector(19040): 	at android.bluetooth.BluetoothAdapter.lambda$requestControllerActivityEnergyInfo$27(BluetoothAdapter.java:2513)
02-09 14:52:58.569 E/BluetoothPowerStatsCollector(19040): 	at android.bluetooth.BluetoothAdapter$$ExternalSyntheticLambda27.run(D8$$SyntheticClass:0)
02-09 14:52:58.569 E/BluetoothPowerStatsCollector(19040): 	at com.android.server.SystemServerInitThreadPool$$ExternalSyntheticLambda0.execute(R8$$SyntheticClass:0)
02-09 14:52:58.569 E/BluetoothPowerStatsCollector(19040): 	at android.bluetooth.BluetoothAdapter.requestControllerActivityEnergyInfo(BluetoothAdapter.java:2511)
02-09 14:52:58.569 E/BluetoothPowerStatsCollector(19040): 	at com.android.server.power.stats.BatteryStatsImpl$BluetoothStatsRetrieverImpl.requestControllerActivityEnergyInfo(BatteryStatsImpl.java:471)
02-09 14:52:58.569 E/BluetoothPowerStatsCollector(19040): 	at com.android.server.power.stats.BluetoothPowerStatsCollector.collectBluetoothActivityInfo(BluetoothPowerStatsCollector.java:169)
02-09 14:52:58.569 E/BluetoothPowerStatsCollector(19040): 	... 11 more
02-09 14:52:59.411 W/libbinder.BackendUnifiedServiceManager(23962): Thread Pool max thread count is 0. Cannot cache binder as linkToDeath cannot be implemented. serviceName: package
02-09 14:52:59.485 I/artd    (20248): GetBestInfo: odex next to the dex file (/data/app/~~Ri4OoI6S_XJsFiVFmMlgSA==/com.google.android.gms-nTpiuVu_Zh0lPX1I4eyBtA==/oat/x86_64/base.odex) is kOatUpToDate with filter 'speed-profile' executable 'false'
02-09 14:52:59.488 I/artd    (20248): GetBestInfo: odex next to the dex file (/data/app/~~Ri4OoI6S_XJsFiVFmMlgSA==/com.google.android.gms-nTpiuVu_Zh0lPX1I4eyBtA==/oat/x86_64/split_AdsDynamite_installtime.odex) is kOatUpToDate with filter 'speed' executable 'false'
02-09 14:52:59.490 I/artd    (20248): GetBestInfo: odex next to the dex file (/data/app/~~Ri4OoI6S_XJsFiVFmMlgSA==/com.google.android.gms-nTpiuVu_Zh0lPX1I4eyBtA==/oat/x86_64/split_CronetDynamite_installtime.odex) is kOatUpToDate with filter 'speed' executable 'false'
02-09 14:52:59.492 I/artd    (20248): GetBestInfo: odex next to the dex file (/data/app/~~Ri4OoI6S_XJsFiVFmMlgSA==/com.google.android.gms-nTpiuVu_Zh0lPX1I4eyBtA==/oat/x86_64/split_DynamiteLoader_installtime.odex) is kOatUpToDate with filter 'speed' executable 'false'
02-09 14:52:59.494 I/artd    (20248): GetBestInfo: odex next to the dex file (/data/app/~~Ri4OoI6S_XJsFiVFmMlgSA==/com.google.android.gms-nTpiuVu_Zh0lPX1I4eyBtA==/oat/x86_64/split_DynamiteModulesA_installtime.odex) is kOatUpToDate with filter 'speed' executable 'false'
02-09 14:52:59.495 I/artd    (20248): GetBestInfo: odex next to the dex file (/data/app/~~Ri4OoI6S_XJsFiVFmMlgSA==/com.google.android.gms-nTpiuVu_Zh0lPX1I4eyBtA==/oat/x86_64/split_DynamiteModulesC_installtime.odex) is kOatUpToDate with filter 'speed' executable 'false'
02-09 14:52:59.496 I/artd    (20248): GetBestInfo: odex next to the dex file (/data/app/~~Ri4OoI6S_XJsFiVFmMlgSA==/com.google.android.gms-nTpiuVu_Zh0lPX1I4eyBtA==/oat/x86_64/split_GoogleCertificates_installtime.odex) is kOatUpToDate with filter 'speed' executable 'false'
02-09 14:52:59.497 I/artd    (20248): GetBestInfo: odex next to the dex file (/data/app/~~Ri4OoI6S_XJsFiVFmMlgSA==/com.google.android.gms-nTpiuVu_Zh0lPX1I4eyBtA==/oat/x86_64/split_MapsDynamite_installtime.odex) is kOatUpToDate with filter 'speed' executable 'false'
02-09 14:52:59.498 I/artd    (20248): GetBestInfo: odex next to the dex file (/data/app/~~Ri4OoI6S_XJsFiVFmMlgSA==/com.google.android.gms-nTpiuVu_Zh0lPX1I4eyBtA==/oat/x86_64/split_MeasurementDynamite_installtime.odex) is kOatUpToDate with filter 'speed' executable 'false'
02-09 14:52:59.500 I/artd    (20248): GetBestInfo: odex next to the dex file (/data/app/~~Ri4OoI6S_XJsFiVFmMlgSA==/com.google.android.gms-nTpiuVu_Zh0lPX1I4eyBtA==/oat/x86_64/split_all_locale_splits.odex) is kOatUpToDate with filter 'speed' executable 'false'
02-09 14:52:59.501 I/artd    (20248): GetBestInfo: /data/user_de/0/com.google.android.gms/app_chimera/m/0000000f/dl-VisionOcr.optional_260235100000.apk has no usable artifacts
02-09 14:52:59.503 I/artd    (20248): GetBestInfo: /data/user_de/0/com.google.android.gms/app_chimera/m/00000013/dl-MlkitBarcodeUi.optional_260235100800.apk has no usable artifacts
02-09 14:52:59.504 I/artd    (20248): GetBestInfo: /data/user_de/0/com.google.android.gms/app_chimera/m/00000001/CronetDynamite.apk has no usable artifacts
02-09 14:52:59.506 I/artd    (20248): GetBestInfo: /data/user_de/0/com.google.android.gms/app_chimera/m/0000000a/dl-MlkitBarcodeUi.optional_253434100800.apk has no usable artifacts
02-09 14:52:59.507 I/artd    (20248): GetBestInfo: /data/user_de/0/com.google.android.gms/app_chimera/m/00000002/DynamiteLoader.apk has no usable artifacts
02-09 14:52:59.507 I/artd    (20248): GetBestInfo: /data/user_de/0/com.google.android.gms/app_chimera/m/00000005/GoogleCertificates.apk has no usable artifacts
02-09 14:52:59.508 I/artd    (20248): GetBestInfo: /data/user_de/0/com.google.android.gms/app_chimera/m/00000009/dl-TfliteDynamiteDynamite.integ_252130102100800.apk has no usable artifacts
02-09 14:52:59.509 I/artd    (20248): GetBestInfo: vdex next to the dex file (/data/user/0/com.google.android.gms/app_dg_cache/CF98DA544914DD75038B6CE6DBC852B6C43EC876/oat/x86_64/the.vdex) is kOatUpToDate with filter 'verify' executable 'false'
02-09 14:52:59.510 I/artd    (20248): GetBestInfo: /data/user_de/0/com.google.android.gms/app_chimera/m/00000014/dl-MlkitOcrCommon.optional_260235100800.apk has no usable artifacts
02-09 14:52:59.511 I/artd    (20248): GetBestInfo: /data/user_de/0/com.google.android.gms/app_chimera/m/00000011/dl-Appsearch.optional_260235100800.apk has no usable artifacts
02-09 14:52:59.512 I/artd    (20248): GetBestInfo: /data/user_de/0/com.google.android.gms/app_chimera/m/00000010/dl-PlayCloudSearch.optional_260235100000.apk has no usable artifacts
02-09 14:52:59.513 I/artd    (20248): GetBestInfo: /data/user_de/0/com.google.android.gms/app_chimera/m/0000000b/dl-PlayCloudSearch.optional_253434100000.apk has no usable artifacts
02-09 14:52:59.514 I/artd    (20248): GetBestInfo: /data/user_de/0/com.google.android.gms/app_chimera/m/0000000e/dl-Appsearch.optional_253434100800.apk has no usable artifacts
02-09 14:52:59.515 I/artd    (20248): GetBestInfo: /data/user_de/0/com.google.android.gms/app_chimera/m/00000007/MeasurementDynamite.apk has no usable artifacts
02-09 14:52:59.989 I/HalDevMgr(19040): bestIfaceCreationProposal is null, requestIface=STA, existingIface=[name=wlan0 type=STA]
02-09 14:53:01.352 D/ActivityManager(19040): sync unfroze 20533 com.android.vending for 6
02-09 14:53:01.367 D/ActivityManager(19040): sync unfroze 21130 com.android.vending:background for 6
02-09 14:53:01.380 I/Finsky  (20533): [41] Stats for Executor: BlockingExecutor uup@da8293[Running, pool size = 0, active threads = 0, queued tasks = 0, completed tasks = 395]
02-09 14:53:01.380 I/Finsky  (20533): [41] Stats for Executor: LightweightExecutor uup@b2d6dce[Running, pool size = 4, active threads = 0, queued tasks = 0, completed tasks = 13233]
02-09 14:53:01.380 I/Finsky  (20533): [41] Stats for Executor: bgExecutor uup@59fee1d[Running, pool size = 4, active threads = 0, queued tasks = 0, completed tasks = 3446]
02-09 14:53:01.409 I/Finsky  (20533): [2] SCH: job service start with id 9954.
02-09 14:53:01.411 I/Finsky  (20533): [2] SCH: job service start with id 9950.
02-09 14:53:01.413 I/Finsky  (20533): [52] Current account updated in PVS
02-09 14:53:01.413 I/Finsky  (20533): [51] Current account updated in PVS
02-09 14:53:01.413 I/Finsky  (20533): [53] Current account updated in PVS
02-09 14:53:01.435 I/Finsky  (20533): [49] Current account updated in PVS
02-09 14:53:01.435 I/Finsky  (20533): [159] SCH: Satisfied jobs for 9954 are: 10-26
02-09 14:53:01.436 I/Finsky  (20533): [53] Current account updated in PVS
02-09 14:53:01.437 I/Finsky  (20533): [51] Current account updated in PVS
02-09 14:53:01.437 I/Finsky  (20533): [49] Current account updated in PVS
02-09 14:53:01.438 I/Finsky  (20533): [49] Current account updated in PVS
02-09 14:53:01.438 I/Finsky  (20533): [159] SCH: Satisfied jobs for 9950 are: 10-123
02-09 14:53:01.439 I/Finsky  (20533): [49] Current account updated in PVS
02-09 14:53:01.439 I/Finsky  (20533): [51] Current account updated in PVS
02-09 14:53:01.441 I/Finsky  (20533): [51] Current account updated in PVS
02-09 14:53:01.441 I/Finsky  (20533): [51] Current account updated in PVS
02-09 14:53:01.442 I/Finsky  (20533): [51] Current account updated in PVS
02-09 14:53:01.442 I/Finsky  (20533): [51] Current account updated in PVS
02-09 14:53:01.442 I/Finsky  (20533): [51] Current account updated in PVS
02-09 14:53:01.444 I/Finsky  (20533): [51] Current account updated in PVS
02-09 14:53:01.444 I/Finsky  (20533): [51] Current account updated in PVS
02-09 14:53:01.444 I/Finsky  (20533): [51] Current account updated in PVS
02-09 14:53:01.445 I/Finsky  (20533): [51] Current account updated in PVS
02-09 14:53:01.445 I/Finsky  (20533): [51] Current account updated in PVS
02-09 14:53:01.445 I/Finsky  (20533): [51] Current account updated in PVS
02-09 14:53:01.447 I/Finsky  (20533): [51] Current account updated in PVS
02-09 14:53:01.447 I/Finsky  (20533): [53] Current account updated in PVS
02-09 14:53:01.448 I/Finsky  (20533): [53] Current account updated in PVS
02-09 14:53:01.448 I/Finsky  (20533): [53] Current account updated in PVS
02-09 14:53:01.449 I/Finsky  (20533): [53] Current account updated in PVS
02-09 14:53:01.449 I/Finsky  (20533): [53] Current account updated in PVS
02-09 14:53:01.450 I/Finsky  (20533): [49] Current account updated in PVS
02-09 14:53:01.450 I/Finsky  (20533): [49] Current account updated in PVS
02-09 14:53:01.450 I/Finsky  (20533): [49] Current account updated in PVS
02-09 14:53:01.451 I/Finsky  (20533): [49] Current account updated in PVS
02-09 14:53:01.451 I/Finsky  (20533): [52] Current account updated in PVS
02-09 14:53:01.454 I/Finsky  (20533): [158] SCH: Job 10-26 starting
02-09 14:53:01.455 I/Finsky  (20533): [52] Current account updated in PVS
02-09 14:53:01.455 I/Finsky  (20533): [52] Current account updated in PVS
02-09 14:53:01.455 I/Finsky  (20533): [2] WM::SCH: Logging work start for 10-26
02-09 14:53:01.459 I/Finsky  (20533): [53] Current account updated in PVS
02-09 14:53:01.459 I/Finsky  (20533): [53] Current account updated in PVS
02-09 14:53:01.466 I/Finsky  (20533): [158] SCH: Job 10-123 starting
02-09 14:53:01.467 I/Finsky  (20533): [49] Current account updated in PVS
02-09 14:53:01.470 I/Finsky  (20533): [53] Current account updated in PVS
02-09 14:53:01.474 I/Finsky  (20533): [2] WM::SCH: Logging work start for 10-123
02-09 14:53:01.476 I/Finsky  (20533): [52] Current account updated in PVS
02-09 14:53:01.476 I/Finsky  (20533): [49] Current account updated in PVS
02-09 14:53:01.477 I/Finsky  (20533): [49] Current account updated in PVS
02-09 14:53:01.478 I/Finsky  (20533): [2] AppRecoveryHygieneJob starting
02-09 14:53:01.480 I/Finsky  (20533): [53] Current account updated in PVS
02-09 14:53:01.481 I/Finsky  (20533): [49] Current account updated in PVS
02-09 14:53:01.483 I/Finsky  (20533): [52] Current account updated in PVS
02-09 14:53:01.498 I/Finsky  (20533): [53] Current account updated in PVS
02-09 14:53:01.499 I/Finsky  (20533): [63] AppRecoveryHygieneJob: successfully finished generating v3.1 signatures
02-09 14:53:01.500 I/Finsky  (20533): [55] SCH: jobFinished: 10-26. TimeElapsed: 45ms.
02-09 14:53:01.500 I/Finsky  (20533): [63] AppRecoveryHygieneJob: starting fetching app recovery item details of packages
02-09 14:53:01.500 I/Finsky  (20533): [55] WM::SCH: Logging work end for 10-26
02-09 14:53:01.502 I/Finsky  (20533): [49] Current account updated in PVS
02-09 14:53:01.503 I/Finsky  (20533): [49] Current account updated in PVS
02-09 14:53:01.503 I/Finsky  (20533): [63] AppRecoveryHygieneJob: successfully fetched app recovery item details of packages
02-09 14:53:01.503 I/Finsky  (20533): [49] Current account updated in PVS
02-09 14:53:01.504 I/Finsky  (20533): [63] AppRecoveryHygieneJob: no item details are available for app recovery updates
02-09 14:53:01.506 I/Finsky  (20533): [49] Current account updated in PVS
02-09 14:53:01.510 I/Finsky  (20533): [63] AppRecoveryHygieneJob finished
02-09 14:53:01.510 I/Finsky  (20533): [52] Current account updated in PVS
02-09 14:53:01.512 I/Finsky  (20533): [63] SCH: jobFinished: 10-123. TimeElapsed: 39ms.
02-09 14:53:01.514 I/Finsky  (20533): [63] WM::SCH: Logging work end for 10-123
02-09 14:53:01.514 I/Finsky  (20533): [49] Current account updated in PVS
02-09 14:53:01.515 I/Finsky  (20533): [52] Current account updated in PVS
02-09 14:53:01.515 I/Finsky  (20533): [52] Current account updated in PVS
02-09 14:53:01.517 I/Finsky  (20533): [51] Current account updated in PVS
02-09 14:53:01.518 I/Finsky  (20533): [51] Current account updated in PVS
02-09 14:53:01.523 I/Finsky  (20533): [53] Current account updated in PVS
02-09 14:53:01.531 I/Finsky  (20533): [51] Current account updated in PVS
02-09 14:53:01.537 I/Finsky  (20533): [53] Current account updated in PVS
02-09 14:53:01.546 I/Finsky  (20533): [49] Current account updated in PVS
02-09 14:53:01.547 I/Finsky  (20533): [52] Current account updated in PVS
02-09 14:53:01.548 I/Finsky  (20533): [52] Current account updated in PVS
02-09 14:53:01.548 I/Finsky  (20533): [52] Current account updated in PVS
02-09 14:53:01.548 I/Finsky  (20533): [49] Current account updated in PVS
02-09 14:53:01.550 I/Finsky  (20533): [52] Current account updated in PVS
02-09 14:53:01.550 I/Finsky  (20533): [52] Current account updated in PVS
02-09 14:53:01.550 I/Finsky  (20533): [49] Current account updated in PVS
02-09 14:53:01.550 I/Finsky  (20533): [49] Current account updated in PVS
02-09 14:53:01.551 I/Finsky  (20533): [49] Current account updated in PVS
02-09 14:53:01.551 I/Finsky  (20533): [49] Current account updated in PVS
02-09 14:53:01.551 I/Finsky  (20533): [49] Current account updated in PVS
02-09 14:53:01.552 I/Finsky  (20533): [49] Current account updated in PVS
02-09 14:53:01.552 I/Finsky  (20533): [49] Current account updated in PVS
02-09 14:53:01.552 I/Finsky  (20533): [49] Current account updated in PVS
02-09 14:53:01.552 I/Finsky  (20533): [49] Current account updated in PVS
02-09 14:53:01.552 I/Finsky  (20533): [63] SCH: Scheduling phonesky job Id: 26-1414141414, CT: 1770611272183, Constraints: [{ L: 43199985, D: 44099985, C: CHARGING_NONE, I: IDLE_NONE, N: NET_NONE, B: BATTERY_ANY }]
02-09 14:53:01.553 I/Finsky  (20533): [49] Current account updated in PVS
02-09 14:53:01.554 I/Finsky  (20533): [52] Current account updated in PVS
02-09 14:53:01.554 I/Finsky  (20533): [53] Current account updated in PVS
02-09 14:53:01.555 I/Finsky  (20533): [53] Current account updated in PVS
02-09 14:53:01.564 I/Finsky  (20533): [60] SCH: Scheduling 1 system job(s)
02-09 14:53:01.564 W/JobInfo (20533): Job 'com.android.vending/com.google.android.finsky.scheduler.process.mainimpl.PhoneskyJobServiceMain#9956' has a deadline with no functional constraints. The deadline won't improve job execution latency. Consider removing the deadline.
02-09 14:53:01.564 I/Finsky  (20533): [60] SCH: Scheduling system job Id: 9956, L: 5690604, D: 6590604, C: false, I: false, N: 0
02-09 14:53:01.565 W/JobInfo (19040): Job 'com.android.vending/com.google.android.finsky.scheduler.process.mainimpl.PhoneskyJobServiceMain#9956' has a deadline with no functional constraints. The deadline won't improve job execution latency. Consider removing the deadline.
02-09 14:53:01.569 I/Finsky  (20533): [158] SCH: job service finished with id 9950.
02-09 14:53:01.569 I/Finsky  (20533): [59] SCH: Scheduling phonesky job Id: 1-1337, CT: 1770648140357, Constraints: [{ L: 16073827, D: 59273827, C: CHARGING_NONE, I: IDLE_NONE, N: NET_ANY, B: BATTERY_ANY }]
02-09 14:53:01.574 I/Finsky  (20533): [55] SCH: Scheduling 1 system job(s)
02-09 14:53:01.576 I/Finsky  (20533): [55] SCH: Scheduling system job Id: 9957, L: 15432610, D: 58632610, C: false, I: false, N: 1
02-09 14:53:01.592 I/Finsky  (20533): [158] SCH: job service finished with id 9954.
02-09 14:53:01.600 I/Finsky  (20533): [2] Memory trim requested to level 40
02-09 14:53:01.602 I/Finsky  (20533): [2] Flushing in-memory image cache
02-09 14:53:01.603 I/Finsky  (20533): [51] Current account updated in PVS
02-09 14:53:01.604 I/Finsky:background(21130): [2] Memory trim requested to level 40
02-09 14:53:01.610 I/Finsky:background(21130): [42] Current account updated in PVS
02-09 14:53:02.152 D/BoundBrokerSvc(20382): onUnbind: Intent { act=com.google.android.gms.common.BIND_SHARED_PREFS xflg=0x4 pkg=com.google.android.gms }
02-09 14:53:02.615 D/TcpSocketTracker/100(19683): data stall suspected, uids: {10155, 10166, 10230}
02-09 14:53:02.638 D/ConnectivityService(19040): Data stall detected with methods: 2
02-09 14:53:02.639 D/NetworkMonitor/100(19683): isDataStall: result=2, tcp packets received=0, latest tcp fail rate=82, consecutive dns timeout count=0
02-09 14:53:02.639 D/NetworkMonitor/100(19683): Suspecting data stall, reevaluate
02-09 14:53:02.999 I/HalDevMgr(19040): bestIfaceCreationProposal is null, requestIface=STA, existingIface=[name=wlan0 type=STA]
02-09 14:53:03.238 D/NetworkMonitor/100(19683): PROBE_DNS www.google.com 594ms OK 142.250.180.4,2a00:1450:400e:809::2004
02-09 14:53:03.263 D/NetworkMonitor/100(19683): PROBE_DNS connectivitycheck.gstatic.com 619ms OK 172.217.23.195,2a00:1450:400e:805::2003
02-09 14:53:03.715 D/NetworkMonitor/100(19683): PROBE_HTTP http://connectivitycheck.gstatic.com/generate_204 time=451ms ret=204 request={Connection=[close], User-Agent=[Mozilla/5.0 (X11; Linux x86_64) AppleWebKit/537.36 (KHTML, like Gecko) Chrome/60.0.3112.32 Safari/537.36]} headers={null=[HTTP/1.1 204 No Content], Connection=[close], Content-Length=[0], Cross-Origin-Resource-Policy=[cross-origin], Date=[Mon, 09 Feb 2026 14:53:21 GMT], X-Android-Received-Millis=[1770648783714], X-Android-Response-Source=[NETWORK 204], X-Android-Selected-Protocol=[http/1.1], X-Android-Sent-Millis=[1770648783278]}
02-09 14:53:03.784 D/NetworkMonitor/100(19683): PROBE_HTTPS https://www.google.com/generate_204 time=537ms ret=204 request={Connection=[close], User-Agent=[Mozilla/5.0 (X11; Linux x86_64) AppleWebKit/537.36 (KHTML, like Gecko) Chrome/60.0.3112.32 Safari/537.36]} headers={null=[HTTP/1.1 204 No Content], Alt-Svc=[h3=":443"; ma=2592000,h3-29=":443"; ma=2592000], Connection=[close], Content-Length=[0], Cross-Origin-Resource-Policy=[cross-origin], Date=[Mon, 09 Feb 2026 14:53:21 GMT], X-Android-Received-Millis=[1770648783780], X-Android-Response-Source=[NETWORK 204], X-Android-Selected-Protocol=[http/1.1], X-Android-Sent-Millis=[1770648783709]}
02-09 14:53:03.787 D/NetworkMonitor/100(19683): isCaptivePortal: isSuccessful()=true isPortal()=false RedirectUrl=null isPartialConnectivity()=false Time=1145ms
02-09 14:53:03.807 D/ConnectivityService(19040): [100 WIFI] validation passed
02-09 14:53:05.193 I/Finsky:background(21130): [41] Stats for Executor: bgExecutor uup@6edb10b[Running, pool size = 4, active threads = 0, queued tasks = 0, completed tasks = 608]
02-09 14:53:05.376 I/Finsky:background(21130): [41] Stats for Executor: LightweightExecutor uup@d446c2c[Running, pool size = 4, active threads = 0, queued tasks = 0, completed tasks = 4402]
02-09 14:53:06.007 I/HalDevMgr(19040): bestIfaceCreationProposal is null, requestIface=STA, existingIface=[name=wlan0 type=STA]
02-09 14:53:06.066 I/Finsky:background(21130): [41] Stats for Executor: BlockingExecutor uup@73dd902[Running, pool size = 0, active threads = 0, queued tasks = 0, completed tasks = 95]
02-09 14:53:07.907 D/BoundBrokerSvc(20382): onUnbind: Intent { act=com.google.android.gms.measurement.START xflg=0x4 pkg=com.google.android.gms }
02-09 14:53:09.014 I/HalDevMgr(19040): bestIfaceCreationProposal is null, requestIface=STA, existingIface=[name=wlan0 type=STA]
02-09 14:53:09.428 W/libbinder.BackendUnifiedServiceManager(23993): Thread Pool max thread count is 0. Cannot cache binder as linkToDeath cannot be implemented. serviceName: package
02-09 14:53:09.521 I/artd    (20248): GetBestInfo: odex next to the dex file (/data/app/~~Ri4OoI6S_XJsFiVFmMlgSA==/com.google.android.gms-nTpiuVu_Zh0lPX1I4eyBtA==/oat/x86_64/base.odex) is kOatUpToDate with filter 'speed-profile' executable 'false'
02-09 14:53:09.525 I/artd    (20248): GetBestInfo: odex next to the dex file (/data/app/~~Ri4OoI6S_XJsFiVFmMlgSA==/com.google.android.gms-nTpiuVu_Zh0lPX1I4eyBtA==/oat/x86_64/split_AdsDynamite_installtime.odex) is kOatUpToDate with filter 'speed' executable 'false'
02-09 14:53:09.526 I/artd    (20248): GetBestInfo: odex next to the dex file (/data/app/~~Ri4OoI6S_XJsFiVFmMlgSA==/com.google.android.gms-nTpiuVu_Zh0lPX1I4eyBtA==/oat/x86_64/split_CronetDynamite_installtime.odex) is kOatUpToDate with filter 'speed' executable 'false'
02-09 14:53:09.528 I/artd    (20248): GetBestInfo: odex next to the dex file (/data/app/~~Ri4OoI6S_XJsFiVFmMlgSA==/com.google.android.gms-nTpiuVu_Zh0lPX1I4eyBtA==/oat/x86_64/split_DynamiteLoader_installtime.odex) is kOatUpToDate with filter 'speed' executable 'false'
02-09 14:53:09.530 I/artd    (20248): GetBestInfo: odex next to the dex file (/data/app/~~Ri4OoI6S_XJsFiVFmMlgSA==/com.google.android.gms-nTpiuVu_Zh0lPX1I4eyBtA==/oat/x86_64/split_DynamiteModulesA_installtime.odex) is kOatUpToDate with filter 'speed' executable 'false'
02-09 14:53:09.532 I/artd    (20248): GetBestInfo: odex next to the dex file (/data/app/~~Ri4OoI6S_XJsFiVFmMlgSA==/com.google.android.gms-nTpiuVu_Zh0lPX1I4eyBtA==/oat/x86_64/split_DynamiteModulesC_installtime.odex) is kOatUpToDate with filter 'speed' executable 'false'
02-09 14:53:09.535 I/artd    (20248): GetBestInfo: odex next to the dex file (/data/app/~~Ri4OoI6S_XJsFiVFmMlgSA==/com.google.android.gms-nTpiuVu_Zh0lPX1I4eyBtA==/oat/x86_64/split_GoogleCertificates_installtime.odex) is kOatUpToDate with filter 'speed' executable 'false'
02-09 14:53:09.536 I/artd    (20248): GetBestInfo: odex next to the dex file (/data/app/~~Ri4OoI6S_XJsFiVFmMlgSA==/com.google.android.gms-nTpiuVu_Zh0lPX1I4eyBtA==/oat/x86_64/split_MapsDynamite_installtime.odex) is kOatUpToDate with filter 'speed' executable 'false'
02-09 14:53:09.537 I/artd    (20248): GetBestInfo: odex next to the dex file (/data/app/~~Ri4OoI6S_XJsFiVFmMlgSA==/com.google.android.gms-nTpiuVu_Zh0lPX1I4eyBtA==/oat/x86_64/split_MeasurementDynamite_installtime.odex) is kOatUpToDate with filter 'speed' executable 'false'
02-09 14:53:09.539 I/artd    (20248): GetBestInfo: odex next to the dex file (/data/app/~~Ri4OoI6S_XJsFiVFmMlgSA==/com.google.android.gms-nTpiuVu_Zh0lPX1I4eyBtA==/oat/x86_64/split_all_locale_splits.odex) is kOatUpToDate with filter 'speed' executable 'false'
02-09 14:53:09.539 I/artd    (20248): GetBestInfo: /data/user_de/0/com.google.android.gms/app_chimera/m/0000000f/dl-VisionOcr.optional_260235100000.apk has no usable artifacts
02-09 14:53:09.540 I/artd    (20248): GetBestInfo: /data/user_de/0/com.google.android.gms/app_chimera/m/00000013/dl-MlkitBarcodeUi.optional_260235100800.apk has no usable artifacts
02-09 14:53:09.541 I/artd    (20248): GetBestInfo: /data/user_de/0/com.google.android.gms/app_chimera/m/00000001/CronetDynamite.apk has no usable artifacts
02-09 14:53:09.542 I/artd    (20248): GetBestInfo: /data/user_de/0/com.google.android.gms/app_chimera/m/0000000a/dl-MlkitBarcodeUi.optional_253434100800.apk has no usable artifacts
02-09 14:53:09.543 I/artd    (20248): GetBestInfo: /data/user_de/0/com.google.android.gms/app_chimera/m/00000002/DynamiteLoader.apk has no usable artifacts
02-09 14:53:09.543 I/artd    (20248): GetBestInfo: /data/user_de/0/com.google.android.gms/app_chimera/m/00000005/GoogleCertificates.apk has no usable artifacts
02-09 14:53:09.544 I/artd    (20248): GetBestInfo: /data/user_de/0/com.google.android.gms/app_chimera/m/00000009/dl-TfliteDynamiteDynamite.integ_252130102100800.apk has no usable artifacts
02-09 14:53:09.546 I/artd    (20248): GetBestInfo: vdex next to the dex file (/data/user/0/com.google.android.gms/app_dg_cache/CF98DA544914DD75038B6CE6DBC852B6C43EC876/oat/x86_64/the.vdex) is kOatUpToDate with filter 'verify' executable 'false'
02-09 14:53:09.547 I/artd    (20248): GetBestInfo: /data/user_de/0/com.google.android.gms/app_chimera/m/00000014/dl-MlkitOcrCommon.optional_260235100800.apk has no usable artifacts
02-09 14:53:09.547 I/artd    (20248): GetBestInfo: /data/user_de/0/com.google.android.gms/app_chimera/m/00000011/dl-Appsearch.optional_260235100800.apk has no usable artifacts
02-09 14:53:09.548 I/artd    (20248): GetBestInfo: /data/user_de/0/com.google.android.gms/app_chimera/m/00000010/dl-PlayCloudSearch.optional_260235100000.apk has no usable artifacts
02-09 14:53:09.549 I/artd    (20248): GetBestInfo: /data/user_de/0/com.google.android.gms/app_chimera/m/0000000b/dl-PlayCloudSearch.optional_253434100000.apk has no usable artifacts
02-09 14:53:09.551 I/artd    (20248): GetBestInfo: /data/user_de/0/com.google.android.gms/app_chimera/m/0000000e/dl-Appsearch.optional_253434100800.apk has no usable artifacts
02-09 14:53:09.552 I/artd    (20248): GetBestInfo: /data/user_de/0/com.google.android.gms/app_chimera/m/00000007/MeasurementDynamite.apk has no usable artifacts
02-09 14:53:11.629 D/ActivityManager(19040): freezing 20533 com.android.vending
02-09 14:53:11.631 D/ActivityManager(19040): freezing 21130 com.android.vending:background
02-09 14:53:11.632 D/InetDiagMessage(19040): Destroyed 0 sockets, proto=IPPROTO_TCP, family=AF_INET, states=14
02-09 14:53:11.632 D/InetDiagMessage(19040): Destroyed 0 sockets, proto=IPPROTO_TCP, family=AF_INET6, states=14
02-09 14:53:11.632 D/InetDiagMessage(19040): Destroyed live tcp sockets for uids={10153} in 1ms
02-09 14:53:12.021 I/HalDevMgr(19040): bestIfaceCreationProposal is null, requestIface=STA, existingIface=[name=wlan0 type=STA]
02-09 14:53:15.030 I/HalDevMgr(19040): bestIfaceCreationProposal is null, requestIface=STA, existingIface=[name=wlan0 type=STA]
02-09 14:53:17.931 D/ActivityManager(19040): freezing 20382 com.google.android.gms
02-09 14:53:18.041 I/HalDevMgr(19040): bestIfaceCreationProposal is null, requestIface=STA, existingIface=[name=wlan0 type=STA]
02-09 14:53:19.426 W/libbinder.BackendUnifiedServiceManager(23997): Thread Pool max thread count is 0. Cannot cache binder as linkToDeath cannot be implemented. serviceName: package
02-09 14:53:19.508 I/artd    (20248): GetBestInfo: odex next to the dex file (/data/app/~~Ri4OoI6S_XJsFiVFmMlgSA==/com.google.android.gms-nTpiuVu_Zh0lPX1I4eyBtA==/oat/x86_64/base.odex) is kOatUpToDate with filter 'speed-profile' executable 'false'
02-09 14:53:19.510 I/artd    (20248): GetBestInfo: odex next to the dex file (/data/app/~~Ri4OoI6S_XJsFiVFmMlgSA==/com.google.android.gms-nTpiuVu_Zh0lPX1I4eyBtA==/oat/x86_64/split_AdsDynamite_installtime.odex) is kOatUpToDate with filter 'speed' executable 'false'
02-09 14:53:19.511 I/artd    (20248): GetBestInfo: odex next to the dex file (/data/app/~~Ri4OoI6S_XJsFiVFmMlgSA==/com.google.android.gms-nTpiuVu_Zh0lPX1I4eyBtA==/oat/x86_64/split_CronetDynamite_installtime.odex) is kOatUpToDate with filter 'speed' executable 'false'
02-09 14:53:19.513 I/artd    (20248): GetBestInfo: odex next to the dex file (/data/app/~~Ri4OoI6S_XJsFiVFmMlgSA==/com.google.android.gms-nTpiuVu_Zh0lPX1I4eyBtA==/oat/x86_64/split_DynamiteLoader_installtime.odex) is kOatUpToDate with filter 'speed' executable 'false'
02-09 14:53:19.514 I/artd    (20248): GetBestInfo: odex next to the dex file (/data/app/~~Ri4OoI6S_XJsFiVFmMlgSA==/com.google.android.gms-nTpiuVu_Zh0lPX1I4eyBtA==/oat/x86_64/split_DynamiteModulesA_installtime.odex) is kOatUpToDate with filter 'speed' executable 'false'
02-09 14:53:19.515 I/artd    (20248): GetBestInfo: odex next to the dex file (/data/app/~~Ri4OoI6S_XJsFiVFmMlgSA==/com.google.android.gms-nTpiuVu_Zh0lPX1I4eyBtA==/oat/x86_64/split_DynamiteModulesC_installtime.odex) is kOatUpToDate with filter 'speed' executable 'false'
02-09 14:53:19.517 I/artd    (20248): GetBestInfo: odex next to the dex file (/data/app/~~Ri4OoI6S_XJsFiVFmMlgSA==/com.google.android.gms-nTpiuVu_Zh0lPX1I4eyBtA==/oat/x86_64/split_GoogleCertificates_installtime.odex) is kOatUpToDate with filter 'speed' executable 'false'
02-09 14:53:19.518 I/artd    (20248): GetBestInfo: odex next to the dex file (/data/app/~~Ri4OoI6S_XJsFiVFmMlgSA==/com.google.android.gms-nTpiuVu_Zh0lPX1I4eyBtA==/oat/x86_64/split_MapsDynamite_installtime.odex) is kOatUpToDate with filter 'speed' executable 'false'
02-09 14:53:19.519 I/artd    (20248): GetBestInfo: odex next to the dex file (/data/app/~~Ri4OoI6S_XJsFiVFmMlgSA==/com.google.android.gms-nTpiuVu_Zh0lPX1I4eyBtA==/oat/x86_64/split_MeasurementDynamite_installtime.odex) is kOatUpToDate with filter 'speed' executable 'false'
02-09 14:53:19.521 I/artd    (20248): GetBestInfo: odex next to the dex file (/data/app/~~Ri4OoI6S_XJsFiVFmMlgSA==/com.google.android.gms-nTpiuVu_Zh0lPX1I4eyBtA==/oat/x86_64/split_all_locale_splits.odex) is kOatUpToDate with filter 'speed' executable 'false'
02-09 14:53:19.522 I/artd    (20248): GetBestInfo: /data/user_de/0/com.google.android.gms/app_chimera/m/0000000f/dl-VisionOcr.optional_260235100000.apk has no usable artifacts
02-09 14:53:19.523 I/artd    (20248): GetBestInfo: /data/user_de/0/com.google.android.gms/app_chimera/m/00000013/dl-MlkitBarcodeUi.optional_260235100800.apk has no usable artifacts
02-09 14:53:19.523 I/artd    (20248): GetBestInfo: /data/user_de/0/com.google.android.gms/app_chimera/m/00000001/CronetDynamite.apk has no usable artifacts
